Using iPad Simulator 08636791-2675-4675-8335-EF72EF954DCF
-- Configuring done (0.1s)
-- Generating done (0.0s)
-- Build files have been written to: /Users/chrissotraidis/GitHub/caesarpad/build/ui-tests
Command line invocation:
    /Applications/Xcode.app/Contents/Developer/usr/bin/xcodebuild -project /Users/chrissotraidis/GitHub/caesarpad/build/ui-tests/CaesarPadUITestHarness.xcodeproj -scheme CaesarPadUITests -configuration Debug -sdk iphonesimulator -derivedDataPath /Users/chrissotraidis/GitHub/caesarpad/build/ui-tests/DerivedData clean

Build settings from command line:
    SDKROOT = iphonesimulator26.5

--- xcodebuild: WARNING: Using the first of multiple matching destinations:
{ platform:iOS Simulator, id:dvtdevice-DVTiOSDeviceSimulatorPlaceholder-iphonesimulator:placeholder, name:Any iOS Simulator Device }
{ platform:iOS Simulator, arch:arm64, id:4B500075-51AB-45B2-BF38-F325507BB905, OS:26.5, name:DaggerPad iPad Pro M2 }
{ platform:iOS Simulator, arch:arm64, id:48B29BDF-DA77-48A2-85F0-5AADFBC4B563, OS:26.5, name:DaggerPad iPad Pro M2 Clean }
{ platform:iOS Simulator, arch:arm64, id:99B296D5-8819-4637-8C62-347E1F49B85F, OS:18.5, name:DaggerPad iPad Pro M2 iOS 18.5 }
{ platform:iOS Simulator, arch:x86_64, id:99B296D5-8819-4637-8C62-347E1F49B85F, OS:18.5, name:DaggerPad iPad Pro M2 iOS 18.5 }
{ platform:iOS Simulator, arch:arm64, id:0309932A-BD06-4561-B889-B4576C42BC22, OS:18.5, name:iPad (A16) }
{ platform:iOS Simulator, arch:x86_64, id:0309932A-BD06-4561-B889-B4576C42BC22, OS:18.5, name:iPad (A16) }
{ platform:iOS Simulator, arch:arm64, id:5C2FD444-A69E-4EF0-83A5-5EDB579015C8, OS:26.5, name:iPad (A16) }
{ platform:iOS Simulator, arch:arm64, id:9C4B6D74-7B8D-4DBC-93E7-5590E45539A8, OS:18.5, name:iPad Air 11-inch (M3) }
{ platform:iOS Simulator, arch:x86_64, id:9C4B6D74-7B8D-4DBC-93E7-5590E45539A8, OS:18.5, name:iPad Air 11-inch (M3) }
{ platform:iOS Simulator, arch:arm64, id:D5BFE5D2-C276-4F9A-B3C1-305C256BED0D, OS:26.5, name:iPad Air 11-inch (M4) }
{ platform:iOS Simulator, arch:arm64, id:EEF37AFD-88A6-44DB-9631-57E00476704F, OS:18.5, name:iPad Air 13-inch (M3) }
{ platform:iOS Simulator, arch:x86_64, id:EEF37AFD-88A6-44DB-9631-57E00476704F, OS:18.5, name:iPad Air 13-inch (M3) }
{ platform:iOS Simulator, arch:arm64, id:151160FE-3DA5-4725-A719-79CCC50EB4AA, OS:26.5, name:iPad Air 13-inch (M4) }
{ platform:iOS Simulator, arch:arm64, id:08636791-2675-4675-8335-EF72EF954DCF, OS:18.5, name:iPad Pro 11-inch (M4) }
{ platform:iOS Simulator, arch:x86_64, id:08636791-2675-4675-8335-EF72EF954DCF, OS:18.5, name:iPad Pro 11-inch (M4) }
{ platform:iOS Simulator, arch:arm64, id:DE8E956F-6B29-4FF3-AF4A-77034CE8588A, OS:26.5, name:iPad Pro 11-inch (M5) }
{ platform:iOS Simulator, arch:arm64, id:02BFE363-AA20-48BD-BBE0-7DBEB4AD8713, OS:18.5, name:iPad Pro 13-inch (M4) }
{ platform:iOS Simulator, arch:x86_64, id:02BFE363-AA20-48BD-BBE0-7DBEB4AD8713, OS:18.5, name:iPad Pro 13-inch (M4) }
{ platform:iOS Simulator, arch:arm64, id:68016FEA-1887-4E05-A7F4-B26EC8572B8A, OS:26.5, name:iPad Pro 13-inch (M5) }
{ platform:iOS Simulator, arch:arm64, id:7D8C148F-3B11-43B3-A032-0D6DBE40C366, OS:18.5, name:iPad mini (A17 Pro) }
{ platform:iOS Simulator, arch:x86_64, id:7D8C148F-3B11-43B3-A032-0D6DBE40C366, OS:18.5, name:iPad mini (A17 Pro) }
{ platform:iOS Simulator, arch:arm64, id:6F31C8CB-2FEE-4258-AD75-C672BB4AB3BA, OS:26.5, name:iPad mini (A17 Pro) }
CreateBuildRequest

SendProjectDescription

CreateBuildOperation

** CLEAN SUCCEEDED **

Command line invocation:
    /Applications/Xcode.app/Contents/Developer/usr/bin/xcodebuild -project /Users/chrissotraidis/GitHub/caesarpad/build/ui-tests/CaesarPadUITestHarness.xcodeproj -scheme CaesarPadUITests -configuration Debug -sdk iphonesimulator -destination "platform=iOS Simulator,id=08636791-2675-4675-8335-EF72EF954DCF" -derivedDataPath /Users/chrissotraidis/GitHub/caesarpad/build/ui-tests/DerivedData -resultBundlePath artifacts/public-preview/touch-stable-1.xcresult CODE_SIGN_IDENTITY= CODE_SIGNING_REQUIRED=NO CODE_SIGNING_ALLOWED=NO "-only-testing:CaesarPadUITests/CaesarPadUITests/testMinimalTouchControls" test

Build settings from command line:
    CODE_SIGN_IDENTITY =
    CODE_SIGNING_ALLOWED = NO
    CODE_SIGNING_REQUIRED = NO
    SDKROOT = iphonesimulator26.5

Writing result bundle at path:
	/Users/chrissotraidis/GitHub/caesarpad/artifacts/public-preview/touch-stable-1.xcresult

--- xcodebuild: WARNING: Using the first of multiple matching destinations:
{ platform:iOS Simulator, arch:arm64, id:08636791-2675-4675-8335-EF72EF954DCF, OS:18.5, name:iPad Pro 11-inch (M4) }
{ platform:iOS Simulator, arch:x86_64, id:08636791-2675-4675-8335-EF72EF954DCF, OS:18.5, name:iPad Pro 11-inch (M4) }
note: Using codesigning identity override:
ComputePackagePrebuildTargetDependencyGraph

CreateBuildRequest

SendProjectDescription

CreateBuildOperation

ComputeTargetDependencyGraph
note: Building targets in dependency order
note: Target dependency graph (3 targets)
    Target 'CaesarPadUITests' in project 'CaesarPadUITestHarness'
        ➜ Explicit dependency on target 'CaesarPadTestHost' in project 'CaesarPadUITestHarness'
        ➜ Explicit dependency on target 'ZERO_CHECK' in project 'CaesarPadUITestHarness'
    Target 'CaesarPadTestHost' in project 'CaesarPadUITestHarness'
        ➜ Explicit dependency on target 'ZERO_CHECK' in project 'CaesarPadUITestHarness'
    Target 'ZERO_CHECK' in project 'CaesarPadUITestHarness' (no dependencies)

GatherProvisioningInputs

CreateBuildDescription

ExecuteExternalTool /Applications/Xcode.app/Contents/Developer/Toolchains/XcodeDefault.xctoolchain/usr/bin/clang -v -E -dM -isysroot /Applications/Xcode.app/Contents/Developer/Platforms/iPhoneSimulator.platform/Developer/SDKs/iPhoneSimulator26.5.sdk -x c -c /dev/null

ExecuteExternalTool /Applications/Xcode.app/Contents/Developer/Toolchains/XcodeDefault.xctoolchain/usr/bin/swiftc --version

ExecuteExternalTool /Applications/Xcode.app/Contents/Developer/Toolchains/XcodeDefault.xctoolchain/usr/bin/ld -version_details

Build description signature: 96a2c2cc2a2b432551bf9e104426c442
Build description path: /Users/chrissotraidis/GitHub/caesarpad/build/ui-tests/build/XCBuildData/96a2c2cc2a2b432551bf9e104426c442.xcbuilddata
ClangStatCache /Applications/Xcode.app/Contents/Developer/Toolchains/XcodeDefault.xctoolchain/usr/bin/clang-stat-cache /Applications/Xcode.app/Contents/Developer/Platforms/iPhoneSimulator.platform/Developer/SDKs/iPhoneSimulator26.5.sdk /Users/chrissotraidis/GitHub/caesarpad/build/ui-tests/DerivedData/SDKStatCaches.noindex/iphonesimulator26.5-23F81a-6cfe768891a92b912361537c460fe42b.sdkstatcache
    cd /Users/chrissotraidis/GitHub/caesarpad/build/ui-tests/CaesarPadUITestHarness.xcodeproj
    /Applications/Xcode.app/Contents/Developer/Toolchains/XcodeDefault.xctoolchain/usr/bin/clang-stat-cache /Applications/Xcode.app/Contents/Developer/Platforms/iPhoneSimulator.platform/Developer/SDKs/iPhoneSimulator26.5.sdk -o /Users/chrissotraidis/GitHub/caesarpad/build/ui-tests/DerivedData/SDKStatCaches.noindex/iphonesimulator26.5-23F81a-6cfe768891a92b912361537c460fe42b.sdkstatcache

CreateBuildDirectory /Users/chrissotraidis/GitHub/caesarpad/build/ui-tests/build
    cd /Users/chrissotraidis/GitHub/caesarpad/build/ui-tests/CaesarPadUITestHarness.xcodeproj
    builtin-create-build-directory /Users/chrissotraidis/GitHub/caesarpad/build/ui-tests/build

CreateBuildDirectory /Users/chrissotraidis/GitHub/caesarpad/build/ui-tests/Debug-iphonesimulator
    cd /Users/chrissotraidis/GitHub/caesarpad/build/ui-tests/CaesarPadUITestHarness.xcodeproj
    builtin-create-build-directory /Users/chrissotraidis/GitHub/caesarpad/build/ui-tests/Debug-iphonesimulator

CreateBuildDirectory /Users/chrissotraidis/GitHub/caesarpad/build/ui-tests/build/SwiftExplicitPrecompiledModules
    cd /Users/chrissotraidis/GitHub/caesarpad/build/ui-tests/CaesarPadUITestHarness.xcodeproj
    builtin-create-build-directory /Users/chrissotraidis/GitHub/caesarpad/build/ui-tests/build/SwiftExplicitPrecompiledModules

CreateBuildDirectory /Users/chrissotraidis/GitHub/caesarpad/build/ui-tests/build/ExplicitPrecompiledModules
    cd /Users/chrissotraidis/GitHub/caesarpad/build/ui-tests/CaesarPadUITestHarness.xcodeproj
    builtin-create-build-directory /Users/chrissotraidis/GitHub/caesarpad/build/ui-tests/build/ExplicitPrecompiledModules

CreateBuildDirectory /Users/chrissotraidis/GitHub/caesarpad/build/ui-tests/build/Debug-iphonesimulator
    cd /Users/chrissotraidis/GitHub/caesarpad/build/ui-tests/CaesarPadUITestHarness.xcodeproj
    builtin-create-build-directory /Users/chrissotraidis/GitHub/caesarpad/build/ui-tests/build/Debug-iphonesimulator

CreateBuildDirectory /Users/chrissotraidis/GitHub/caesarpad/build/ui-tests/build/EagerLinkingTBDs/Debug-iphonesimulator
    cd /Users/chrissotraidis/GitHub/caesarpad/build/ui-tests/CaesarPadUITestHarness.xcodeproj
    builtin-create-build-directory /Users/chrissotraidis/GitHub/caesarpad/build/ui-tests/build/EagerLinkingTBDs/Debug-iphonesimulator

WriteAuxiliaryFile /Users/chrissotraidis/GitHub/caesarpad/build/ui-tests/build/CaesarPadUITestHarness.build/Debug-iphonesimulator/ZERO_CHECK.build/Script-CF01EF5532D6E2A1461A5E05.sh (in target 'ZERO_CHECK' from project 'CaesarPadUITestHarness')
    cd /Users/chrissotraidis/GitHub/caesarpad/tests/ui
    write-file /Users/chrissotraidis/GitHub/caesarpad/build/ui-tests/build/CaesarPadUITestHarness.build/Debug-iphonesimulator/ZERO_CHECK.build/Script-CF01EF5532D6E2A1461A5E05.sh

WriteAuxiliaryFile /Users/chrissotraidis/GitHub/caesarpad/build/ui-tests/build/CaesarPadUITests.build/Debug-iphonesimulator/ProductTypeInfoPlistAdditions.plist (in target 'CaesarPadUITests' from project 'CaesarPadUITestHarness')
    cd /Users/chrissotraidis/GitHub/caesarpad/tests/ui
    write-file /Users/chrissotraidis/GitHub/caesarpad/build/ui-tests/build/CaesarPadUITests.build/Debug-iphonesimulator/ProductTypeInfoPlistAdditions.plist

WriteAuxiliaryFile /Users/chrissotraidis/GitHub/caesarpad/build/ui-tests/build/CaesarPadUITests.build/Debug-iphonesimulator/CaesarPadUITests.DependencyStaticMetadataFileList (in target 'CaesarPadUITests' from project 'CaesarPadUITestHarness')
    cd /Users/chrissotraidis/GitHub/caesarpad/tests/ui
    write-file /Users/chrissotraidis/GitHub/caesarpad/build/ui-tests/build/CaesarPadUITests.build/Debug-iphonesimulator/CaesarPadUITests.DependencyStaticMetadataFileList

WriteAuxiliaryFile /Users/chrissotraidis/GitHub/caesarpad/build/ui-tests/build/CaesarPadUITests.build/Debug-iphonesimulator/Objects-normal/arm64/CaesarPadUITests.LinkFileList (in target 'CaesarPadUITests' from project 'CaesarPadUITestHarness')
    cd /Users/chrissotraidis/GitHub/caesarpad/tests/ui
    write-file /Users/chrissotraidis/GitHub/caesarpad/build/ui-tests/build/CaesarPadUITests.build/Debug-iphonesimulator/Objects-normal/arm64/CaesarPadUITests.LinkFileList

WriteAuxiliaryFile /Users/chrissotraidis/GitHub/caesarpad/build/ui-tests/build/CaesarPadUITests.build/Debug-iphonesimulator/Objects-normal/arm64/CaesarPadUITests_const_extract_protocols.json (in target 'CaesarPadUITests' from project 'CaesarPadUITestHarness')
    cd /Users/chrissotraidis/GitHub/caesarpad/tests/ui
    write-file /Users/chrissotraidis/GitHub/caesarpad/build/ui-tests/build/CaesarPadUITests.build/Debug-iphonesimulator/Objects-normal/arm64/CaesarPadUITests_const_extract_protocols.json

WriteAuxiliaryFile /Users/chrissotraidis/GitHub/caesarpad/build/ui-tests/build/CaesarPadUITests.build/Debug-iphonesimulator/Objects-normal/arm64/CaesarPadUITests.SwiftConstValuesFileList (in target 'CaesarPadUITests' from project 'CaesarPadUITestHarness')
    cd /Users/chrissotraidis/GitHub/caesarpad/tests/ui
    write-file /Users/chrissotraidis/GitHub/caesarpad/build/ui-tests/build/CaesarPadUITests.build/Debug-iphonesimulator/Objects-normal/arm64/CaesarPadUITests.SwiftConstValuesFileList

WriteAuxiliaryFile /Users/chrissotraidis/GitHub/caesarpad/build/ui-tests/build/CaesarPadUITests.build/Debug-iphonesimulator/Objects-normal/arm64/CaesarPadUITests-OutputFileMap.json (in target 'CaesarPadUITests' from project 'CaesarPadUITestHarness')
    cd /Users/chrissotraidis/GitHub/caesarpad/tests/ui
    write-file /Users/chrissotraidis/GitHub/caesarpad/build/ui-tests/build/CaesarPadUITests.build/Debug-iphonesimulator/Objects-normal/arm64/CaesarPadUITests-OutputFileMap.json

WriteAuxiliaryFile /Users/chrissotraidis/GitHub/caesarpad/build/ui-tests/build/CaesarPadUITests.build/Debug-iphonesimulator/Objects-normal/arm64/CaesarPadUITests.SwiftFileList (in target 'CaesarPadUITests' from project 'CaesarPadUITestHarness')
    cd /Users/chrissotraidis/GitHub/caesarpad/tests/ui
    write-file /Users/chrissotraidis/GitHub/caesarpad/build/ui-tests/build/CaesarPadUITests.build/Debug-iphonesimulator/Objects-normal/arm64/CaesarPadUITests.SwiftFileList

PhaseScriptExecution Generate\ CMakeFiles/ZERO_CHECK /Users/chrissotraidis/GitHub/caesarpad/build/ui-tests/build/CaesarPadUITestHarness.build/Debug-iphonesimulator/ZERO_CHECK.build/Script-CF01EF5532D6E2A1461A5E05.sh (in target 'ZERO_CHECK' from project 'CaesarPadUITestHarness')
    cd /Users/chrissotraidis/GitHub/caesarpad/tests/ui
    /bin/sh -c /Users/chrissotraidis/GitHub/caesarpad/build/ui-tests/build/CaesarPadUITestHarness.build/Debug-iphonesimulator/ZERO_CHECK.build/Script-CF01EF5532D6E2A1461A5E05.sh
make: `/Users/chrissotraidis/GitHub/caesarpad/build/ui-tests/CMakeFiles/cmake.check_cache' is up to date.

WriteAuxiliaryFile /Users/chrissotraidis/GitHub/caesarpad/build/ui-tests/build/CaesarPadUITests.build/Debug-iphonesimulator/CaesarPadUITests.DependencyMetadataFileList (in target 'CaesarPadUITests' from project 'CaesarPadUITestHarness')
    cd /Users/chrissotraidis/GitHub/caesarpad/tests/ui
    write-file /Users/chrissotraidis/GitHub/caesarpad/build/ui-tests/build/CaesarPadUITests.build/Debug-iphonesimulator/CaesarPadUITests.DependencyMetadataFileList

WriteAuxiliaryFile /Users/chrissotraidis/GitHub/caesarpad/build/ui-tests/build/CaesarPadTestHost.build/Debug-iphonesimulator/Objects-normal/arm64/CaesarPadTestHost_const_extract_protocols.json (in target 'CaesarPadTestHost' from project 'CaesarPadUITestHarness')
    cd /Users/chrissotraidis/GitHub/caesarpad/tests/ui
    write-file /Users/chrissotraidis/GitHub/caesarpad/build/ui-tests/build/CaesarPadTestHost.build/Debug-iphonesimulator/Objects-normal/arm64/CaesarPadTestHost_const_extract_protocols.json

WriteAuxiliaryFile /Users/chrissotraidis/GitHub/caesarpad/build/ui-tests/build/CaesarPadTestHost.build/Debug-iphonesimulator/Objects-normal/arm64/CaesarPadTestHost.SwiftFileList (in target 'CaesarPadTestHost' from project 'CaesarPadUITestHarness')
    cd /Users/chrissotraidis/GitHub/caesarpad/tests/ui
    write-file /Users/chrissotraidis/GitHub/caesarpad/build/ui-tests/build/CaesarPadTestHost.build/Debug-iphonesimulator/Objects-normal/arm64/CaesarPadTestHost.SwiftFileList

WriteAuxiliaryFile /Users/chrissotraidis/GitHub/caesarpad/build/ui-tests/build/CaesarPadTestHost.build/Debug-iphonesimulator/Objects-normal/arm64/CaesarPadTestHost.SwiftConstValuesFileList (in target 'CaesarPadTestHost' from project 'CaesarPadUITestHarness')
    cd /Users/chrissotraidis/GitHub/caesarpad/tests/ui
    write-file /Users/chrissotraidis/GitHub/caesarpad/build/ui-tests/build/CaesarPadTestHost.build/Debug-iphonesimulator/Objects-normal/arm64/CaesarPadTestHost.SwiftConstValuesFileList

WriteAuxiliaryFile /Users/chrissotraidis/GitHub/caesarpad/build/ui-tests/build/CaesarPadTestHost.build/Debug-iphonesimulator/Objects-normal/arm64/CaesarPadTestHost.LinkFileList (in target 'CaesarPadTestHost' from project 'CaesarPadUITestHarness')
    cd /Users/chrissotraidis/GitHub/caesarpad/tests/ui
    write-file /Users/chrissotraidis/GitHub/caesarpad/build/ui-tests/build/CaesarPadTestHost.build/Debug-iphonesimulator/Objects-normal/arm64/CaesarPadTestHost.LinkFileList

WriteAuxiliaryFile /Users/chrissotraidis/GitHub/caesarpad/build/ui-tests/build/CaesarPadTestHost.build/Debug-iphonesimulator/Objects-normal/arm64/CaesarPadTestHost-OutputFileMap.json (in target 'CaesarPadTestHost' from project 'CaesarPadUITestHarness')
    cd /Users/chrissotraidis/GitHub/caesarpad/tests/ui
    write-file /Users/chrissotraidis/GitHub/caesarpad/build/ui-tests/build/CaesarPadTestHost.build/Debug-iphonesimulator/Objects-normal/arm64/CaesarPadTestHost-OutputFileMap.json

WriteAuxiliaryFile /Users/chrissotraidis/GitHub/caesarpad/build/ui-tests/build/CaesarPadTestHost.build/Debug-iphonesimulator/CaesarPadTestHost.DependencyMetadataFileList (in target 'CaesarPadTestHost' from project 'CaesarPadUITestHarness')
    cd /Users/chrissotraidis/GitHub/caesarpad/tests/ui
    write-file /Users/chrissotraidis/GitHub/caesarpad/build/ui-tests/build/CaesarPadTestHost.build/Debug-iphonesimulator/CaesarPadTestHost.DependencyMetadataFileList

WriteAuxiliaryFile /Users/chrissotraidis/GitHub/caesarpad/build/ui-tests/build/CaesarPadTestHost.build/Debug-iphonesimulator/CaesarPadTestHost.DependencyStaticMetadataFileList (in target 'CaesarPadTestHost' from project 'CaesarPadUITestHarness')
    cd /Users/chrissotraidis/GitHub/caesarpad/tests/ui
    write-file /Users/chrissotraidis/GitHub/caesarpad/build/ui-tests/build/CaesarPadTestHost.build/Debug-iphonesimulator/CaesarPadTestHost.DependencyStaticMetadataFileList

MkDir /Users/chrissotraidis/GitHub/caesarpad/build/ui-tests/Debug-iphonesimulator/CaesarPadUITests-Runner.app/PlugIns/CaesarPadUITests.xctest (in target 'CaesarPadUITests' from project 'CaesarPadUITestHarness')
    cd /Users/chrissotraidis/GitHub/caesarpad/tests/ui
    /bin/mkdir -p /Users/chrissotraidis/GitHub/caesarpad/build/ui-tests/Debug-iphonesimulator/CaesarPadUITests-Runner.app/PlugIns/CaesarPadUITests.xctest

MkDir /Users/chrissotraidis/GitHub/caesarpad/build/ui-tests/Debug-iphonesimulator/CaesarPadTestHost.app (in target 'CaesarPadTestHost' from project 'CaesarPadUITestHarness')
    cd /Users/chrissotraidis/GitHub/caesarpad/tests/ui
    /bin/mkdir -p /Users/chrissotraidis/GitHub/caesarpad/build/ui-tests/Debug-iphonesimulator/CaesarPadTestHost.app

ProcessInfoPlistFile /Users/chrissotraidis/GitHub/caesarpad/build/ui-tests/Debug-iphonesimulator/CaesarPadTestHost.app/Info.plist /Users/chrissotraidis/GitHub/caesarpad/build/ui-tests/CMakeFiles/CaesarPadTestHost.dir/Info.plist (in target 'CaesarPadTestHost' from project 'CaesarPadUITestHarness')
    cd /Users/chrissotraidis/GitHub/caesarpad/tests/ui
    builtin-infoPlistUtility /Users/chrissotraidis/GitHub/caesarpad/build/ui-tests/CMakeFiles/CaesarPadTestHost.dir/Info.plist -producttype com.apple.product-type.application -genpkginfo /Users/chrissotraidis/GitHub/caesarpad/build/ui-tests/Debug-iphonesimulator/CaesarPadTestHost.app/PkgInfo -expandbuildsettings -format binary -platform iphonesimulator -o /Users/chrissotraidis/GitHub/caesarpad/build/ui-tests/Debug-iphonesimulator/CaesarPadTestHost.app/Info.plist

SwiftDriver CaesarPadTestHost normal arm64 com.apple.xcode.tools.swift.compiler (in target 'CaesarPadTestHost' from project 'CaesarPadUITestHarness')
    cd /Users/chrissotraidis/GitHub/caesarpad/tests/ui
    builtin-SwiftDriver -- /Applications/Xcode.app/Contents/Developer/Toolchains/XcodeDefault.xctoolchain/usr/bin/swiftc -module-name CaesarPadTestHost -O @/Users/chrissotraidis/GitHub/caesarpad/build/ui-tests/build/CaesarPadTestHost.build/Debug-iphonesimulator/Objects-normal/arm64/CaesarPadTestHost.SwiftFileList -Onone -enable-bare-slash-regex -enable-experimental-feature DebugDescriptionMacro -sdk /Applications/Xcode.app/Contents/Developer/Platforms/iPhoneSimulator.platform/Developer/SDKs/iPhoneSimulator26.5.sdk -target arm64-apple-ios15.0-simulator -g -module-cache-path /Users/chrissotraidis/GitHub/caesarpad/build/ui-tests/DerivedData/ModuleCache.noindex -Xfrontend -serialize-debugging-options -Xcc -D_LIBCPP_HARDENING_MODE\=_LIBCPP_HARDENING_MODE_DEBUG -swift-version 4 -I /Users/chrissotraidis/GitHub/caesarpad/build/ui-tests/Debug-iphonesimulator -F /Users/chrissotraidis/GitHub/caesarpad/build/ui-tests/Debug-iphonesimulator -parse-as-library -c -j8 -enable-batch-mode -incremental -Xcc -ivfsstatcache -Xcc /Users/chrissotraidis/GitHub/caesarpad/build/ui-tests/DerivedData/SDKStatCaches.noindex/iphonesimulator26.5-23F81a-6cfe768891a92b912361537c460fe42b.sdkstatcache -output-file-map /Users/chrissotraidis/GitHub/caesarpad/build/ui-tests/build/CaesarPadTestHost.build/Debug-iphonesimulator/Objects-normal/arm64/CaesarPadTestHost-OutputFileMap.json -use-frontend-parseable-output -save-temps -no-color-diagnostics -serialize-diagnostics -emit-dependencies -emit-module -emit-module-path /Users/chrissotraidis/GitHub/caesarpad/build/ui-tests/build/CaesarPadTestHost.build/Debug-iphonesimulator/Objects-normal/arm64/CaesarPadTestHost.swiftmodule -validate-clang-modules-once -clang-build-session-file /Users/chrissotraidis/GitHub/caesarpad/build/ui-tests/DerivedData/ModuleCache.noindex/Session.modulevalidation -Xcc -I/Users/chrissotraidis/GitHub/caesarpad/build/ui-tests/build/CaesarPadTestHost.build/Debug-iphonesimulator/swift-overrides.hmap -emit-const-values -Xfrontend -const-gather-protocols-file -Xfrontend /Users/chrissotraidis/GitHub/caesarpad/build/ui-tests/build/CaesarPadTestHost.build/Debug-iphonesimulator/Objects-normal/arm64/CaesarPadTestHost_const_extract_protocols.json -Xcc -I/Users/chrissotraidis/GitHub/caesarpad/build/ui-tests/Debug-iphonesimulator/include -Xcc -I/Users/chrissotraidis/GitHub/caesarpad/build/ui-tests/build/CaesarPadTestHost.build/Debug-iphonesimulator/DerivedSources-normal/arm64 -Xcc -I/Users/chrissotraidis/GitHub/caesarpad/build/ui-tests/build/CaesarPadTestHost.build/Debug-iphonesimulator/DerivedSources/arm64 -Xcc -I/Users/chrissotraidis/GitHub/caesarpad/build/ui-tests/build/CaesarPadTestHost.build/Debug-iphonesimulator/DerivedSources -Xcc -DCMAKE_INTDIR\=\"Debug-iphonesimulator\" -emit-objc-header -emit-objc-header-path /Users/chrissotraidis/GitHub/caesarpad/build/ui-tests/build/CaesarPadTestHost.build/Debug-iphonesimulator/Objects-normal/arm64/CaesarPadTestHost-Swift.h -working-directory /Users/chrissotraidis/GitHub/caesarpad/tests/ui -experimental-emit-module-separately -disable-cmo

SwiftEmitModule normal arm64 Emitting\ module\ for\ CaesarPadTestHost (in target 'CaesarPadTestHost' from project 'CaesarPadUITestHarness')

SwiftCompile normal arm64 /Users/chrissotraidis/GitHub/caesarpad/tests/ui/HostApp.swift (in target 'CaesarPadTestHost' from project 'CaesarPadUITestHarness')
    cd /Users/chrissotraidis/GitHub/caesarpad/tests/ui


SwiftCompile normal arm64 Compiling\ HostApp.swift /Users/chrissotraidis/GitHub/caesarpad/tests/ui/HostApp.swift (in target 'CaesarPadTestHost' from project 'CaesarPadUITestHarness')
SwiftCompile normal arm64 /Users/chrissotraidis/GitHub/caesarpad/tests/ui/HostApp.swift (in target 'CaesarPadTestHost' from project 'CaesarPadUITestHarness')
    cd /Users/chrissotraidis/GitHub/caesarpad/tests/ui


SwiftDriverJobDiscovery normal arm64 Emitting module for CaesarPadTestHost (in target 'CaesarPadTestHost' from project 'CaesarPadUITestHarness')

SwiftDriver\ Compilation\ Requirements CaesarPadTestHost normal arm64 com.apple.xcode.tools.swift.compiler (in target 'CaesarPadTestHost' from project 'CaesarPadUITestHarness')
    cd /Users/chrissotraidis/GitHub/caesarpad/tests/ui
    builtin-Swift-Compilation-Requirements -- /Applications/Xcode.app/Contents/Developer/Toolchains/XcodeDefault.xctoolchain/usr/bin/swiftc -module-name CaesarPadTestHost -O @/Users/chrissotraidis/GitHub/caesarpad/build/ui-tests/build/CaesarPadTestHost.build/Debug-iphonesimulator/Objects-normal/arm64/CaesarPadTestHost.SwiftFileList -Onone -enable-bare-slash-regex -enable-experimental-feature DebugDescriptionMacro -sdk /Applications/Xcode.app/Contents/Developer/Platforms/iPhoneSimulator.platform/Developer/SDKs/iPhoneSimulator26.5.sdk -target arm64-apple-ios15.0-simulator -g -module-cache-path /Users/chrissotraidis/GitHub/caesarpad/build/ui-tests/DerivedData/ModuleCache.noindex -Xfrontend -serialize-debugging-options -Xcc -D_LIBCPP_HARDENING_MODE\=_LIBCPP_HARDENING_MODE_DEBUG -swift-version 4 -I /Users/chrissotraidis/GitHub/caesarpad/build/ui-tests/Debug-iphonesimulator -F /Users/chrissotraidis/GitHub/caesarpad/build/ui-tests/Debug-iphonesimulator -parse-as-library -c -j8 -enable-batch-mode -incremental -Xcc -ivfsstatcache -Xcc /Users/chrissotraidis/GitHub/caesarpad/build/ui-tests/DerivedData/SDKStatCaches.noindex/iphonesimulator26.5-23F81a-6cfe768891a92b912361537c460fe42b.sdkstatcache -output-file-map /Users/chrissotraidis/GitHub/caesarpad/build/ui-tests/build/CaesarPadTestHost.build/Debug-iphonesimulator/Objects-normal/arm64/CaesarPadTestHost-OutputFileMap.json -use-frontend-parseable-output -save-temps -no-color-diagnostics -serialize-diagnostics -emit-dependencies -emit-module -emit-module-path /Users/chrissotraidis/GitHub/caesarpad/build/ui-tests/build/CaesarPadTestHost.build/Debug-iphonesimulator/Objects-normal/arm64/CaesarPadTestHost.swiftmodule -validate-clang-modules-once -clang-build-session-file /Users/chrissotraidis/GitHub/caesarpad/build/ui-tests/DerivedData/ModuleCache.noindex/Session.modulevalidation -Xcc -I/Users/chrissotraidis/GitHub/caesarpad/build/ui-tests/build/CaesarPadTestHost.build/Debug-iphonesimulator/swift-overrides.hmap -emit-const-values -Xfrontend -const-gather-protocols-file -Xfrontend /Users/chrissotraidis/GitHub/caesarpad/build/ui-tests/build/CaesarPadTestHost.build/Debug-iphonesimulator/Objects-normal/arm64/CaesarPadTestHost_const_extract_protocols.json -Xcc -I/Users/chrissotraidis/GitHub/caesarpad/build/ui-tests/Debug-iphonesimulator/include -Xcc -I/Users/chrissotraidis/GitHub/caesarpad/build/ui-tests/build/CaesarPadTestHost.build/Debug-iphonesimulator/DerivedSources-normal/arm64 -Xcc -I/Users/chrissotraidis/GitHub/caesarpad/build/ui-tests/build/CaesarPadTestHost.build/Debug-iphonesimulator/DerivedSources/arm64 -Xcc -I/Users/chrissotraidis/GitHub/caesarpad/build/ui-tests/build/CaesarPadTestHost.build/Debug-iphonesimulator/DerivedSources -Xcc -DCMAKE_INTDIR\=\"Debug-iphonesimulator\" -emit-objc-header -emit-objc-header-path /Users/chrissotraidis/GitHub/caesarpad/build/ui-tests/build/CaesarPadTestHost.build/Debug-iphonesimulator/Objects-normal/arm64/CaesarPadTestHost-Swift.h -working-directory /Users/chrissotraidis/GitHub/caesarpad/tests/ui -experimental-emit-module-separately -disable-cmo

SwiftMergeGeneratedHeaders /Users/chrissotraidis/GitHub/caesarpad/build/ui-tests/build/CaesarPadTestHost.build/Debug-iphonesimulator/DerivedSources/CaesarPadTestHost-Swift.h /Users/chrissotraidis/GitHub/caesarpad/build/ui-tests/build/CaesarPadTestHost.build/Debug-iphonesimulator/Objects-normal/arm64/CaesarPadTestHost-Swift.h (in target 'CaesarPadTestHost' from project 'CaesarPadUITestHarness')
    cd /Users/chrissotraidis/GitHub/caesarpad/tests/ui
    builtin-swiftHeaderTool -arch arm64 /Users/chrissotraidis/GitHub/caesarpad/build/ui-tests/build/CaesarPadTestHost.build/Debug-iphonesimulator/Objects-normal/arm64/CaesarPadTestHost-Swift.h -o /Users/chrissotraidis/GitHub/caesarpad/build/ui-tests/build/CaesarPadTestHost.build/Debug-iphonesimulator/DerivedSources/CaesarPadTestHost-Swift.h

Copy /Users/chrissotraidis/GitHub/caesarpad/build/ui-tests/Debug-iphonesimulator/CaesarPadTestHost.swiftmodule/arm64-apple-ios-simulator.abi.json /Users/chrissotraidis/GitHub/caesarpad/build/ui-tests/build/CaesarPadTestHost.build/Debug-iphonesimulator/Objects-normal/arm64/CaesarPadTestHost.abi.json (in target 'CaesarPadTestHost' from project 'CaesarPadUITestHarness')
    cd /Users/chrissotraidis/GitHub/caesarpad/tests/ui
    builtin-copy -exclude .DS_Store -exclude CVS -exclude .svn -exclude .git -exclude .hg -strip-unsigned-binaries -strip-deterministic -strip-tool /Applications/Xcode.app/Contents/Developer/Toolchains/XcodeDefault.xctoolchain/usr/bin/strip -resolve-src-symlinks -rename /Users/chrissotraidis/GitHub/caesarpad/build/ui-tests/build/CaesarPadTestHost.build/Debug-iphonesimulator/Objects-normal/arm64/CaesarPadTestHost.abi.json /Users/chrissotraidis/GitHub/caesarpad/build/ui-tests/Debug-iphonesimulator/CaesarPadTestHost.swiftmodule/arm64-apple-ios-simulator.abi.json

Copy /Users/chrissotraidis/GitHub/caesarpad/build/ui-tests/Debug-iphonesimulator/CaesarPadTestHost.swiftmodule/arm64-apple-ios-simulator.swiftdoc /Users/chrissotraidis/GitHub/caesarpad/build/ui-tests/build/CaesarPadTestHost.build/Debug-iphonesimulator/Objects-normal/arm64/CaesarPadTestHost.swiftdoc (in target 'CaesarPadTestHost' from project 'CaesarPadUITestHarness')
    cd /Users/chrissotraidis/GitHub/caesarpad/tests/ui
    builtin-copy -exclude .DS_Store -exclude CVS -exclude .svn -exclude .git -exclude .hg -strip-unsigned-binaries -strip-deterministic -strip-tool /Applications/Xcode.app/Contents/Developer/Toolchains/XcodeDefault.xctoolchain/usr/bin/strip -resolve-src-symlinks -rename /Users/chrissotraidis/GitHub/caesarpad/build/ui-tests/build/CaesarPadTestHost.build/Debug-iphonesimulator/Objects-normal/arm64/CaesarPadTestHost.swiftdoc /Users/chrissotraidis/GitHub/caesarpad/build/ui-tests/Debug-iphonesimulator/CaesarPadTestHost.swiftmodule/arm64-apple-ios-simulator.swiftdoc

Copy /Users/chrissotraidis/GitHub/caesarpad/build/ui-tests/Debug-iphonesimulator/CaesarPadTestHost.swiftmodule/arm64-apple-ios-simulator.swiftmodule /Users/chrissotraidis/GitHub/caesarpad/build/ui-tests/build/CaesarPadTestHost.build/Debug-iphonesimulator/Objects-normal/arm64/CaesarPadTestHost.swiftmodule (in target 'CaesarPadTestHost' from project 'CaesarPadUITestHarness')
    cd /Users/chrissotraidis/GitHub/caesarpad/tests/ui
    builtin-copy -exclude .DS_Store -exclude CVS -exclude .svn -exclude .git -exclude .hg -strip-unsigned-binaries -strip-deterministic -strip-tool /Applications/Xcode.app/Contents/Developer/Toolchains/XcodeDefault.xctoolchain/usr/bin/strip -resolve-src-symlinks -rename /Users/chrissotraidis/GitHub/caesarpad/build/ui-tests/build/CaesarPadTestHost.build/Debug-iphonesimulator/Objects-normal/arm64/CaesarPadTestHost.swiftmodule /Users/chrissotraidis/GitHub/caesarpad/build/ui-tests/Debug-iphonesimulator/CaesarPadTestHost.swiftmodule/arm64-apple-ios-simulator.swiftmodule

Copy /Users/chrissotraidis/GitHub/caesarpad/build/ui-tests/Debug-iphonesimulator/CaesarPadTestHost.swiftmodule/Project/arm64-apple-ios-simulator.swiftsourceinfo /Users/chrissotraidis/GitHub/caesarpad/build/ui-tests/build/CaesarPadTestHost.build/Debug-iphonesimulator/Objects-normal/arm64/CaesarPadTestHost.swiftsourceinfo (in target 'CaesarPadTestHost' from project 'CaesarPadUITestHarness')
    cd /Users/chrissotraidis/GitHub/caesarpad/tests/ui
    builtin-copy -exclude .DS_Store -exclude CVS -exclude .svn -exclude .git -exclude .hg -strip-unsigned-binaries -strip-deterministic -strip-tool /Applications/Xcode.app/Contents/Developer/Toolchains/XcodeDefault.xctoolchain/usr/bin/strip -resolve-src-symlinks -rename /Users/chrissotraidis/GitHub/caesarpad/build/ui-tests/build/CaesarPadTestHost.build/Debug-iphonesimulator/Objects-normal/arm64/CaesarPadTestHost.swiftsourceinfo /Users/chrissotraidis/GitHub/caesarpad/build/ui-tests/Debug-iphonesimulator/CaesarPadTestHost.swiftmodule/Project/arm64-apple-ios-simulator.swiftsourceinfo

SwiftDriver CaesarPadUITests normal arm64 com.apple.xcode.tools.swift.compiler (in target 'CaesarPadUITests' from project 'CaesarPadUITestHarness')
    cd /Users/chrissotraidis/GitHub/caesarpad/tests/ui
    builtin-SwiftDriver -- /Applications/Xcode.app/Contents/Developer/Toolchains/XcodeDefault.xctoolchain/usr/bin/swiftc -module-name CaesarPadUITests -O @/Users/chrissotraidis/GitHub/caesarpad/build/ui-tests/build/CaesarPadUITests.build/Debug-iphonesimulator/Objects-normal/arm64/CaesarPadUITests.SwiftFileList -Onone -module-alias Testing\=_Testing_Unavailable -plugin-path /Applications/Xcode.app/Contents/Developer/Toolchains/XcodeDefault.xctoolchain/usr/lib/swift/host/plugins/testing -enable-bare-slash-regex -enable-experimental-feature DebugDescriptionMacro -sdk /Applications/Xcode.app/Contents/Developer/Platforms/iPhoneSimulator.platform/Developer/SDKs/iPhoneSimulator26.5.sdk -target arm64-apple-ios15.0-simulator -g -module-cache-path /Users/chrissotraidis/GitHub/caesarpad/build/ui-tests/DerivedData/ModuleCache.noindex -Xfrontend -serialize-debugging-options -Xcc -D_LIBCPP_HARDENING_MODE\=_LIBCPP_HARDENING_MODE_DEBUG -swift-version 4 -I /Users/chrissotraidis/GitHub/caesarpad/build/ui-tests/Debug-iphonesimulator -Isystem /Applications/Xcode.app/Contents/Developer/Platforms/iPhoneSimulator.platform/Developer/usr/lib -F /Users/chrissotraidis/GitHub/caesarpad/build/ui-tests/Debug-iphonesimulator -F /Applications/Xcode.app/Contents/Developer/Platforms/iPhoneSimulator.platform/Developer/Library/Frameworks -F /Applications/Xcode.app/Contents/Developer/Platforms/iPhoneSimulator.platform/Developer/SDKs/iPhoneSimulator26.5.sdk/Developer/Library/Frameworks -parse-as-library -c -j8 -enable-batch-mode -incremental -Xcc -ivfsstatcache -Xcc /Users/chrissotraidis/GitHub/caesarpad/build/ui-tests/DerivedData/SDKStatCaches.noindex/iphonesimulator26.5-23F81a-6cfe768891a92b912361537c460fe42b.sdkstatcache -output-file-map /Users/chrissotraidis/GitHub/caesarpad/build/ui-tests/build/CaesarPadUITests.build/Debug-iphonesimulator/Objects-normal/arm64/CaesarPadUITests-OutputFileMap.json -use-frontend-parseable-output -save-temps -no-color-diagnostics -serialize-diagnostics -emit-dependencies -emit-module -emit-module-path /Users/chrissotraidis/GitHub/caesarpad/build/ui-tests/build/CaesarPadUITests.build/Debug-iphonesimulator/Objects-normal/arm64/CaesarPadUITests.swiftmodule -validate-clang-modules-once -clang-build-session-file /Users/chrissotraidis/GitHub/caesarpad/build/ui-tests/DerivedData/ModuleCache.noindex/Session.modulevalidation -Xcc -I/Users/chrissotraidis/GitHub/caesarpad/build/ui-tests/build/CaesarPadUITests.build/Debug-iphonesimulator/swift-overrides.hmap -emit-const-values -Xfrontend -const-gather-protocols-file -Xfrontend /Users/chrissotraidis/GitHub/caesarpad/build/ui-tests/build/CaesarPadUITests.build/Debug-iphonesimulator/Objects-normal/arm64/CaesarPadUITests_const_extract_protocols.json -Xcc -I/Users/chrissotraidis/GitHub/caesarpad/build/ui-tests/Debug-iphonesimulator/include -Xcc -I/Users/chrissotraidis/GitHub/caesarpad/build/ui-tests/build/CaesarPadUITests.build/Debug-iphonesimulator/DerivedSources-normal/arm64 -Xcc -I/Users/chrissotraidis/GitHub/caesarpad/build/ui-tests/build/CaesarPadUITests.build/Debug-iphonesimulator/DerivedSources/arm64 -Xcc -I/Users/chrissotraidis/GitHub/caesarpad/build/ui-tests/build/CaesarPadUITests.build/Debug-iphonesimulator/DerivedSources -Xcc -DCMAKE_INTDIR\=\"Debug-iphonesimulator\" -Xcc -DCaesarPadUITests_EXPORTS -emit-objc-header -emit-objc-header-path /Users/chrissotraidis/GitHub/caesarpad/build/ui-tests/build/CaesarPadUITests.build/Debug-iphonesimulator/Objects-normal/arm64/CaesarPadUITests-Swift.h -working-directory /Users/chrissotraidis/GitHub/caesarpad/tests/ui -experimental-emit-module-separately -disable-cmo

SwiftEmitModule normal arm64 Emitting\ module\ for\ CaesarPadUITests (in target 'CaesarPadUITests' from project 'CaesarPadUITestHarness')
SwiftCompile normal arm64 /Users/chrissotraidis/GitHub/caesarpad/tests/ui/CaesarPadUITests.swift (in target 'CaesarPadUITests' from project 'CaesarPadUITestHarness')
    cd /Users/chrissotraidis/GitHub/caesarpad/tests/ui


SwiftCompile normal arm64 Compiling\ CaesarPadUITests.swift /Users/chrissotraidis/GitHub/caesarpad/tests/ui/CaesarPadUITests.swift (in target 'CaesarPadUITests' from project 'CaesarPadUITestHarness')
SwiftCompile normal arm64 /Users/chrissotraidis/GitHub/caesarpad/tests/ui/CaesarPadUITests.swift (in target 'CaesarPadUITests' from project 'CaesarPadUITestHarness')
    cd /Users/chrissotraidis/GitHub/caesarpad/tests/ui


SwiftDriverJobDiscovery normal arm64 Compiling HostApp.swift (in target 'CaesarPadTestHost' from project 'CaesarPadUITestHarness')

SwiftDriver\ Compilation CaesarPadTestHost normal arm64 com.apple.xcode.tools.swift.compiler (in target 'CaesarPadTestHost' from project 'CaesarPadUITestHarness')
    cd /Users/chrissotraidis/GitHub/caesarpad/tests/ui
    builtin-Swift-Compilation -- /Applications/Xcode.app/Contents/Developer/Toolchains/XcodeDefault.xctoolchain/usr/bin/swiftc -module-name CaesarPadTestHost -O @/Users/chrissotraidis/GitHub/caesarpad/build/ui-tests/build/CaesarPadTestHost.build/Debug-iphonesimulator/Objects-normal/arm64/CaesarPadTestHost.SwiftFileList -Onone -enable-bare-slash-regex -enable-experimental-feature DebugDescriptionMacro -sdk /Applications/Xcode.app/Contents/Developer/Platforms/iPhoneSimulator.platform/Developer/SDKs/iPhoneSimulator26.5.sdk -target arm64-apple-ios15.0-simulator -g -module-cache-path /Users/chrissotraidis/GitHub/caesarpad/build/ui-tests/DerivedData/ModuleCache.noindex -Xfrontend -serialize-debugging-options -Xcc -D_LIBCPP_HARDENING_MODE\=_LIBCPP_HARDENING_MODE_DEBUG -swift-version 4 -I /Users/chrissotraidis/GitHub/caesarpad/build/ui-tests/Debug-iphonesimulator -F /Users/chrissotraidis/GitHub/caesarpad/build/ui-tests/Debug-iphonesimulator -parse-as-library -c -j8 -enable-batch-mode -incremental -Xcc -ivfsstatcache -Xcc /Users/chrissotraidis/GitHub/caesarpad/build/ui-tests/DerivedData/SDKStatCaches.noindex/iphonesimulator26.5-23F81a-6cfe768891a92b912361537c460fe42b.sdkstatcache -output-file-map /Users/chrissotraidis/GitHub/caesarpad/build/ui-tests/build/CaesarPadTestHost.build/Debug-iphonesimulator/Objects-normal/arm64/CaesarPadTestHost-OutputFileMap.json -use-frontend-parseable-output -save-temps -no-color-diagnostics -serialize-diagnostics -emit-dependencies -emit-module -emit-module-path /Users/chrissotraidis/GitHub/caesarpad/build/ui-tests/build/CaesarPadTestHost.build/Debug-iphonesimulator/Objects-normal/arm64/CaesarPadTestHost.swiftmodule -validate-clang-modules-once -clang-build-session-file /Users/chrissotraidis/GitHub/caesarpad/build/ui-tests/DerivedData/ModuleCache.noindex/Session.modulevalidation -Xcc -I/Users/chrissotraidis/GitHub/caesarpad/build/ui-tests/build/CaesarPadTestHost.build/Debug-iphonesimulator/swift-overrides.hmap -emit-const-values -Xfrontend -const-gather-protocols-file -Xfrontend /Users/chrissotraidis/GitHub/caesarpad/build/ui-tests/build/CaesarPadTestHost.build/Debug-iphonesimulator/Objects-normal/arm64/CaesarPadTestHost_const_extract_protocols.json -Xcc -I/Users/chrissotraidis/GitHub/caesarpad/build/ui-tests/Debug-iphonesimulator/include -Xcc -I/Users/chrissotraidis/GitHub/caesarpad/build/ui-tests/build/CaesarPadTestHost.build/Debug-iphonesimulator/DerivedSources-normal/arm64 -Xcc -I/Users/chrissotraidis/GitHub/caesarpad/build/ui-tests/build/CaesarPadTestHost.build/Debug-iphonesimulator/DerivedSources/arm64 -Xcc -I/Users/chrissotraidis/GitHub/caesarpad/build/ui-tests/build/CaesarPadTestHost.build/Debug-iphonesimulator/DerivedSources -Xcc -DCMAKE_INTDIR\=\"Debug-iphonesimulator\" -emit-objc-header -emit-objc-header-path /Users/chrissotraidis/GitHub/caesarpad/build/ui-tests/build/CaesarPadTestHost.build/Debug-iphonesimulator/Objects-normal/arm64/CaesarPadTestHost-Swift.h -working-directory /Users/chrissotraidis/GitHub/caesarpad/tests/ui -experimental-emit-module-separately -disable-cmo

Ld /Users/chrissotraidis/GitHub/caesarpad/build/ui-tests/Debug-iphonesimulator/CaesarPadTestHost.app/CaesarPadTestHost normal (in target 'CaesarPadTestHost' from project 'CaesarPadUITestHarness')
    cd /Users/chrissotraidis/GitHub/caesarpad/tests/ui
    /Applications/Xcode.app/Contents/Developer/Toolchains/XcodeDefault.xctoolchain/usr/bin/clang -Xlinker -reproducible -target arm64-apple-ios15.0-simulator -isysroot /Applications/Xcode.app/Contents/Developer/Platforms/iPhoneSimulator.platform/Developer/SDKs/iPhoneSimulator26.5.sdk -O0 -L/Users/chrissotraidis/GitHub/caesarpad/build/ui-tests/build/EagerLinkingTBDs/Debug-iphonesimulator -L/Users/chrissotraidis/GitHub/caesarpad/build/ui-tests/Debug-iphonesimulator -F/Users/chrissotraidis/GitHub/caesarpad/build/ui-tests/build/EagerLinkingTBDs/Debug-iphonesimulator -F/Users/chrissotraidis/GitHub/caesarpad/build/ui-tests/Debug-iphonesimulator -filelist /Users/chrissotraidis/GitHub/caesarpad/build/ui-tests/build/CaesarPadTestHost.build/Debug-iphonesimulator/Objects-normal/arm64/CaesarPadTestHost.LinkFileList -Xlinker -rpath -Xlinker /usr/lib/swift -Xlinker -dead_strip -Xlinker -object_path_lto -Xlinker /Users/chrissotraidis/GitHub/caesarpad/build/ui-tests/build/CaesarPadTestHost.build/Debug-iphonesimulator/Objects-normal/arm64/CaesarPadTestHost_lto.o -Xlinker -no_deduplicate -Xlinker -objc_abi_version -Xlinker 2 -Xlinker -dependency_info -Xlinker /Users/chrissotraidis/GitHub/caesarpad/build/ui-tests/build/CaesarPadTestHost.build/Debug-iphonesimulator/Objects-normal/arm64/CaesarPadTestHost_dependency_info.dat -fobjc-link-runtime -L/Applications/Xcode.app/Contents/Developer/Toolchains/XcodeDefault.xctoolchain/usr/lib/swift/iphonesimulator -L/usr/lib/swift -Xlinker -add_ast_path -Xlinker /Users/chrissotraidis/GitHub/caesarpad/build/ui-tests/build/CaesarPadTestHost.build/Debug-iphonesimulator/Objects-normal/arm64/CaesarPadTestHost.swiftmodule @/Users/chrissotraidis/GitHub/caesarpad/build/ui-tests/build/CaesarPadTestHost.build/Debug-iphonesimulator/Objects-normal/arm64/CaesarPadTestHost-linker-args.resp -o /Users/chrissotraidis/GitHub/caesarpad/build/ui-tests/Debug-iphonesimulator/CaesarPadTestHost.app/CaesarPadTestHost

SwiftDriverJobDiscovery normal arm64 Emitting module for CaesarPadUITests (in target 'CaesarPadUITests' from project 'CaesarPadUITestHarness')

SwiftDriver\ Compilation\ Requirements CaesarPadUITests normal arm64 com.apple.xcode.tools.swift.compiler (in target 'CaesarPadUITests' from project 'CaesarPadUITestHarness')
    cd /Users/chrissotraidis/GitHub/caesarpad/tests/ui
    builtin-Swift-Compilation-Requirements -- /Applications/Xcode.app/Contents/Developer/Toolchains/XcodeDefault.xctoolchain/usr/bin/swiftc -module-name CaesarPadUITests -O @/Users/chrissotraidis/GitHub/caesarpad/build/ui-tests/build/CaesarPadUITests.build/Debug-iphonesimulator/Objects-normal/arm64/CaesarPadUITests.SwiftFileList -Onone -module-alias Testing\=_Testing_Unavailable -plugin-path /Applications/Xcode.app/Contents/Developer/Toolchains/XcodeDefault.xctoolchain/usr/lib/swift/host/plugins/testing -enable-bare-slash-regex -enable-experimental-feature DebugDescriptionMacro -sdk /Applications/Xcode.app/Contents/Developer/Platforms/iPhoneSimulator.platform/Developer/SDKs/iPhoneSimulator26.5.sdk -target arm64-apple-ios15.0-simulator -g -module-cache-path /Users/chrissotraidis/GitHub/caesarpad/build/ui-tests/DerivedData/ModuleCache.noindex -Xfrontend -serialize-debugging-options -Xcc -D_LIBCPP_HARDENING_MODE\=_LIBCPP_HARDENING_MODE_DEBUG -swift-version 4 -I /Users/chrissotraidis/GitHub/caesarpad/build/ui-tests/Debug-iphonesimulator -Isystem /Applications/Xcode.app/Contents/Developer/Platforms/iPhoneSimulator.platform/Developer/usr/lib -F /Users/chrissotraidis/GitHub/caesarpad/build/ui-tests/Debug-iphonesimulator -F /Applications/Xcode.app/Contents/Developer/Platforms/iPhoneSimulator.platform/Developer/Library/Frameworks -F /Applications/Xcode.app/Contents/Developer/Platforms/iPhoneSimulator.platform/Developer/SDKs/iPhoneSimulator26.5.sdk/Developer/Library/Frameworks -parse-as-library -c -j8 -enable-batch-mode -incremental -Xcc -ivfsstatcache -Xcc /Users/chrissotraidis/GitHub/caesarpad/build/ui-tests/DerivedData/SDKStatCaches.noindex/iphonesimulator26.5-23F81a-6cfe768891a92b912361537c460fe42b.sdkstatcache -output-file-map /Users/chrissotraidis/GitHub/caesarpad/build/ui-tests/build/CaesarPadUITests.build/Debug-iphonesimulator/Objects-normal/arm64/CaesarPadUITests-OutputFileMap.json -use-frontend-parseable-output -save-temps -no-color-diagnostics -serialize-diagnostics -emit-dependencies -emit-module -emit-module-path /Users/chrissotraidis/GitHub/caesarpad/build/ui-tests/build/CaesarPadUITests.build/Debug-iphonesimulator/Objects-normal/arm64/CaesarPadUITests.swiftmodule -validate-clang-modules-once -clang-build-session-file /Users/chrissotraidis/GitHub/caesarpad/build/ui-tests/DerivedData/ModuleCache.noindex/Session.modulevalidation -Xcc -I/Users/chrissotraidis/GitHub/caesarpad/build/ui-tests/build/CaesarPadUITests.build/Debug-iphonesimulator/swift-overrides.hmap -emit-const-values -Xfrontend -const-gather-protocols-file -Xfrontend /Users/chrissotraidis/GitHub/caesarpad/build/ui-tests/build/CaesarPadUITests.build/Debug-iphonesimulator/Objects-normal/arm64/CaesarPadUITests_const_extract_protocols.json -Xcc -I/Users/chrissotraidis/GitHub/caesarpad/build/ui-tests/Debug-iphonesimulator/include -Xcc -I/Users/chrissotraidis/GitHub/caesarpad/build/ui-tests/build/CaesarPadUITests.build/Debug-iphonesimulator/DerivedSources-normal/arm64 -Xcc -I/Users/chrissotraidis/GitHub/caesarpad/build/ui-tests/build/CaesarPadUITests.build/Debug-iphonesimulator/DerivedSources/arm64 -Xcc -I/Users/chrissotraidis/GitHub/caesarpad/build/ui-tests/build/CaesarPadUITests.build/Debug-iphonesimulator/DerivedSources -Xcc -DCMAKE_INTDIR\=\"Debug-iphonesimulator\" -Xcc -DCaesarPadUITests_EXPORTS -emit-objc-header -emit-objc-header-path /Users/chrissotraidis/GitHub/caesarpad/build/ui-tests/build/CaesarPadUITests.build/Debug-iphonesimulator/Objects-normal/arm64/CaesarPadUITests-Swift.h -working-directory /Users/chrissotraidis/GitHub/caesarpad/tests/ui -experimental-emit-module-separately -disable-cmo

SwiftMergeGeneratedHeaders /Users/chrissotraidis/GitHub/caesarpad/build/ui-tests/build/CaesarPadUITests.build/Debug-iphonesimulator/DerivedSources/CaesarPadUITests-Swift.h /Users/chrissotraidis/GitHub/caesarpad/build/ui-tests/build/CaesarPadUITests.build/Debug-iphonesimulator/Objects-normal/arm64/CaesarPadUITests-Swift.h (in target 'CaesarPadUITests' from project 'CaesarPadUITestHarness')
    cd /Users/chrissotraidis/GitHub/caesarpad/tests/ui
    builtin-swiftHeaderTool -arch arm64 /Users/chrissotraidis/GitHub/caesarpad/build/ui-tests/build/CaesarPadUITests.build/Debug-iphonesimulator/Objects-normal/arm64/CaesarPadUITests-Swift.h -o /Users/chrissotraidis/GitHub/caesarpad/build/ui-tests/build/CaesarPadUITests.build/Debug-iphonesimulator/DerivedSources/CaesarPadUITests-Swift.h

Copy /Users/chrissotraidis/GitHub/caesarpad/build/ui-tests/Debug-iphonesimulator/CaesarPadUITests.swiftmodule/arm64-apple-ios-simulator.swiftdoc /Users/chrissotraidis/GitHub/caesarpad/build/ui-tests/build/CaesarPadUITests.build/Debug-iphonesimulator/Objects-normal/arm64/CaesarPadUITests.swiftdoc (in target 'CaesarPadUITests' from project 'CaesarPadUITestHarness')
    cd /Users/chrissotraidis/GitHub/caesarpad/tests/ui
    builtin-copy -exclude .DS_Store -exclude CVS -exclude .svn -exclude .git -exclude .hg -strip-unsigned-binaries -strip-deterministic -strip-tool /Applications/Xcode.app/Contents/Developer/Toolchains/XcodeDefault.xctoolchain/usr/bin/strip -resolve-src-symlinks -rename /Users/chrissotraidis/GitHub/caesarpad/build/ui-tests/build/CaesarPadUITests.build/Debug-iphonesimulator/Objects-normal/arm64/CaesarPadUITests.swiftdoc /Users/chrissotraidis/GitHub/caesarpad/build/ui-tests/Debug-iphonesimulator/CaesarPadUITests.swiftmodule/arm64-apple-ios-simulator.swiftdoc

Copy /Users/chrissotraidis/GitHub/caesarpad/build/ui-tests/Debug-iphonesimulator/CaesarPadUITests.swiftmodule/arm64-apple-ios-simulator.abi.json /Users/chrissotraidis/GitHub/caesarpad/build/ui-tests/build/CaesarPadUITests.build/Debug-iphonesimulator/Objects-normal/arm64/CaesarPadUITests.abi.json (in target 'CaesarPadUITests' from project 'CaesarPadUITestHarness')
    cd /Users/chrissotraidis/GitHub/caesarpad/tests/ui
    builtin-copy -exclude .DS_Store -exclude CVS -exclude .svn -exclude .git -exclude .hg -strip-unsigned-binaries -strip-deterministic -strip-tool /Applications/Xcode.app/Contents/Developer/Toolchains/XcodeDefault.xctoolchain/usr/bin/strip -resolve-src-symlinks -rename /Users/chrissotraidis/GitHub/caesarpad/build/ui-tests/build/CaesarPadUITests.build/Debug-iphonesimulator/Objects-normal/arm64/CaesarPadUITests.abi.json /Users/chrissotraidis/GitHub/caesarpad/build/ui-tests/Debug-iphonesimulator/CaesarPadUITests.swiftmodule/arm64-apple-ios-simulator.abi.json

Copy /Users/chrissotraidis/GitHub/caesarpad/build/ui-tests/Debug-iphonesimulator/CaesarPadUITests.swiftmodule/arm64-apple-ios-simulator.swiftmodule /Users/chrissotraidis/GitHub/caesarpad/build/ui-tests/build/CaesarPadUITests.build/Debug-iphonesimulator/Objects-normal/arm64/CaesarPadUITests.swiftmodule (in target 'CaesarPadUITests' from project 'CaesarPadUITestHarness')
    cd /Users/chrissotraidis/GitHub/caesarpad/tests/ui
    builtin-copy -exclude .DS_Store -exclude CVS -exclude .svn -exclude .git -exclude .hg -strip-unsigned-binaries -strip-deterministic -strip-tool /Applications/Xcode.app/Contents/Developer/Toolchains/XcodeDefault.xctoolchain/usr/bin/strip -resolve-src-symlinks -rename /Users/chrissotraidis/GitHub/caesarpad/build/ui-tests/build/CaesarPadUITests.build/Debug-iphonesimulator/Objects-normal/arm64/CaesarPadUITests.swiftmodule /Users/chrissotraidis/GitHub/caesarpad/build/ui-tests/Debug-iphonesimulator/CaesarPadUITests.swiftmodule/arm64-apple-ios-simulator.swiftmodule

Copy /Users/chrissotraidis/GitHub/caesarpad/build/ui-tests/Debug-iphonesimulator/CaesarPadUITests.swiftmodule/Project/arm64-apple-ios-simulator.swiftsourceinfo /Users/chrissotraidis/GitHub/caesarpad/build/ui-tests/build/CaesarPadUITests.build/Debug-iphonesimulator/Objects-normal/arm64/CaesarPadUITests.swiftsourceinfo (in target 'CaesarPadUITests' from project 'CaesarPadUITestHarness')
    cd /Users/chrissotraidis/GitHub/caesarpad/tests/ui
    builtin-copy -exclude .DS_Store -exclude CVS -exclude .svn -exclude .git -exclude .hg -strip-unsigned-binaries -strip-deterministic -strip-tool /Applications/Xcode.app/Contents/Developer/Toolchains/XcodeDefault.xctoolchain/usr/bin/strip -resolve-src-symlinks -rename /Users/chrissotraidis/GitHub/caesarpad/build/ui-tests/build/CaesarPadUITests.build/Debug-iphonesimulator/Objects-normal/arm64/CaesarPadUITests.swiftsourceinfo /Users/chrissotraidis/GitHub/caesarpad/build/ui-tests/Debug-iphonesimulator/CaesarPadUITests.swiftmodule/Project/arm64-apple-ios-simulator.swiftsourceinfo

CopySwiftLibs /Users/chrissotraidis/GitHub/caesarpad/build/ui-tests/Debug-iphonesimulator/CaesarPadTestHost.app (in target 'CaesarPadTestHost' from project 'CaesarPadUITestHarness')
    cd /Users/chrissotraidis/GitHub/caesarpad/tests/ui
    builtin-swiftStdLibTool --copy --verbose --scan-executable /Users/chrissotraidis/GitHub/caesarpad/build/ui-tests/Debug-iphonesimulator/CaesarPadTestHost.app/CaesarPadTestHost --scan-folder /Users/chrissotraidis/GitHub/caesarpad/build/ui-tests/Debug-iphonesimulator/CaesarPadTestHost.app/Frameworks --scan-folder /Users/chrissotraidis/GitHub/caesarpad/build/ui-tests/Debug-iphonesimulator/CaesarPadTestHost.app/PlugIns --scan-folder /Users/chrissotraidis/GitHub/caesarpad/build/ui-tests/Debug-iphonesimulator/CaesarPadTestHost.app/SystemExtensions --scan-folder /Users/chrissotraidis/GitHub/caesarpad/build/ui-tests/Debug-iphonesimulator/CaesarPadTestHost.app/Extensions --platform iphonesimulator --toolchain /Applications/Xcode.app/Contents/Developer/Toolchains/XcodeDefault.xctoolchain --destination /Users/chrissotraidis/GitHub/caesarpad/build/ui-tests/Debug-iphonesimulator/CaesarPadTestHost.app/Frameworks --strip-bitcode --strip-bitcode-tool /Applications/Xcode.app/Contents/Developer/Toolchains/XcodeDefault.xctoolchain/usr/bin/bitcode_strip --emit-dependency-info /Users/chrissotraidis/GitHub/caesarpad/build/ui-tests/build/CaesarPadTestHost.build/Debug-iphonesimulator/SwiftStdLibToolInputDependencies.dep --filter-for-swift-os --back-deploy-swift-span
Ignoring --strip-bitcode because --sign was not passed

ExtractAppIntentsMetadata (in target 'CaesarPadTestHost' from project 'CaesarPadUITestHarness')
    cd /Users/chrissotraidis/GitHub/caesarpad/tests/ui
    /Applications/Xcode.app/Contents/Developer/Toolchains/XcodeDefault.xctoolchain/usr/bin/appintentsmetadataprocessor --toolchain-dir /Applications/Xcode.app/Contents/Developer/Toolchains/XcodeDefault.xctoolchain --module-name CaesarPadTestHost --sdk-root /Applications/Xcode.app/Contents/Developer/Platforms/iPhoneSimulator.platform/Developer/SDKs/iPhoneSimulator26.5.sdk --xcode-version 17F113 --platform-family iOS --deployment-target 15.0 --bundle-identifier dev.caesarpad.testhost --output /Users/chrissotraidis/GitHub/caesarpad/build/ui-tests/Debug-iphonesimulator/CaesarPadTestHost.app --target-triple arm64-apple-ios15.0-simulator --binary-file /Users/chrissotraidis/GitHub/caesarpad/build/ui-tests/Debug-iphonesimulator/CaesarPadTestHost.app/CaesarPadTestHost --dependency-file /Users/chrissotraidis/GitHub/caesarpad/build/ui-tests/build/CaesarPadTestHost.build/Debug-iphonesimulator/Objects-normal/arm64/CaesarPadTestHost_dependency_info.dat --stringsdata-file /Users/chrissotraidis/GitHub/caesarpad/build/ui-tests/build/CaesarPadTestHost.build/Debug-iphonesimulator/Objects-normal/arm64/ExtractedAppShortcutsMetadata.stringsdata --source-file-list /Users/chrissotraidis/GitHub/caesarpad/build/ui-tests/build/CaesarPadTestHost.build/Debug-iphonesimulator/Objects-normal/arm64/CaesarPadTestHost.SwiftFileList --metadata-file-list /Users/chrissotraidis/GitHub/caesarpad/build/ui-tests/build/CaesarPadTestHost.build/Debug-iphonesimulator/CaesarPadTestHost.DependencyMetadataFileList --static-metadata-file-list /Users/chrissotraidis/GitHub/caesarpad/build/ui-tests/build/CaesarPadTestHost.build/Debug-iphonesimulator/CaesarPadTestHost.DependencyStaticMetadataFileList --swift-const-vals-list /Users/chrissotraidis/GitHub/caesarpad/build/ui-tests/build/CaesarPadTestHost.build/Debug-iphonesimulator/Objects-normal/arm64/CaesarPadTestHost.SwiftConstValuesFileList --compile-time-extraction --deployment-aware-processing --validate-assistant-intents --no-app-shortcuts-localization
2026-07-27 02:04:50.805 appintentsmetadataprocessor[59859:27387112] Starting appintentsmetadataprocessor export
2026-07-27 02:04:50.826 appintentsmetadataprocessor[59859:27387112] warning: Metadata extraction skipped. No AppIntents.framework dependency found.

GenerateDSYMFile /Users/chrissotraidis/GitHub/caesarpad/build/ui-tests/Debug-iphonesimulator/CaesarPadTestHost.app.dSYM /Users/chrissotraidis/GitHub/caesarpad/build/ui-tests/Debug-iphonesimulator/CaesarPadTestHost.app/CaesarPadTestHost (in target 'CaesarPadTestHost' from project 'CaesarPadUITestHarness')
    cd /Users/chrissotraidis/GitHub/caesarpad/tests/ui
    /Applications/Xcode.app/Contents/Developer/Toolchains/XcodeDefault.xctoolchain/usr/bin/dsymutil /Users/chrissotraidis/GitHub/caesarpad/build/ui-tests/Debug-iphonesimulator/CaesarPadTestHost.app/CaesarPadTestHost -o /Users/chrissotraidis/GitHub/caesarpad/build/ui-tests/Debug-iphonesimulator/CaesarPadTestHost.app.dSYM

AppIntentsSSUTraining (in target 'CaesarPadTestHost' from project 'CaesarPadUITestHarness')
    cd /Users/chrissotraidis/GitHub/caesarpad/tests/ui
    /Applications/Xcode.app/Contents/Developer/Toolchains/XcodeDefault.xctoolchain/usr/bin/appintentsnltrainingprocessor --infoplist-path /Users/chrissotraidis/GitHub/caesarpad/build/ui-tests/Debug-iphonesimulator/CaesarPadTestHost.app/Info.plist --temp-dir-path /Users/chrissotraidis/GitHub/caesarpad/build/ui-tests/build/CaesarPadTestHost.build/Debug-iphonesimulator/ssu --bundle-id dev.caesarpad.testhost --product-path /Users/chrissotraidis/GitHub/caesarpad/build/ui-tests/Debug-iphonesimulator/CaesarPadTestHost.app --extracted-metadata-path /Users/chrissotraidis/GitHub/caesarpad/build/ui-tests/Debug-iphonesimulator/CaesarPadTestHost.app/Metadata.appintents --metadata-file-list /Users/chrissotraidis/GitHub/caesarpad/build/ui-tests/build/CaesarPadTestHost.build/Debug-iphonesimulator/CaesarPadTestHost.DependencyMetadataFileList --source-file /Users/chrissotraidis/GitHub/caesarpad/build/ui-tests/Debug-iphonesimulator/CaesarPadTestHost.app/Info.plist --archive-ssu-assets
2026-07-27 02:04:50.913 appintentsnltrainingprocessor[59861:27387119] Parsing options for appintentsnltrainingprocessor
2026-07-27 02:04:50.915 appintentsnltrainingprocessor[59861:27387119] Starting AppIntents SSU YAML Generation
2026-07-27 02:04:50.921 appintentsnltrainingprocessor[59861:27387119] No AppShortcuts found - Skipping.

RegisterExecutionPolicyException /Users/chrissotraidis/GitHub/caesarpad/build/ui-tests/Debug-iphonesimulator/CaesarPadTestHost.app (in target 'CaesarPadTestHost' from project 'CaesarPadUITestHarness')
    cd /Users/chrissotraidis/GitHub/caesarpad/tests/ui
    builtin-RegisterExecutionPolicyException /Users/chrissotraidis/GitHub/caesarpad/build/ui-tests/Debug-iphonesimulator/CaesarPadTestHost.app

Validate /Users/chrissotraidis/GitHub/caesarpad/build/ui-tests/Debug-iphonesimulator/CaesarPadTestHost.app (in target 'CaesarPadTestHost' from project 'CaesarPadUITestHarness')
    cd /Users/chrissotraidis/GitHub/caesarpad/tests/ui
    builtin-validationUtility /Users/chrissotraidis/GitHub/caesarpad/build/ui-tests/Debug-iphonesimulator/CaesarPadTestHost.app -shallow-bundle -infoplist-subpath Info.plist

Touch /Users/chrissotraidis/GitHub/caesarpad/build/ui-tests/Debug-iphonesimulator/CaesarPadTestHost.app (in target 'CaesarPadTestHost' from project 'CaesarPadUITestHarness')
    cd /Users/chrissotraidis/GitHub/caesarpad/tests/ui
    /usr/bin/touch -c /Users/chrissotraidis/GitHub/caesarpad/build/ui-tests/Debug-iphonesimulator/CaesarPadTestHost.app

ProcessInfoPlistFile /Users/chrissotraidis/GitHub/caesarpad/build/ui-tests/Debug-iphonesimulator/CaesarPadUITests-Runner.app/PlugIns/CaesarPadUITests.xctest/Info.plist /Users/chrissotraidis/GitHub/caesarpad/build/ui-tests/CMakeFiles/CaesarPadUITests.dir/Info.plist (in target 'CaesarPadUITests' from project 'CaesarPadUITestHarness')
    cd /Users/chrissotraidis/GitHub/caesarpad/tests/ui
    builtin-infoPlistUtility /Users/chrissotraidis/GitHub/caesarpad/build/ui-tests/CMakeFiles/CaesarPadUITests.dir/Info.plist -producttype com.apple.product-type.bundle.ui-testing -expandbuildsettings -format binary -platform iphonesimulator -additionalcontentfile /Users/chrissotraidis/GitHub/caesarpad/build/ui-tests/build/CaesarPadUITests.build/Debug-iphonesimulator/ProductTypeInfoPlistAdditions.plist -o /Users/chrissotraidis/GitHub/caesarpad/build/ui-tests/Debug-iphonesimulator/CaesarPadUITests-Runner.app/PlugIns/CaesarPadUITests.xctest/Info.plist

SwiftDriverJobDiscovery normal arm64 Compiling CaesarPadUITests.swift (in target 'CaesarPadUITests' from project 'CaesarPadUITestHarness')

SwiftDriver\ Compilation CaesarPadUITests normal arm64 com.apple.xcode.tools.swift.compiler (in target 'CaesarPadUITests' from project 'CaesarPadUITestHarness')
    cd /Users/chrissotraidis/GitHub/caesarpad/tests/ui
    builtin-Swift-Compilation -- /Applications/Xcode.app/Contents/Developer/Toolchains/XcodeDefault.xctoolchain/usr/bin/swiftc -module-name CaesarPadUITests -O @/Users/chrissotraidis/GitHub/caesarpad/build/ui-tests/build/CaesarPadUITests.build/Debug-iphonesimulator/Objects-normal/arm64/CaesarPadUITests.SwiftFileList -Onone -module-alias Testing\=_Testing_Unavailable -plugin-path /Applications/Xcode.app/Contents/Developer/Toolchains/XcodeDefault.xctoolchain/usr/lib/swift/host/plugins/testing -enable-bare-slash-regex -enable-experimental-feature DebugDescriptionMacro -sdk /Applications/Xcode.app/Contents/Developer/Platforms/iPhoneSimulator.platform/Developer/SDKs/iPhoneSimulator26.5.sdk -target arm64-apple-ios15.0-simulator -g -module-cache-path /Users/chrissotraidis/GitHub/caesarpad/build/ui-tests/DerivedData/ModuleCache.noindex -Xfrontend -serialize-debugging-options -Xcc -D_LIBCPP_HARDENING_MODE\=_LIBCPP_HARDENING_MODE_DEBUG -swift-version 4 -I /Users/chrissotraidis/GitHub/caesarpad/build/ui-tests/Debug-iphonesimulator -Isystem /Applications/Xcode.app/Contents/Developer/Platforms/iPhoneSimulator.platform/Developer/usr/lib -F /Users/chrissotraidis/GitHub/caesarpad/build/ui-tests/Debug-iphonesimulator -F /Applications/Xcode.app/Contents/Developer/Platforms/iPhoneSimulator.platform/Developer/Library/Frameworks -F /Applications/Xcode.app/Contents/Developer/Platforms/iPhoneSimulator.platform/Developer/SDKs/iPhoneSimulator26.5.sdk/Developer/Library/Frameworks -parse-as-library -c -j8 -enable-batch-mode -incremental -Xcc -ivfsstatcache -Xcc /Users/chrissotraidis/GitHub/caesarpad/build/ui-tests/DerivedData/SDKStatCaches.noindex/iphonesimulator26.5-23F81a-6cfe768891a92b912361537c460fe42b.sdkstatcache -output-file-map /Users/chrissotraidis/GitHub/caesarpad/build/ui-tests/build/CaesarPadUITests.build/Debug-iphonesimulator/Objects-normal/arm64/CaesarPadUITests-OutputFileMap.json -use-frontend-parseable-output -save-temps -no-color-diagnostics -serialize-diagnostics -emit-dependencies -emit-module -emit-module-path /Users/chrissotraidis/GitHub/caesarpad/build/ui-tests/build/CaesarPadUITests.build/Debug-iphonesimulator/Objects-normal/arm64/CaesarPadUITests.swiftmodule -validate-clang-modules-once -clang-build-session-file /Users/chrissotraidis/GitHub/caesarpad/build/ui-tests/DerivedData/ModuleCache.noindex/Session.modulevalidation -Xcc -I/Users/chrissotraidis/GitHub/caesarpad/build/ui-tests/build/CaesarPadUITests.build/Debug-iphonesimulator/swift-overrides.hmap -emit-const-values -Xfrontend -const-gather-protocols-file -Xfrontend /Users/chrissotraidis/GitHub/caesarpad/build/ui-tests/build/CaesarPadUITests.build/Debug-iphonesimulator/Objects-normal/arm64/CaesarPadUITests_const_extract_protocols.json -Xcc -I/Users/chrissotraidis/GitHub/caesarpad/build/ui-tests/Debug-iphonesimulator/include -Xcc -I/Users/chrissotraidis/GitHub/caesarpad/build/ui-tests/build/CaesarPadUITests.build/Debug-iphonesimulator/DerivedSources-normal/arm64 -Xcc -I/Users/chrissotraidis/GitHub/caesarpad/build/ui-tests/build/CaesarPadUITests.build/Debug-iphonesimulator/DerivedSources/arm64 -Xcc -I/Users/chrissotraidis/GitHub/caesarpad/build/ui-tests/build/CaesarPadUITests.build/Debug-iphonesimulator/DerivedSources -Xcc -DCMAKE_INTDIR\=\"Debug-iphonesimulator\" -Xcc -DCaesarPadUITests_EXPORTS -emit-objc-header -emit-objc-header-path /Users/chrissotraidis/GitHub/caesarpad/build/ui-tests/build/CaesarPadUITests.build/Debug-iphonesimulator/Objects-normal/arm64/CaesarPadUITests-Swift.h -working-directory /Users/chrissotraidis/GitHub/caesarpad/tests/ui -experimental-emit-module-separately -disable-cmo

Ld /Users/chrissotraidis/GitHub/caesarpad/build/ui-tests/Debug-iphonesimulator/CaesarPadUITests-Runner.app/PlugIns/CaesarPadUITests.xctest/CaesarPadUITests normal (in target 'CaesarPadUITests' from project 'CaesarPadUITestHarness')
    cd /Users/chrissotraidis/GitHub/caesarpad/tests/ui
    /Applications/Xcode.app/Contents/Developer/Toolchains/XcodeDefault.xctoolchain/usr/bin/clang -Xlinker -reproducible -target arm64-apple-ios15.0-simulator -bundle -isysroot /Applications/Xcode.app/Contents/Developer/Platforms/iPhoneSimulator.platform/Developer/SDKs/iPhoneSimulator26.5.sdk -O0 -L/Users/chrissotraidis/GitHub/caesarpad/build/ui-tests/build/EagerLinkingTBDs/Debug-iphonesimulator -L/Users/chrissotraidis/GitHub/caesarpad/build/ui-tests/Debug-iphonesimulator -L/Applications/Xcode.app/Contents/Developer/Platforms/iPhoneSimulator.platform/Developer/usr/lib -F/Users/chrissotraidis/GitHub/caesarpad/build/ui-tests/build/EagerLinkingTBDs/Debug-iphonesimulator -F/Users/chrissotraidis/GitHub/caesarpad/build/ui-tests/Debug-iphonesimulator -iframework /Applications/Xcode.app/Contents/Developer/Platforms/iPhoneSimulator.platform/Developer/Library/Frameworks -iframework /Applications/Xcode.app/Contents/Developer/Platforms/iPhoneSimulator.platform/Developer/SDKs/iPhoneSimulator26.5.sdk/Developer/Library/Frameworks -filelist /Users/chrissotraidis/GitHub/caesarpad/build/ui-tests/build/CaesarPadUITests.build/Debug-iphonesimulator/Objects-normal/arm64/CaesarPadUITests.LinkFileList -Xlinker -rpath -Xlinker /usr/lib/swift -Xlinker -rpath -Xlinker @loader_path/Frameworks -Xlinker -dead_strip -Xlinker -object_path_lto -Xlinker /Users/chrissotraidis/GitHub/caesarpad/build/ui-tests/build/CaesarPadUITests.build/Debug-iphonesimulator/Objects-normal/arm64/CaesarPadUITests_lto.o -Xlinker -no_deduplicate -Xlinker -objc_abi_version -Xlinker 2 -Xlinker -dependency_info -Xlinker /Users/chrissotraidis/GitHub/caesarpad/build/ui-tests/build/CaesarPadUITests.build/Debug-iphonesimulator/Objects-normal/arm64/CaesarPadUITests_dependency_info.dat -fobjc-link-runtime -L/Applications/Xcode.app/Contents/Developer/Toolchains/XcodeDefault.xctoolchain/usr/lib/swift/iphonesimulator -L/usr/lib/swift -Xlinker -add_ast_path -Xlinker /Users/chrissotraidis/GitHub/caesarpad/build/ui-tests/build/CaesarPadUITests.build/Debug-iphonesimulator/Objects-normal/arm64/CaesarPadUITests.swiftmodule @/Users/chrissotraidis/GitHub/caesarpad/build/ui-tests/build/CaesarPadUITests.build/Debug-iphonesimulator/Objects-normal/arm64/CaesarPadUITests-linker-args.resp -framework XCTest -Xlinker -needed_framework -Xlinker XCTest -framework XCTest -Xlinker -needed-lXCTestSwiftSupport -lXCTestSwiftSupport -o /Users/chrissotraidis/GitHub/caesarpad/build/ui-tests/Debug-iphonesimulator/CaesarPadUITests-Runner.app/PlugIns/CaesarPadUITests.xctest/CaesarPadUITests

CopySwiftLibs /Users/chrissotraidis/GitHub/caesarpad/build/ui-tests/Debug-iphonesimulator/CaesarPadUITests-Runner.app/PlugIns/CaesarPadUITests.xctest (in target 'CaesarPadUITests' from project 'CaesarPadUITestHarness')
    cd /Users/chrissotraidis/GitHub/caesarpad/tests/ui
    builtin-swiftStdLibTool --copy --verbose --scan-executable /Users/chrissotraidis/GitHub/caesarpad/build/ui-tests/Debug-iphonesimulator/CaesarPadUITests-Runner.app/PlugIns/CaesarPadUITests.xctest/CaesarPadUITests --scan-folder /Users/chrissotraidis/GitHub/caesarpad/build/ui-tests/Debug-iphonesimulator/CaesarPadUITests-Runner.app/PlugIns/CaesarPadUITests.xctest/Frameworks --scan-folder /Users/chrissotraidis/GitHub/caesarpad/build/ui-tests/Debug-iphonesimulator/CaesarPadUITests-Runner.app/PlugIns/CaesarPadUITests.xctest/PlugIns --scan-folder /Users/chrissotraidis/GitHub/caesarpad/build/ui-tests/Debug-iphonesimulator/CaesarPadUITests-Runner.app/PlugIns/CaesarPadUITests.xctest/SystemExtensions --scan-folder /Users/chrissotraidis/GitHub/caesarpad/build/ui-tests/Debug-iphonesimulator/CaesarPadUITests-Runner.app/PlugIns/CaesarPadUITests.xctest/Extensions --platform iphonesimulator --toolchain /Applications/Xcode.app/Contents/Developer/Toolchains/XcodeDefault.xctoolchain --destination /Users/chrissotraidis/GitHub/caesarpad/build/ui-tests/Debug-iphonesimulator/CaesarPadUITests-Runner.app/PlugIns/CaesarPadUITests.xctest/Frameworks --strip-bitcode --scan-executable /Applications/Xcode.app/Contents/Developer/Platforms/iPhoneSimulator.platform/Developer/usr/lib/libXCTestSwiftSupport.dylib --strip-bitcode-tool /Applications/Xcode.app/Contents/Developer/Toolchains/XcodeDefault.xctoolchain/usr/bin/bitcode_strip --emit-dependency-info /Users/chrissotraidis/GitHub/caesarpad/build/ui-tests/build/CaesarPadUITests.build/Debug-iphonesimulator/SwiftStdLibToolInputDependencies.dep --filter-for-swift-os --back-deploy-swift-span
Ignoring --strip-bitcode because --sign was not passed

ExtractAppIntentsMetadata (in target 'CaesarPadUITests' from project 'CaesarPadUITestHarness')
    cd /Users/chrissotraidis/GitHub/caesarpad/tests/ui
    /Applications/Xcode.app/Contents/Developer/Toolchains/XcodeDefault.xctoolchain/usr/bin/appintentsmetadataprocessor --toolchain-dir /Applications/Xcode.app/Contents/Developer/Toolchains/XcodeDefault.xctoolchain --module-name CaesarPadUITests --sdk-root /Applications/Xcode.app/Contents/Developer/Platforms/iPhoneSimulator.platform/Developer/SDKs/iPhoneSimulator26.5.sdk --xcode-version 17F113 --platform-family iOS --deployment-target 15.0 --bundle-identifier dev.caesarpad.uitests --output /Users/chrissotraidis/GitHub/caesarpad/build/ui-tests/Debug-iphonesimulator/CaesarPadUITests-Runner.app/PlugIns/CaesarPadUITests.xctest --target-triple arm64-apple-ios15.0-simulator --binary-file /Users/chrissotraidis/GitHub/caesarpad/build/ui-tests/Debug-iphonesimulator/CaesarPadUITests-Runner.app/PlugIns/CaesarPadUITests.xctest/CaesarPadUITests --dependency-file /Users/chrissotraidis/GitHub/caesarpad/build/ui-tests/build/CaesarPadUITests.build/Debug-iphonesimulator/Objects-normal/arm64/CaesarPadUITests_dependency_info.dat --stringsdata-file /Users/chrissotraidis/GitHub/caesarpad/build/ui-tests/build/CaesarPadUITests.build/Debug-iphonesimulator/Objects-normal/arm64/ExtractedAppShortcutsMetadata.stringsdata --source-file-list /Users/chrissotraidis/GitHub/caesarpad/build/ui-tests/build/CaesarPadUITests.build/Debug-iphonesimulator/Objects-normal/arm64/CaesarPadUITests.SwiftFileList --metadata-file-list /Users/chrissotraidis/GitHub/caesarpad/build/ui-tests/build/CaesarPadUITests.build/Debug-iphonesimulator/CaesarPadUITests.DependencyMetadataFileList --static-metadata-file-list /Users/chrissotraidis/GitHub/caesarpad/build/ui-tests/build/CaesarPadUITests.build/Debug-iphonesimulator/CaesarPadUITests.DependencyStaticMetadataFileList --swift-const-vals-list /Users/chrissotraidis/GitHub/caesarpad/build/ui-tests/build/CaesarPadUITests.build/Debug-iphonesimulator/Objects-normal/arm64/CaesarPadUITests.SwiftConstValuesFileList --compile-time-extraction --deployment-aware-processing --validate-assistant-intents --no-app-shortcuts-localization
2026-07-27 02:04:52.014 appintentsmetadataprocessor[59865:27387154] Starting appintentsmetadataprocessor export
2026-07-27 02:04:52.017 appintentsmetadataprocessor[59865:27387154] warning: Metadata extraction skipped. No AppIntents.framework dependency found.

GenerateDSYMFile /Users/chrissotraidis/GitHub/caesarpad/build/ui-tests/Debug-iphonesimulator/CaesarPadUITests-Runner.app/PlugIns/CaesarPadUITests.xctest.dSYM /Users/chrissotraidis/GitHub/caesarpad/build/ui-tests/Debug-iphonesimulator/CaesarPadUITests-Runner.app/PlugIns/CaesarPadUITests.xctest/CaesarPadUITests (in target 'CaesarPadUITests' from project 'CaesarPadUITestHarness')
    cd /Users/chrissotraidis/GitHub/caesarpad/tests/ui
    /Applications/Xcode.app/Contents/Developer/Toolchains/XcodeDefault.xctoolchain/usr/bin/dsymutil /Users/chrissotraidis/GitHub/caesarpad/build/ui-tests/Debug-iphonesimulator/CaesarPadUITests-Runner.app/PlugIns/CaesarPadUITests.xctest/CaesarPadUITests -o /Users/chrissotraidis/GitHub/caesarpad/build/ui-tests/Debug-iphonesimulator/CaesarPadUITests-Runner.app/PlugIns/CaesarPadUITests.xctest.dSYM

AppIntentsSSUTraining (in target 'CaesarPadUITests' from project 'CaesarPadUITestHarness')
    cd /Users/chrissotraidis/GitHub/caesarpad/tests/ui
    /Applications/Xcode.app/Contents/Developer/Toolchains/XcodeDefault.xctoolchain/usr/bin/appintentsnltrainingprocessor --infoplist-path /Users/chrissotraidis/GitHub/caesarpad/build/ui-tests/Debug-iphonesimulator/CaesarPadUITests-Runner.app/PlugIns/CaesarPadUITests.xctest/Info.plist --temp-dir-path /Users/chrissotraidis/GitHub/caesarpad/build/ui-tests/build/CaesarPadUITests.build/Debug-iphonesimulator/ssu --bundle-id dev.caesarpad.uitests --product-path /Users/chrissotraidis/GitHub/caesarpad/build/ui-tests/Debug-iphonesimulator/CaesarPadUITests-Runner.app/PlugIns/CaesarPadUITests.xctest --extracted-metadata-path /Users/chrissotraidis/GitHub/caesarpad/build/ui-tests/Debug-iphonesimulator/CaesarPadUITests-Runner.app/PlugIns/CaesarPadUITests.xctest/Metadata.appintents --metadata-file-list /Users/chrissotraidis/GitHub/caesarpad/build/ui-tests/build/CaesarPadUITests.build/Debug-iphonesimulator/CaesarPadUITests.DependencyMetadataFileList --source-file /Users/chrissotraidis/GitHub/caesarpad/build/ui-tests/Debug-iphonesimulator/CaesarPadUITests-Runner.app/PlugIns/CaesarPadUITests.xctest/Info.plist --archive-ssu-assets
2026-07-27 02:04:52.063 appintentsnltrainingprocessor[59867:27387159] Parsing options for appintentsnltrainingprocessor
2026-07-27 02:04:52.064 appintentsnltrainingprocessor[59867:27387159] Starting AppIntents SSU YAML Generation
2026-07-27 02:04:52.064 appintentsnltrainingprocessor[59867:27387159] No AppShortcuts found - Skipping.

CopyAndPreserveArchs /Users/chrissotraidis/GitHub/caesarpad/build/ui-tests/Debug-iphonesimulator/CaesarPadUITests-Runner.app/CaesarPadUITests-Runner (in target 'CaesarPadUITests' from project 'CaesarPadUITestHarness')
    cd /Users/chrissotraidis/GitHub/caesarpad/tests/ui
    /Applications/Xcode.app/Contents/Developer/Toolchains/XcodeDefault.xctoolchain/usr/bin/lipo /Applications/Xcode.app/Contents/Developer/Platforms/iPhoneSimulator.platform/Developer/Library/Xcode/Agents/XCTRunner.app/XCTRunner -output /Users/chrissotraidis/GitHub/caesarpad/build/ui-tests/Debug-iphonesimulator/CaesarPadUITests-Runner.app/CaesarPadUITests-Runner -extract arm64

CopyPlistFile /Users/chrissotraidis/GitHub/caesarpad/build/ui-tests/Debug-iphonesimulator/CaesarPadUITests-Runner.app/Info.plist /Applications/Xcode.app/Contents/Developer/Platforms/iPhoneSimulator.platform/Developer/Library/Xcode/Agents/XCTRunner.app/Info.plist (in target 'CaesarPadUITests' from project 'CaesarPadUITestHarness')
    cd /Users/chrissotraidis/GitHub/caesarpad/tests/ui
    builtin-copyPlist --validate --convert xml1 --macro-expansion WRAPPEDPRODUCTNAME CaesarPadUITests-Runner --macro-expansion WRAPPEDPRODUCTBUNDLEIDENTIFIER dev.caesarpad.uitests.xctrunner --macro-expansion TESTPRODUCTNAME CaesarPadUITests --macro-expansion TESTPRODUCTBUNDLEIDENTIFIER dev.caesarpad.uitests --copy-value UIDeviceFamily /Users/chrissotraidis/GitHub/caesarpad/build/ui-tests/Debug-iphonesimulator/CaesarPadUITests-Runner.app/PlugIns/CaesarPadUITests.xctest/Info.plist --outdir /Users/chrissotraidis/GitHub/caesarpad/build/ui-tests/Debug-iphonesimulator/CaesarPadUITests-Runner.app -- /Applications/Xcode.app/Contents/Developer/Platforms/iPhoneSimulator.platform/Developer/Library/Xcode/Agents/XCTRunner.app/Info.plist

Copy /Users/chrissotraidis/GitHub/caesarpad/build/ui-tests/Debug-iphonesimulator/CaesarPadUITests-Runner.app/PkgInfo /Applications/Xcode.app/Contents/Developer/Platforms/iPhoneSimulator.platform/Developer/Library/Xcode/Agents/XCTRunner.app/PkgInfo (in target 'CaesarPadUITests' from project 'CaesarPadUITestHarness')
    cd /Users/chrissotraidis/GitHub/caesarpad/tests/ui
    builtin-copy -exclude .DS_Store -exclude CVS -exclude .svn -exclude .git -exclude .hg -strip-unsigned-binaries -strip-deterministic -strip-tool /Applications/Xcode.app/Contents/Developer/Toolchains/XcodeDefault.xctoolchain/usr/bin/strip -resolve-src-symlinks /Applications/Xcode.app/Contents/Developer/Platforms/iPhoneSimulator.platform/Developer/Library/Xcode/Agents/XCTRunner.app/PkgInfo /Users/chrissotraidis/GitHub/caesarpad/build/ui-tests/Debug-iphonesimulator/CaesarPadUITests-Runner.app

Copy /Users/chrissotraidis/GitHub/caesarpad/build/ui-tests/Debug-iphonesimulator/CaesarPadUITests-Runner.app/Frameworks/libXCTestSwiftSupport.dylib /Applications/Xcode.app/Contents/Developer/Platforms/iPhoneSimulator.platform/Developer/usr/lib/libXCTestSwiftSupport.dylib (in target 'CaesarPadUITests' from project 'CaesarPadUITestHarness')
    cd /Users/chrissotraidis/GitHub/caesarpad/tests/ui
    builtin-copy -exclude .DS_Store -exclude CVS -exclude .svn -exclude .git -exclude .hg -exclude Headers -exclude PrivateHeaders -exclude Modules -exclude \*.tbd -strip-unsigned-binaries -strip-deterministic -strip-tool /Applications/Xcode.app/Contents/Developer/Toolchains/XcodeDefault.xctoolchain/usr/bin/strip -resolve-src-symlinks /Applications/Xcode.app/Contents/Developer/Platforms/iPhoneSimulator.platform/Developer/usr/lib/libXCTestSwiftSupport.dylib /Users/chrissotraidis/GitHub/caesarpad/build/ui-tests/Debug-iphonesimulator/CaesarPadUITests-Runner.app/Frameworks
warning: not stripping binary because it is signed: /Applications/Xcode.app/Contents/Developer/Platforms/iPhoneSimulator.platform/Developer/usr/lib/libXCTestSwiftSupport.dylib (in target 'CaesarPadUITests' from project 'CaesarPadUITestHarness')

Copy /Users/chrissotraidis/GitHub/caesarpad/build/ui-tests/Debug-iphonesimulator/CaesarPadUITests-Runner.app/Frameworks/XCUnit.framework /Applications/Xcode.app/Contents/Developer/Platforms/iPhoneSimulator.platform/Developer/Library/PrivateFrameworks/XCUnit.framework (in target 'CaesarPadUITests' from project 'CaesarPadUITestHarness')
    cd /Users/chrissotraidis/GitHub/caesarpad/tests/ui
    builtin-copy -exclude .DS_Store -exclude CVS -exclude .svn -exclude .git -exclude .hg -exclude Headers -exclude PrivateHeaders -exclude Modules -exclude \*.tbd -strip-unsigned-binaries -strip-deterministic -strip-tool /Applications/Xcode.app/Contents/Developer/Toolchains/XcodeDefault.xctoolchain/usr/bin/strip -resolve-src-symlinks /Applications/Xcode.app/Contents/Developer/Platforms/iPhoneSimulator.platform/Developer/Library/PrivateFrameworks/XCUnit.framework /Users/chrissotraidis/GitHub/caesarpad/build/ui-tests/Debug-iphonesimulator/CaesarPadUITests-Runner.app/Frameworks
warning: not stripping binary because it is signed: /Applications/Xcode.app/Contents/Developer/Platforms/iPhoneSimulator.platform/Developer/Library/PrivateFrameworks/XCUnit.framework/XCUnit (in target 'CaesarPadUITests' from project 'CaesarPadUITestHarness')

Copy /Users/chrissotraidis/GitHub/caesarpad/build/ui-tests/Debug-iphonesimulator/CaesarPadUITests-Runner.app/Frameworks/XCUIAutomation.framework /Applications/Xcode.app/Contents/Developer/Platforms/iPhoneSimulator.platform/Developer/Library/Frameworks/XCUIAutomation.framework (in target 'CaesarPadUITests' from project 'CaesarPadUITestHarness')
    cd /Users/chrissotraidis/GitHub/caesarpad/tests/ui
    builtin-copy -exclude .DS_Store -exclude CVS -exclude .svn -exclude .git -exclude .hg -exclude Headers -exclude PrivateHeaders -exclude Modules -exclude \*.tbd -strip-unsigned-binaries -strip-deterministic -strip-tool /Applications/Xcode.app/Contents/Developer/Toolchains/XcodeDefault.xctoolchain/usr/bin/strip -resolve-src-symlinks /Applications/Xcode.app/Contents/Developer/Platforms/iPhoneSimulator.platform/Developer/Library/Frameworks/XCUIAutomation.framework /Users/chrissotraidis/GitHub/caesarpad/build/ui-tests/Debug-iphonesimulator/CaesarPadUITests-Runner.app/Frameworks
warning: not stripping binary because it is signed: /Applications/Xcode.app/Contents/Developer/Platforms/iPhoneSimulator.platform/Developer/Library/Frameworks/XCUIAutomation.framework/XCUIAutomation (in target 'CaesarPadUITests' from project 'CaesarPadUITestHarness')

Copy /Users/chrissotraidis/GitHub/caesarpad/build/ui-tests/Debug-iphonesimulator/CaesarPadUITests-Runner.app/Frameworks/XCTestSupport.framework /Applications/Xcode.app/Contents/Developer/Platforms/iPhoneSimulator.platform/Developer/Library/PrivateFrameworks/XCTestSupport.framework (in target 'CaesarPadUITests' from project 'CaesarPadUITestHarness')
    cd /Users/chrissotraidis/GitHub/caesarpad/tests/ui
    builtin-copy -exclude .DS_Store -exclude CVS -exclude .svn -exclude .git -exclude .hg -exclude Headers -exclude PrivateHeaders -exclude Modules -exclude \*.tbd -strip-unsigned-binaries -strip-deterministic -strip-tool /Applications/Xcode.app/Contents/Developer/Toolchains/XcodeDefault.xctoolchain/usr/bin/strip -resolve-src-symlinks /Applications/Xcode.app/Contents/Developer/Platforms/iPhoneSimulator.platform/Developer/Library/PrivateFrameworks/XCTestSupport.framework /Users/chrissotraidis/GitHub/caesarpad/build/ui-tests/Debug-iphonesimulator/CaesarPadUITests-Runner.app/Frameworks
warning: not stripping binary because it is signed: /Applications/Xcode.app/Contents/Developer/Platforms/iPhoneSimulator.platform/Developer/Library/PrivateFrameworks/XCTestSupport.framework/XCTestSupport (in target 'CaesarPadUITests' from project 'CaesarPadUITestHarness')

MkDir /Users/chrissotraidis/GitHub/caesarpad/build/ui-tests/Debug-iphonesimulator/CaesarPadUITests-Runner.app (in target 'CaesarPadUITests' from project 'CaesarPadUITestHarness')
    cd /Users/chrissotraidis/GitHub/caesarpad/tests/ui
    /bin/mkdir -p /Users/chrissotraidis/GitHub/caesarpad/build/ui-tests/Debug-iphonesimulator/CaesarPadUITests-Runner.app

Copy /Users/chrissotraidis/GitHub/caesarpad/build/ui-tests/Debug-iphonesimulator/CaesarPadUITests-Runner.app/Frameworks/XCTestCore.framework /Applications/Xcode.app/Contents/Developer/Platforms/iPhoneSimulator.platform/Developer/Library/PrivateFrameworks/XCTestCore.framework (in target 'CaesarPadUITests' from project 'CaesarPadUITestHarness')
    cd /Users/chrissotraidis/GitHub/caesarpad/tests/ui
    builtin-copy -exclude .DS_Store -exclude CVS -exclude .svn -exclude .git -exclude .hg -exclude Headers -exclude PrivateHeaders -exclude Modules -exclude \*.tbd -strip-unsigned-binaries -strip-deterministic -strip-tool /Applications/Xcode.app/Contents/Developer/Toolchains/XcodeDefault.xctoolchain/usr/bin/strip -resolve-src-symlinks /Applications/Xcode.app/Contents/Developer/Platforms/iPhoneSimulator.platform/Developer/Library/PrivateFrameworks/XCTestCore.framework /Users/chrissotraidis/GitHub/caesarpad/build/ui-tests/Debug-iphonesimulator/CaesarPadUITests-Runner.app/Frameworks
warning: not stripping binary because it is signed: /Applications/Xcode.app/Contents/Developer/Platforms/iPhoneSimulator.platform/Developer/Library/PrivateFrameworks/XCTestCore.framework/XCTestCore (in target 'CaesarPadUITests' from project 'CaesarPadUITestHarness')

Copy /Users/chrissotraidis/GitHub/caesarpad/build/ui-tests/Debug-iphonesimulator/CaesarPadUITests-Runner.app/Frameworks/XCTest.framework /Applications/Xcode.app/Contents/Developer/Platforms/iPhoneSimulator.platform/Developer/Library/Frameworks/XCTest.framework (in target 'CaesarPadUITests' from project 'CaesarPadUITestHarness')
    cd /Users/chrissotraidis/GitHub/caesarpad/tests/ui
    builtin-copy -exclude .DS_Store -exclude CVS -exclude .svn -exclude .git -exclude .hg -exclude Headers -exclude PrivateHeaders -exclude Modules -exclude \*.tbd -strip-unsigned-binaries -strip-deterministic -strip-tool /Applications/Xcode.app/Contents/Developer/Toolchains/XcodeDefault.xctoolchain/usr/bin/strip -resolve-src-symlinks /Applications/Xcode.app/Contents/Developer/Platforms/iPhoneSimulator.platform/Developer/Library/Frameworks/XCTest.framework /Users/chrissotraidis/GitHub/caesarpad/build/ui-tests/Debug-iphonesimulator/CaesarPadUITests-Runner.app/Frameworks
warning: not stripping binary because it is signed: /Applications/Xcode.app/Contents/Developer/Platforms/iPhoneSimulator.platform/Developer/Library/Frameworks/XCTest.framework/XCTest (in target 'CaesarPadUITests' from project 'CaesarPadUITestHarness')

Copy /Users/chrissotraidis/GitHub/caesarpad/build/ui-tests/Debug-iphonesimulator/CaesarPadUITests-Runner.app/Frameworks/XCTAutomationSupport.framework /Applications/Xcode.app/Contents/Developer/Platforms/iPhoneSimulator.platform/Developer/Library/PrivateFrameworks/XCTAutomationSupport.framework (in target 'CaesarPadUITests' from project 'CaesarPadUITestHarness')
    cd /Users/chrissotraidis/GitHub/caesarpad/tests/ui
    builtin-copy -exclude .DS_Store -exclude CVS -exclude .svn -exclude .git -exclude .hg -exclude Headers -exclude PrivateHeaders -exclude Modules -exclude \*.tbd -strip-unsigned-binaries -strip-deterministic -strip-tool /Applications/Xcode.app/Contents/Developer/Toolchains/XcodeDefault.xctoolchain/usr/bin/strip -resolve-src-symlinks /Applications/Xcode.app/Contents/Developer/Platforms/iPhoneSimulator.platform/Developer/Library/PrivateFrameworks/XCTAutomationSupport.framework /Users/chrissotraidis/GitHub/caesarpad/build/ui-tests/Debug-iphonesimulator/CaesarPadUITests-Runner.app/Frameworks
warning: not stripping binary because it is signed: /Applications/Xcode.app/Contents/Developer/Platforms/iPhoneSimulator.platform/Developer/Library/PrivateFrameworks/XCTAutomationSupport.framework/XCTAutomationSupport (in target 'CaesarPadUITests' from project 'CaesarPadUITestHarness')

Copy /Users/chrissotraidis/GitHub/caesarpad/build/ui-tests/Debug-iphonesimulator/CaesarPadUITests-Runner.app/Frameworks/Testing.framework /Applications/Xcode.app/Contents/Developer/Platforms/iPhoneSimulator.platform/Developer/Library/Frameworks/Testing.framework (in target 'CaesarPadUITests' from project 'CaesarPadUITestHarness')
    cd /Users/chrissotraidis/GitHub/caesarpad/tests/ui
    builtin-copy -exclude .DS_Store -exclude CVS -exclude .svn -exclude .git -exclude .hg -exclude Headers -exclude PrivateHeaders -exclude Modules -exclude \*.tbd -strip-unsigned-binaries -strip-deterministic -strip-tool /Applications/Xcode.app/Contents/Developer/Toolchains/XcodeDefault.xctoolchain/usr/bin/strip -resolve-src-symlinks /Applications/Xcode.app/Contents/Developer/Platforms/iPhoneSimulator.platform/Developer/Library/Frameworks/Testing.framework /Users/chrissotraidis/GitHub/caesarpad/build/ui-tests/Debug-iphonesimulator/CaesarPadUITests-Runner.app/Frameworks
warning: not stripping binary because it is signed: /Applications/Xcode.app/Contents/Developer/Platforms/iPhoneSimulator.platform/Developer/Library/Frameworks/Testing.framework/Testing (in target 'CaesarPadUITests' from project 'CaesarPadUITestHarness')

RegisterExecutionPolicyException /Users/chrissotraidis/GitHub/caesarpad/build/ui-tests/Debug-iphonesimulator/CaesarPadUITests-Runner.app/PlugIns/CaesarPadUITests.xctest (in target 'CaesarPadUITests' from project 'CaesarPadUITestHarness')
    cd /Users/chrissotraidis/GitHub/caesarpad/tests/ui
    builtin-RegisterExecutionPolicyException /Users/chrissotraidis/GitHub/caesarpad/build/ui-tests/Debug-iphonesimulator/CaesarPadUITests-Runner.app/PlugIns/CaesarPadUITests.xctest

Touch /Users/chrissotraidis/GitHub/caesarpad/build/ui-tests/Debug-iphonesimulator/CaesarPadUITests-Runner.app/PlugIns/CaesarPadUITests.xctest (in target 'CaesarPadUITests' from project 'CaesarPadUITestHarness')
    cd /Users/chrissotraidis/GitHub/caesarpad/tests/ui
    /usr/bin/touch -c /Users/chrissotraidis/GitHub/caesarpad/build/ui-tests/Debug-iphonesimulator/CaesarPadUITests-Runner.app/PlugIns/CaesarPadUITests.xctest

note: Run script build phase 'Generate CMakeFiles/ZERO_CHECK' will be run during every build because the option to run the script phase "Based on dependency analysis" is unchecked. (in target 'ZERO_CHECK' from project 'CaesarPadUITestHarness')
2026-07-27 02:04:57.093612-0500 CaesarPadUITests-Runner[59892:27387425] [Default] Running tests...
    t =      nans Interface orientation changed to Landscape Right
Test Suite 'Selected tests' started at 2026-07-27 02:04:58.973.
Test Suite 'CaesarPadUITests.xctest' started at 2026-07-27 02:04:58.978.
Test Suite 'CaesarPadUITests' started at 2026-07-27 02:04:58.978.
Test Case '-[CaesarPadUITests.CaesarPadUITests testMinimalTouchControls]' started.
    t =     0.00s Start Test at 2026-07-27 02:04:58.981
    t =     0.12s Set Up
    t =     0.13s Open com.github.keriew.augustus
    t =     0.13s     Launch com.github.keriew.augustus
    t =     0.13s         Terminate com.github.keriew.augustus:59130
    t =     1.54s         Setting up automation session
    t =     3.32s         Wait for com.github.keriew.augustus to idle
    t =     8.63s Wait for com.github.keriew.augustus to become Running Foreground
    t =     8.63s Find the Application 'com.github.keriew.augustus'
    t =     8.84s Find the Application 'com.github.keriew.augustus'
    t =     8.85s Waiting 5.0s for "caesarpad.pause" Button to exist
    t =     9.93s     Checking `Expect predicate `existsNoRetry == 1` for object "caesarpad.pause" Button`
    t =     9.93s         Checking existence of `"caesarpad.pause" Button`
    t =     9.95s Find the "caesarpad.pause" Button
    t =     9.99s Waiting 5.0s for "caesarpad.canvas" Other to exist
    t =    11.06s     Checking `Expect predicate `existsNoRetry == 1` for object "caesarpad.canvas" Other`
    t =    11.06s         Checking existence of `"caesarpad.canvas" Other`
    t =    11.07s Find the "caesarpad.canvas" Other
    t =    11.09s Find the "caesarpad.canvas" Other
    t =    11.30s Added attachment named '20-touch-landscape'
    t =    11.30s Tap Application 'com.github.keriew.augustus'[0.53, 0.45]
    t =    11.30s     Wait for com.github.keriew.augustus to idle
    t =    11.30s     Find the Application 'com.github.keriew.augustus'
    t =    11.33s     Check for interrupting elements affecting "CaesarPad" Application
    t =    11.36s     Synthesize event
    t =    11.37s         Find the Application 'com.github.keriew.augustus'
    t =    11.38s         Find the Application 'com.github.keriew.augustus'
    t =    11.40s         Find the Application 'com.github.keriew.augustus'
    t =    11.72s     Wait for com.github.keriew.augustus to idle
    t =    12.24s Tap Application 'com.github.keriew.augustus'[0.50, 0.52]
    t =    12.24s     Wait for com.github.keriew.augustus to idle
    t =    12.25s     Find the Application 'com.github.keriew.augustus'
    t =    12.29s     Check for interrupting elements affecting "CaesarPad" Application
    t =    12.33s     Synthesize event
    t =    12.34s         Find the Application 'com.github.keriew.augustus'
    t =    12.36s         Find the Application 'com.github.keriew.augustus'
    t =    12.42s         Find the Application 'com.github.keriew.augustus'
    t =    12.76s     Wait for com.github.keriew.augustus to idle
    t =    15.90s Tap Application 'com.github.keriew.augustus'[0.50, 0.53]
    t =    15.91s     Wait for com.github.keriew.augustus to idle
    t =    16.06s     Find the Application 'com.github.keriew.augustus'
    t =    16.15s     Check for interrupting elements affecting "CaesarPad" Application
    t =    16.30s     Synthesize event
    t =    16.32s         Find the Application 'com.github.keriew.augustus'
    t =    16.41s         Find the Application 'com.github.keriew.augustus'
    t =    16.66s         Find the Application 'com.github.keriew.augustus'
    t =    17.42s     Wait for com.github.keriew.augustus to idle
    t =    19.65s Tap Application 'com.github.keriew.augustus'[0.50, 0.38]
    t =    19.65s     Wait for com.github.keriew.augustus to idle
    t =    19.66s     Find the Application 'com.github.keriew.augustus'
    t =    19.71s     Check for interrupting elements affecting "CaesarPad" Application
    t =    19.76s     Synthesize event
    t =    19.77s         Find the Application 'com.github.keriew.augustus'
    t =    19.80s         Find the Application 'com.github.keriew.augustus'
    t =    19.83s         Find the Application 'com.github.keriew.augustus'
    t =    20.17s     Wait for com.github.keriew.augustus to idle
    t =    21.93s Tap Application 'com.github.keriew.augustus'[0.68, 0.75]
    t =    21.94s     Wait for com.github.keriew.augustus to idle
    t =    21.98s     Find the Application 'com.github.keriew.augustus'
    t =    22.13s     Check for interrupting elements affecting "CaesarPad" Application
    t =    22.28s     Synthesize event
    t =    22.29s         Find the Application 'com.github.keriew.augustus'
    t =    22.36s         Find the Application 'com.github.keriew.augustus'
    t =    22.51s         Find the Application 'com.github.keriew.augustus'
    t =    22.96s     Wait for com.github.keriew.augustus to idle
    t =    25.37s Tap Application 'com.github.keriew.augustus'[0.67, 0.85]
    t =    25.37s     Wait for com.github.keriew.augustus to idle
    t =    25.39s     Find the Application 'com.github.keriew.augustus'
    t =    25.47s     Check for interrupting elements affecting "CaesarPad" Application
    t =    25.54s     Synthesize event
    t =    25.57s         Find the Application 'com.github.keriew.augustus'
    t =    25.61s         Find the Application 'com.github.keriew.augustus'
    t =    26.43s         Find the Application 'com.github.keriew.augustus'
    t =    27.17s     Wait for com.github.keriew.augustus to idle
    t =    31.20s Tap Application 'com.github.keriew.augustus'[0.61, 0.56]
    t =    31.21s     Wait for com.github.keriew.augustus to idle
    t =    31.22s     Find the Application 'com.github.keriew.augustus'
    t =    31.25s     Check for interrupting elements affecting "CaesarPad" Application
    t =    31.30s     Synthesize event
    t =    31.30s         Find the Application 'com.github.keriew.augustus'
    t =    31.33s         Find the Application 'com.github.keriew.augustus'
    t =    31.36s         Find the Application 'com.github.keriew.augustus'
    t =    31.71s     Wait for com.github.keriew.augustus to idle
    t =    34.64s Added attachment named '21-touch-mission'
    t =    34.65s Tap Application 'com.github.keriew.augustus'[0.90, 0.38]
    t =    34.66s     Wait for com.github.keriew.augustus to idle
    t =    34.67s     Find the Application 'com.github.keriew.augustus'
    t =    34.72s     Check for interrupting elements affecting "CaesarPad" Application
    t =    34.79s     Synthesize event
    t =    34.81s         Find the Application 'com.github.keriew.augustus'
    t =    34.85s         Find the Application 'com.github.keriew.augustus'
    t =    34.92s         Find the Application 'com.github.keriew.augustus'
    t =    35.26s     Wait for com.github.keriew.augustus to idle
    t =    37.26s Added attachment named '22-tap-selected'
    t =    38.87s Added attachment named '24-two-finger-before'
    t =    38.90s Two finger tap "caesarpad.canvas" Other
    t =    38.90s     Wait for com.github.keriew.augustus to idle
    t =    38.92s     Find the "caesarpad.canvas" Other
    t =    38.97s     Check for interrupting elements affecting "caesarpad.canvas" Other
    t =    39.07s     Synthesize event
    t =    39.09s         Compute touch locations
    t =    39.13s                 Computed touch locations {417, 5} and {417, 1205} for visible frame {{0, 0}, {834, 1210}}
    t =    39.45s     Wait for com.github.keriew.augustus to idle
    t =    41.32s Added attachment named '25-two-finger-right-click'
    t =    42.77s Added attachment named '25-two-finger-right-click-complete'
    t =    42.78s Tap Application 'com.github.keriew.augustus'[0.90, 0.38]
    t =    42.78s     Wait for com.github.keriew.augustus to idle
    t =    42.80s     Find the Application 'com.github.keriew.augustus'
    t =    42.87s     Check for interrupting elements affecting "CaesarPad" Application
    t =    42.96s     Synthesize event
    t =    42.99s         Find the Application 'com.github.keriew.augustus'
    t =    43.07s         Find the Application 'com.github.keriew.augustus'
    t =    43.36s         Find the Application 'com.github.keriew.augustus'
    t =    43.76s     Wait for com.github.keriew.augustus to idle
    t =    45.63s Added attachment named '25a-long-press-before'
    t =    45.65s Press Application 'com.github.keriew.augustus'[0.45, 0.42] for 0.8 seconds
    t =    45.65s     Wait for com.github.keriew.augustus to idle
    t =    45.66s     Find the Application 'com.github.keriew.augustus'
    t =    45.71s     Check for interrupting elements affecting "CaesarPad" Application
    t =    45.78s     Synthesize event
    t =    45.79s         Find the Application 'com.github.keriew.augustus'
    t =    45.82s         Find the Application 'com.github.keriew.augustus'
    t =    45.90s         Find the Application 'com.github.keriew.augustus'
    t =    46.98s     Wait for com.github.keriew.augustus to idle
    t =    48.84s Added attachment named '25b-long-press-right-click'
    t =    50.30s Added attachment named '26-drag-before'
    t =    50.31s Press Application 'com.github.keriew.augustus'[0.36, 0.42] for 0.2 seconds, then drag to Application 'com.github.keriew.augustus'[0.60, 0.56] with velocity of 250.00 pixels per second, and then hold for 0.1 seconds
    t =    50.31s     Wait for com.github.keriew.augustus to idle
    t =    50.32s     Find the Application 'com.github.keriew.augustus'
    t =    50.37s     Check for interrupting elements affecting "CaesarPad" Application
    t =    50.43s     Synthesize event
    t =    50.44s         Find the Application 'com.github.keriew.augustus'
    t =    50.47s         Find the Application 'com.github.keriew.augustus'
    t =    50.52s         Find the Application 'com.github.keriew.augustus'
    t =    50.55s         Find the Application 'com.github.keriew.augustus'
    t =    50.60s         Find the Application 'com.github.keriew.augustus'
    t =    52.44s     Wait for com.github.keriew.augustus to idle
    t =    54.29s Added attachment named '27-drag-panned'
    t =    55.78s Added attachment named '28-pinch-before'
    t =    55.79s Pinch with scale 0.5, velocity -1 in "caesarpad.canvas" Other
    t =    55.79s     Wait for com.github.keriew.augustus to idle
    t =    55.81s     Find the "caesarpad.canvas" Other
    t =    55.86s     Check for interrupting elements affecting "caesarpad.canvas" Other
    t =    56.07s     Synthesize event
    t =    56.14s         Pinching with rect {{50, 50}, {734, 1110}}
    t =    57.13s     Wait for com.github.keriew.augustus to idle
    t =    60.06s Added attachment named '29-pinch-zoomed-out'
    t =    60.86s Pinch with scale 1.5, velocity 1 in "caesarpad.canvas" Other
    t =    60.86s     Wait for com.github.keriew.augustus to idle
    t =    60.88s     Find the "caesarpad.canvas" Other
    t =    60.95s     Check for interrupting elements affecting "caesarpad.canvas" Other
    t =    61.11s     Synthesize event
    t =    61.18s         Pinching with rect {{50, 50}, {734, 1110}}
    t =    63.07s     Wait for com.github.keriew.augustus to idle
    t =    65.98s Added attachment named '29a-pinch-zoomed-in'
    t =    67.49s Added attachment named '30-native-pause-before'
    t =    67.50s Find the "caesarpad.pause" Button
    t =    67.56s Tap "caesarpad.pause" Button
    t =    67.56s     Wait for com.github.keriew.augustus to idle
    t =    67.57s     Find the "caesarpad.pause" Button
    t =    67.60s     Check for interrupting elements affecting "caesarpad.pause" Button
    t =    67.70s     Synthesize event
    t =    68.06s     Wait for com.github.keriew.augustus to idle
    t =    70.10s Added attachment named '31-native-pause-after'
    t =    70.11s Find the "caesarpad.pause" Button
    t =    73.99s Added attachment named '31a-native-pause-held'
    t =    74.67s Tap "caesarpad.pause" Button
    t =    74.67s     Wait for com.github.keriew.augustus to idle
    t =    74.69s     Find the "caesarpad.pause" Button
    t =    74.74s     Check for interrupting elements affecting "caesarpad.pause" Button
    t =    74.80s     Synthesize event
    t =    75.16s     Wait for com.github.keriew.augustus to idle
    t =    77.30s Added attachment named '32-native-resume-after'
    t =    77.31s Find the "caesarpad.pause" Button
    t =    77.36s Tear Down
Test Case '-[CaesarPadUITests.CaesarPadUITests testMinimalTouchControls]' passed (77.737 seconds).
Test Suite 'CaesarPadUITests' passed at 2026-07-27 02:06:16.719.
	 Executed 1 test, with 0 failures (0 unexpected) in 77.737 (77.741) seconds
Test Suite 'CaesarPadUITests.xctest' passed at 2026-07-27 02:06:16.720.
	 Executed 1 test, with 0 failures (0 unexpected) in 77.737 (77.742) seconds
Test Suite 'Selected tests' passed at 2026-07-27 02:06:16.722.
	 Executed 1 test, with 0 failures (0 unexpected) in 77.737 (77.748) seconds
2026-07-27 02:06:17.985 xcodebuild[59801:27386745] [MT] IDETestOperationsObserverDebug: 85.804 elapsed -- Testing started completed.
2026-07-27 02:06:17.985 xcodebuild[59801:27386745] [MT] IDETestOperationsObserverDebug: 0.000 sec, +0.000 sec -- start
2026-07-27 02:06:17.985 xcodebuild[59801:27386745] [MT] IDETestOperationsObserverDebug: 85.804 sec, +85.804 sec -- end

Test session results, code coverage, and logs:
	/Users/chrissotraidis/GitHub/caesarpad/artifacts/public-preview/touch-stable-1.xcresult

** TEST SUCCEEDED **

Testing started
Saved UI-test results to artifacts/public-preview/touch-stable-1.xcresult
