== Devices ==
-- iOS 18.5 --
    iPhone 16 Pro (12A4163C-33A0-4936-8024-77A6D36698C5) (Shutdown)
    iPhone 16 Pro Max (C70641C3-0623-43D8-86AF-D2EFAC0E442B) (Shutdown)
    iPhone 16e (BCA608C8-94B3-48DF-B503-3381341EFA01) (Shutdown)
    iPhone 16 (212F13B4-01EE-453E-8B30-EFD7198D6C42) (Shutdown)
    iPhone 16 Plus (33EBFD15-0180-4CA4-B2CE-6BF354679F07) (Shutdown)
    iPad Pro 11-inch (M4) (08636791-2675-4675-8335-EF72EF954DCF) (Booted)
    iPad Pro 13-inch (M4) (02BFE363-AA20-48BD-BBE0-7DBEB4AD8713) (Shutdown)
    iPad mini (A17 Pro) (7D8C148F-3B11-43B3-A032-0D6DBE40C366) (Shutdown)
    iPad (A16) (0309932A-BD06-4561-B889-B4576C42BC22) (Shutdown)
    iPad Air 13-inch (M3) (EEF37AFD-88A6-44DB-9631-57E00476704F) (Shutdown)
    iPad Air 11-inch (M3) (9C4B6D74-7B8D-4DBC-93E7-5590E45539A8) (Shutdown)
    DaggerPad iPad Pro M2 iOS 18.5 (99B296D5-8819-4637-8C62-347E1F49B85F) (Shutdown)
-- iOS 26.5 --
    iPhone 17 Pro (7B639924-AD8F-4D5C-AD29-71F47C768A0D) (Shutdown)
    iPhone 17 Pro Max (792AD754-00D3-4DEE-8B7A-1A22339A3D33) (Shutdown)
    iPhone 17e (3083B3E5-DA75-4071-9E93-EF0A38D24DEF) (Shutdown)
    iPhone Air (3C0748FC-5DE0-4058-B110-B9F846E7E030) (Shutdown)
    iPhone 17 (DA775E37-2A7F-497C-9A45-6601682D2DCA) (Shutdown)
    iPad Pro 13-inch (M5) (68016FEA-1887-4E05-A7F4-B26EC8572B8A) (Shutdown)
    iPad Pro 11-inch (M5) (DE8E956F-6B29-4FF3-AF4A-77034CE8588A) (Shutdown)
    iPad mini (A17 Pro) (6F31C8CB-2FEE-4258-AD75-C672BB4AB3BA) (Shutdown)
    iPad Air 13-inch (M4) (151160FE-3DA5-4725-A719-79CCC50EB4AA) (Shutdown)
    iPad Air 11-inch (M4) (D5BFE5D2-C276-4F9A-B3C1-305C256BED0D) (Shutdown)
    iPad (A16) (5C2FD444-A69E-4EF0-83A5-5EDB579015C8) (Shutdown)
    DaggerPad iPad Pro M2 (4B500075-51AB-45B2-BF38-F325507BB905) (Shutdown)
    DaggerPad iPad Pro M2 Clean (48B29BDF-DA77-48A2-85F0-5AADFBC4B563) (Shutdown)
