-- Configuring done (0.4s)
-- Generating done (0.1s)
-- Build files have been written to: /Users/chrissotraidis/GitHub/caesarpad/build/ui-tests
Command line invocation:
    /Applications/Xcode.app/Contents/Developer/usr/bin/xcodebuild -project /Users/chrissotraidis/GitHub/caesarpad/build/ui-tests/CaesarPadUITestHarness.xcodeproj -scheme CaesarPadUITests -configuration Debug -sdk iphonesimulator -derivedDataPath /Users/chrissotraidis/GitHub/caesarpad/build/ui-tests/DerivedData clean

Build settings from command line:
    SDKROOT = iphonesimulator26.5

--- xcodebuild: WARNING: Using the first of multiple matching destinations:
{ platform:iOS Simulator, id:dvtdevice-DVTiOSDeviceSimulatorPlaceholder-iphonesimulator:placeholder, name:Any iOS Simulator Device }
{ platform:iOS Simulator, arch:arm64, id:4B500075-51AB-45B2-BF38-F325507BB905, OS:26.5, name:DaggerPad iPad Pro M2 }
{ platform:iOS Simulator, arch:arm64, id:48B29BDF-DA77-48A2-85F0-5AADFBC4B563, OS:26.5, name:DaggerPad iPad Pro M2 Clean }
{ platform:iOS Simulator, arch:arm64, id:99B296D5-8819-4637-8C62-347E1F49B85F, OS:18.5, name:DaggerPad iPad Pro M2 iOS 18.5 }
{ platform:iOS Simulator, arch:x86_64, id:99B296D5-8819-4637-8C62-347E1F49B85F, OS:18.5, name:DaggerPad iPad Pro M2 iOS 18.5 }
{ platform:iOS Simulator, arch:arm64, id:0309932A-BD06-4561-B889-B4576C42BC22, OS:18.5, name:iPad (A16) }
{ platform:iOS Simulator, arch:x86_64, id:0309932A-BD06-4561-B889-B4576C42BC22, OS:18.5, name:iPad (A16) }
{ platform:iOS Simulator, arch:arm64, id:5C2FD444-A69E-4EF0-83A5-5EDB579015C8, OS:26.5, name:iPad (A16) }
{ platform:iOS Simulator, arch:arm64, id:9C4B6D74-7B8D-4DBC-93E7-5590E45539A8, OS:18.5, name:iPad Air 11-inch (M3) }
{ platform:iOS Simulator, arch:x86_64, id:9C4B6D74-7B8D-4DBC-93E7-5590E45539A8, OS:18.5, name:iPad Air 11-inch (M3) }
{ platform:iOS Simulator, arch:arm64, id:D5BFE5D2-C276-4F9A-B3C1-305C256BED0D, OS:26.5, name:iPad Air 11-inch (M4) }
{ platform:iOS Simulator, arch:arm64, id:EEF37AFD-88A6-44DB-9631-57E00476704F, OS:18.5, name:iPad Air 13-inch (M3) }
{ platform:iOS Simulator, arch:x86_64, id:EEF37AFD-88A6-44DB-9631-57E00476704F, OS:18.5, name:iPad Air 13-inch (M3) }
{ platform:iOS Simulator, arch:arm64, id:151160FE-3DA5-4725-A719-79CCC50EB4AA, OS:26.5, name:iPad Air 13-inch (M4) }
{ platform:iOS Simulator, arch:arm64, id:08636791-2675-4675-8335-EF72EF954DCF, OS:18.5, name:iPad Pro 11-inch (M4) }
{ platform:iOS Simulator, arch:x86_64, id:08636791-2675-4675-8335-EF72EF954DCF, OS:18.5, name:iPad Pro 11-inch (M4) }
{ platform:iOS Simulator, arch:arm64, id:DE8E956F-6B29-4FF3-AF4A-77034CE8588A, OS:26.5, name:iPad Pro 11-inch (M5) }
{ platform:iOS Simulator, arch:arm64, id:02BFE363-AA20-48BD-BBE0-7DBEB4AD8713, OS:18.5, name:iPad Pro 13-inch (M4) }
{ platform:iOS Simulator, arch:x86_64, id:02BFE363-AA20-48BD-BBE0-7DBEB4AD8713, OS:18.5, name:iPad Pro 13-inch (M4) }
{ platform:iOS Simulator, arch:arm64, id:68016FEA-1887-4E05-A7F4-B26EC8572B8A, OS:26.5, name:iPad Pro 13-inch (M5) }
{ platform:iOS Simulator, arch:arm64, id:7D8C148F-3B11-43B3-A032-0D6DBE40C366, OS:18.5, name:iPad mini (A17 Pro) }
{ platform:iOS Simulator, arch:x86_64, id:7D8C148F-3B11-43B3-A032-0D6DBE40C366, OS:18.5, name:iPad mini (A17 Pro) }
{ platform:iOS Simulator, arch:arm64, id:6F31C8CB-2FEE-4258-AD75-C672BB4AB3BA, OS:26.5, name:iPad mini (A17 Pro) }
CreateBuildRequest

SendProjectDescription

CreateBuildOperation

** CLEAN SUCCEEDED **

Command line invocation:
    /Applications/Xcode.app/Contents/Developer/usr/bin/xcodebuild -project /Users/chrissotraidis/GitHub/caesarpad/build/ui-tests/CaesarPadUITestHarness.xcodeproj -scheme CaesarPadUITests -configuration Debug -sdk iphonesimulator -destination "platform=iOS Simulator,id=08636791-2675-4675-8335-EF72EF954DCF" -derivedDataPath /Users/chrissotraidis/GitHub/caesarpad/build/ui-tests/DerivedData -resultBundlePath artifacts/g4/playable-flow-pass-2.xcresult CODE_SIGN_IDENTITY= CODE_SIGNING_REQUIRED=NO CODE_SIGNING_ALLOWED=NO test

Build settings from command line:
    CODE_SIGN_IDENTITY =
    CODE_SIGNING_ALLOWED = NO
    CODE_SIGNING_REQUIRED = NO
    SDKROOT = iphonesimulator26.5

Writing result bundle at path:
	/Users/chrissotraidis/GitHub/caesarpad/artifacts/g4/playable-flow-pass-2.xcresult

--- xcodebuild: WARNING: Using the first of multiple matching destinations:
{ platform:iOS Simulator, arch:arm64, id:08636791-2675-4675-8335-EF72EF954DCF, OS:18.5, name:iPad Pro 11-inch (M4) }
{ platform:iOS Simulator, arch:x86_64, id:08636791-2675-4675-8335-EF72EF954DCF, OS:18.5, name:iPad Pro 11-inch (M4) }
note: Using codesigning identity override:
ComputePackagePrebuildTargetDependencyGraph

CreateBuildRequest

SendProjectDescription

CreateBuildOperation

ComputeTargetDependencyGraph
note: Building targets in dependency order
note: Target dependency graph (3 targets)
    Target 'CaesarPadUITests' in project 'CaesarPadUITestHarness'
        ➜ Explicit dependency on target 'CaesarPadTestHost' in project 'CaesarPadUITestHarness'
        ➜ Explicit dependency on target 'ZERO_CHECK' in project 'CaesarPadUITestHarness'
    Target 'CaesarPadTestHost' in project 'CaesarPadUITestHarness'
        ➜ Explicit dependency on target 'ZERO_CHECK' in project 'CaesarPadUITestHarness'
    Target 'ZERO_CHECK' in project 'CaesarPadUITestHarness' (no dependencies)

GatherProvisioningInputs

CreateBuildDescription

ExecuteExternalTool /Applications/Xcode.app/Contents/Developer/Toolchains/XcodeDefault.xctoolchain/usr/bin/clang -v -E -dM -isysroot /Applications/Xcode.app/Contents/Developer/Platforms/iPhoneSimulator.platform/Developer/SDKs/iPhoneSimulator26.5.sdk -x c -c /dev/null

ExecuteExternalTool /Applications/Xcode.app/Contents/Developer/Toolchains/XcodeDefault.xctoolchain/usr/bin/swiftc --version

ExecuteExternalTool /Applications/Xcode.app/Contents/Developer/Toolchains/XcodeDefault.xctoolchain/usr/bin/ld -version_details

Build description signature: 3595c8bc82224e60930a004016611b53
Build description path: /Users/chrissotraidis/GitHub/caesarpad/build/ui-tests/build/XCBuildData/3595c8bc82224e60930a004016611b53.xcbuilddata
ClangStatCache /Applications/Xcode.app/Contents/Developer/Toolchains/XcodeDefault.xctoolchain/usr/bin/clang-stat-cache /Applications/Xcode.app/Contents/Developer/Platforms/iPhoneSimulator.platform/Developer/SDKs/iPhoneSimulator26.5.sdk /Users/chrissotraidis/GitHub/caesarpad/build/ui-tests/DerivedData/SDKStatCaches.noindex/iphonesimulator26.5-23F81a-6cfe768891a92b912361537c460fe42b.sdkstatcache
    cd /Users/chrissotraidis/GitHub/caesarpad/build/ui-tests/CaesarPadUITestHarness.xcodeproj
    /Applications/Xcode.app/Contents/Developer/Toolchains/XcodeDefault.xctoolchain/usr/bin/clang-stat-cache /Applications/Xcode.app/Contents/Developer/Platforms/iPhoneSimulator.platform/Developer/SDKs/iPhoneSimulator26.5.sdk -o /Users/chrissotraidis/GitHub/caesarpad/build/ui-tests/DerivedData/SDKStatCaches.noindex/iphonesimulator26.5-23F81a-6cfe768891a92b912361537c460fe42b.sdkstatcache

CreateBuildDirectory /Users/chrissotraidis/GitHub/caesarpad/build/ui-tests/build
    cd /Users/chrissotraidis/GitHub/caesarpad/build/ui-tests/CaesarPadUITestHarness.xcodeproj
    builtin-create-build-directory /Users/chrissotraidis/GitHub/caesarpad/build/ui-tests/build

CreateBuildDirectory /Users/chrissotraidis/GitHub/caesarpad/build/ui-tests/Debug-iphonesimulator
    cd /Users/chrissotraidis/GitHub/caesarpad/build/ui-tests/CaesarPadUITestHarness.xcodeproj
    builtin-create-build-directory /Users/chrissotraidis/GitHub/caesarpad/build/ui-tests/Debug-iphonesimulator

CreateBuildDirectory /Users/chrissotraidis/GitHub/caesarpad/build/ui-tests/build/SwiftExplicitPrecompiledModules
    cd /Users/chrissotraidis/GitHub/caesarpad/build/ui-tests/CaesarPadUITestHarness.xcodeproj
    builtin-create-build-directory /Users/chrissotraidis/GitHub/caesarpad/build/ui-tests/build/SwiftExplicitPrecompiledModules

CreateBuildDirectory /Users/chrissotraidis/GitHub/caesarpad/build/ui-tests/build/ExplicitPrecompiledModules
    cd /Users/chrissotraidis/GitHub/caesarpad/build/ui-tests/CaesarPadUITestHarness.xcodeproj
    builtin-create-build-directory /Users/chrissotraidis/GitHub/caesarpad/build/ui-tests/build/ExplicitPrecompiledModules

CreateBuildDirectory /Users/chrissotraidis/GitHub/caesarpad/build/ui-tests/build/Debug-iphonesimulator
    cd /Users/chrissotraidis/GitHub/caesarpad/build/ui-tests/CaesarPadUITestHarness.xcodeproj
    builtin-create-build-directory /Users/chrissotraidis/GitHub/caesarpad/build/ui-tests/build/Debug-iphonesimulator

CreateBuildDirectory /Users/chrissotraidis/GitHub/caesarpad/build/ui-tests/build/EagerLinkingTBDs/Debug-iphonesimulator
    cd /Users/chrissotraidis/GitHub/caesarpad/build/ui-tests/CaesarPadUITestHarness.xcodeproj
    builtin-create-build-directory /Users/chrissotraidis/GitHub/caesarpad/build/ui-tests/build/EagerLinkingTBDs/Debug-iphonesimulator

WriteAuxiliaryFile /Users/chrissotraidis/GitHub/caesarpad/build/ui-tests/build/CaesarPadUITestHarness.build/Debug-iphonesimulator/ZERO_CHECK.build/Script-CF01EF5532D6E2A1461A5E05.sh (in target 'ZERO_CHECK' from project 'CaesarPadUITestHarness')
    cd /Users/chrissotraidis/GitHub/caesarpad/tests/ui
    write-file /Users/chrissotraidis/GitHub/caesarpad/build/ui-tests/build/CaesarPadUITestHarness.build/Debug-iphonesimulator/ZERO_CHECK.build/Script-CF01EF5532D6E2A1461A5E05.sh

PhaseScriptExecution Generate\ CMakeFiles/ZERO_CHECK /Users/chrissotraidis/GitHub/caesarpad/build/ui-tests/build/CaesarPadUITestHarness.build/Debug-iphonesimulator/ZERO_CHECK.build/Script-CF01EF5532D6E2A1461A5E05.sh (in target 'ZERO_CHECK' from project 'CaesarPadUITestHarness')
    cd /Users/chrissotraidis/GitHub/caesarpad/tests/ui
    /bin/sh -c /Users/chrissotraidis/GitHub/caesarpad/build/ui-tests/build/CaesarPadUITestHarness.build/Debug-iphonesimulator/ZERO_CHECK.build/Script-CF01EF5532D6E2A1461A5E05.sh
make: `/Users/chrissotraidis/GitHub/caesarpad/build/ui-tests/CMakeFiles/cmake.check_cache' is up to date.

WriteAuxiliaryFile /Users/chrissotraidis/GitHub/caesarpad/build/ui-tests/build/CaesarPadUITests.build/Debug-iphonesimulator/Objects-normal/arm64/CaesarPadUITests.SwiftConstValuesFileList (in target 'CaesarPadUITests' from project 'CaesarPadUITestHarness')
    cd /Users/chrissotraidis/GitHub/caesarpad/tests/ui
    write-file /Users/chrissotraidis/GitHub/caesarpad/build/ui-tests/build/CaesarPadUITests.build/Debug-iphonesimulator/Objects-normal/arm64/CaesarPadUITests.SwiftConstValuesFileList

WriteAuxiliaryFile /Users/chrissotraidis/GitHub/caesarpad/build/ui-tests/build/CaesarPadUITests.build/Debug-iphonesimulator/Objects-normal/arm64/CaesarPadUITests_const_extract_protocols.json (in target 'CaesarPadUITests' from project 'CaesarPadUITestHarness')
    cd /Users/chrissotraidis/GitHub/caesarpad/tests/ui
    write-file /Users/chrissotraidis/GitHub/caesarpad/build/ui-tests/build/CaesarPadUITests.build/Debug-iphonesimulator/Objects-normal/arm64/CaesarPadUITests_const_extract_protocols.json

WriteAuxiliaryFile /Users/chrissotraidis/GitHub/caesarpad/build/ui-tests/build/CaesarPadUITests.build/Debug-iphonesimulator/ProductTypeInfoPlistAdditions.plist (in target 'CaesarPadUITests' from project 'CaesarPadUITestHarness')
    cd /Users/chrissotraidis/GitHub/caesarpad/tests/ui
    write-file /Users/chrissotraidis/GitHub/caesarpad/build/ui-tests/build/CaesarPadUITests.build/Debug-iphonesimulator/ProductTypeInfoPlistAdditions.plist

WriteAuxiliaryFile /Users/chrissotraidis/GitHub/caesarpad/build/ui-tests/build/CaesarPadUITests.build/Debug-iphonesimulator/Objects-normal/arm64/CaesarPadUITests.SwiftFileList (in target 'CaesarPadUITests' from project 'CaesarPadUITestHarness')
    cd /Users/chrissotraidis/GitHub/caesarpad/tests/ui
    write-file /Users/chrissotraidis/GitHub/caesarpad/build/ui-tests/build/CaesarPadUITests.build/Debug-iphonesimulator/Objects-normal/arm64/CaesarPadUITests.SwiftFileList

WriteAuxiliaryFile /Users/chrissotraidis/GitHub/caesarpad/build/ui-tests/build/CaesarPadUITests.build/Debug-iphonesimulator/Objects-normal/arm64/CaesarPadUITests-OutputFileMap.json (in target 'CaesarPadUITests' from project 'CaesarPadUITestHarness')
    cd /Users/chrissotraidis/GitHub/caesarpad/tests/ui
    write-file /Users/chrissotraidis/GitHub/caesarpad/build/ui-tests/build/CaesarPadUITests.build/Debug-iphonesimulator/Objects-normal/arm64/CaesarPadUITests-OutputFileMap.json

WriteAuxiliaryFile /Users/chrissotraidis/GitHub/caesarpad/build/ui-tests/build/CaesarPadUITests.build/Debug-iphonesimulator/Objects-normal/arm64/CaesarPadUITests.LinkFileList (in target 'CaesarPadUITests' from project 'CaesarPadUITestHarness')
    cd /Users/chrissotraidis/GitHub/caesarpad/tests/ui
    write-file /Users/chrissotraidis/GitHub/caesarpad/build/ui-tests/build/CaesarPadUITests.build/Debug-iphonesimulator/Objects-normal/arm64/CaesarPadUITests.LinkFileList

WriteAuxiliaryFile /Users/chrissotraidis/GitHub/caesarpad/build/ui-tests/build/CaesarPadUITests.build/Debug-iphonesimulator/CaesarPadUITests.DependencyStaticMetadataFileList (in target 'CaesarPadUITests' from project 'CaesarPadUITestHarness')
    cd /Users/chrissotraidis/GitHub/caesarpad/tests/ui
    write-file /Users/chrissotraidis/GitHub/caesarpad/build/ui-tests/build/CaesarPadUITests.build/Debug-iphonesimulator/CaesarPadUITests.DependencyStaticMetadataFileList

WriteAuxiliaryFile /Users/chrissotraidis/GitHub/caesarpad/build/ui-tests/build/CaesarPadUITests.build/Debug-iphonesimulator/CaesarPadUITests.DependencyMetadataFileList (in target 'CaesarPadUITests' from project 'CaesarPadUITestHarness')
    cd /Users/chrissotraidis/GitHub/caesarpad/tests/ui
    write-file /Users/chrissotraidis/GitHub/caesarpad/build/ui-tests/build/CaesarPadUITests.build/Debug-iphonesimulator/CaesarPadUITests.DependencyMetadataFileList

WriteAuxiliaryFile /Users/chrissotraidis/GitHub/caesarpad/build/ui-tests/build/CaesarPadTestHost.build/Debug-iphonesimulator/Objects-normal/arm64/CaesarPadTestHost.SwiftFileList (in target 'CaesarPadTestHost' from project 'CaesarPadUITestHarness')
    cd /Users/chrissotraidis/GitHub/caesarpad/tests/ui
    write-file /Users/chrissotraidis/GitHub/caesarpad/build/ui-tests/build/CaesarPadTestHost.build/Debug-iphonesimulator/Objects-normal/arm64/CaesarPadTestHost.SwiftFileList

WriteAuxiliaryFile /Users/chrissotraidis/GitHub/caesarpad/build/ui-tests/build/CaesarPadTestHost.build/Debug-iphonesimulator/Objects-normal/arm64/CaesarPadTestHost_const_extract_protocols.json (in target 'CaesarPadTestHost' from project 'CaesarPadUITestHarness')
    cd /Users/chrissotraidis/GitHub/caesarpad/tests/ui
    write-file /Users/chrissotraidis/GitHub/caesarpad/build/ui-tests/build/CaesarPadTestHost.build/Debug-iphonesimulator/Objects-normal/arm64/CaesarPadTestHost_const_extract_protocols.json

WriteAuxiliaryFile /Users/chrissotraidis/GitHub/caesarpad/build/ui-tests/build/CaesarPadTestHost.build/Debug-iphonesimulator/Objects-normal/arm64/CaesarPadTestHost.SwiftConstValuesFileList (in target 'CaesarPadTestHost' from project 'CaesarPadUITestHarness')
    cd /Users/chrissotraidis/GitHub/caesarpad/tests/ui
    write-file /Users/chrissotraidis/GitHub/caesarpad/build/ui-tests/build/CaesarPadTestHost.build/Debug-iphonesimulator/Objects-normal/arm64/CaesarPadTestHost.SwiftConstValuesFileList

WriteAuxiliaryFile /Users/chrissotraidis/GitHub/caesarpad/build/ui-tests/build/CaesarPadTestHost.build/Debug-iphonesimulator/Objects-normal/arm64/CaesarPadTestHost.LinkFileList (in target 'CaesarPadTestHost' from project 'CaesarPadUITestHarness')
    cd /Users/chrissotraidis/GitHub/caesarpad/tests/ui
    write-file /Users/chrissotraidis/GitHub/caesarpad/build/ui-tests/build/CaesarPadTestHost.build/Debug-iphonesimulator/Objects-normal/arm64/CaesarPadTestHost.LinkFileList

WriteAuxiliaryFile /Users/chrissotraidis/GitHub/caesarpad/build/ui-tests/build/CaesarPadTestHost.build/Debug-iphonesimulator/Objects-normal/arm64/CaesarPadTestHost-OutputFileMap.json (in target 'CaesarPadTestHost' from project 'CaesarPadUITestHarness')
    cd /Users/chrissotraidis/GitHub/caesarpad/tests/ui
    write-file /Users/chrissotraidis/GitHub/caesarpad/build/ui-tests/build/CaesarPadTestHost.build/Debug-iphonesimulator/Objects-normal/arm64/CaesarPadTestHost-OutputFileMap.json

WriteAuxiliaryFile /Users/chrissotraidis/GitHub/caesarpad/build/ui-tests/build/CaesarPadTestHost.build/Debug-iphonesimulator/CaesarPadTestHost.DependencyStaticMetadataFileList (in target 'CaesarPadTestHost' from project 'CaesarPadUITestHarness')
    cd /Users/chrissotraidis/GitHub/caesarpad/tests/ui
    write-file /Users/chrissotraidis/GitHub/caesarpad/build/ui-tests/build/CaesarPadTestHost.build/Debug-iphonesimulator/CaesarPadTestHost.DependencyStaticMetadataFileList

WriteAuxiliaryFile /Users/chrissotraidis/GitHub/caesarpad/build/ui-tests/build/CaesarPadTestHost.build/Debug-iphonesimulator/CaesarPadTestHost.DependencyMetadataFileList (in target 'CaesarPadTestHost' from project 'CaesarPadUITestHarness')
    cd /Users/chrissotraidis/GitHub/caesarpad/tests/ui
    write-file /Users/chrissotraidis/GitHub/caesarpad/build/ui-tests/build/CaesarPadTestHost.build/Debug-iphonesimulator/CaesarPadTestHost.DependencyMetadataFileList

MkDir /Users/chrissotraidis/GitHub/caesarpad/build/ui-tests/Debug-iphonesimulator/CaesarPadUITests-Runner.app/PlugIns/CaesarPadUITests.xctest (in target 'CaesarPadUITests' from project 'CaesarPadUITestHarness')
    cd /Users/chrissotraidis/GitHub/caesarpad/tests/ui
    /bin/mkdir -p /Users/chrissotraidis/GitHub/caesarpad/build/ui-tests/Debug-iphonesimulator/CaesarPadUITests-Runner.app/PlugIns/CaesarPadUITests.xctest

MkDir /Users/chrissotraidis/GitHub/caesarpad/build/ui-tests/Debug-iphonesimulator/CaesarPadTestHost.app (in target 'CaesarPadTestHost' from project 'CaesarPadUITestHarness')
    cd /Users/chrissotraidis/GitHub/caesarpad/tests/ui
    /bin/mkdir -p /Users/chrissotraidis/GitHub/caesarpad/build/ui-tests/Debug-iphonesimulator/CaesarPadTestHost.app

SwiftDriver CaesarPadTestHost normal arm64 com.apple.xcode.tools.swift.compiler (in target 'CaesarPadTestHost' from project 'CaesarPadUITestHarness')
    cd /Users/chrissotraidis/GitHub/caesarpad/tests/ui
    builtin-SwiftDriver -- /Applications/Xcode.app/Contents/Developer/Toolchains/XcodeDefault.xctoolchain/usr/bin/swiftc -module-name CaesarPadTestHost -O @/Users/chrissotraidis/GitHub/caesarpad/build/ui-tests/build/CaesarPadTestHost.build/Debug-iphonesimulator/Objects-normal/arm64/CaesarPadTestHost.SwiftFileList -Onone -enable-bare-slash-regex -enable-experimental-feature DebugDescriptionMacro -sdk /Applications/Xcode.app/Contents/Developer/Platforms/iPhoneSimulator.platform/Developer/SDKs/iPhoneSimulator26.5.sdk -target arm64-apple-ios15.0-simulator -g -module-cache-path /Users/chrissotraidis/GitHub/caesarpad/build/ui-tests/DerivedData/ModuleCache.noindex -Xfrontend -serialize-debugging-options -Xcc -D_LIBCPP_HARDENING_MODE\=_LIBCPP_HARDENING_MODE_DEBUG -swift-version 4 -I /Users/chrissotraidis/GitHub/caesarpad/build/ui-tests/Debug-iphonesimulator -F /Users/chrissotraidis/GitHub/caesarpad/build/ui-tests/Debug-iphonesimulator -parse-as-library -c -j8 -enable-batch-mode -incremental -Xcc -ivfsstatcache -Xcc /Users/chrissotraidis/GitHub/caesarpad/build/ui-tests/DerivedData/SDKStatCaches.noindex/iphonesimulator26.5-23F81a-6cfe768891a92b912361537c460fe42b.sdkstatcache -output-file-map /Users/chrissotraidis/GitHub/caesarpad/build/ui-tests/build/CaesarPadTestHost.build/Debug-iphonesimulator/Objects-normal/arm64/CaesarPadTestHost-OutputFileMap.json -use-frontend-parseable-output -save-temps -no-color-diagnostics -serialize-diagnostics -emit-dependencies -emit-module -emit-module-path /Users/chrissotraidis/GitHub/caesarpad/build/ui-tests/build/CaesarPadTestHost.build/Debug-iphonesimulator/Objects-normal/arm64/CaesarPadTestHost.swiftmodule -validate-clang-modules-once -clang-build-session-file /Users/chrissotraidis/GitHub/caesarpad/build/ui-tests/DerivedData/ModuleCache.noindex/Session.modulevalidation -Xcc -I/Users/chrissotraidis/GitHub/caesarpad/build/ui-tests/build/CaesarPadTestHost.build/Debug-iphonesimulator/swift-overrides.hmap -emit-const-values -Xfrontend -const-gather-protocols-file -Xfrontend /Users/chrissotraidis/GitHub/caesarpad/build/ui-tests/build/CaesarPadTestHost.build/Debug-iphonesimulator/Objects-normal/arm64/CaesarPadTestHost_const_extract_protocols.json -Xcc -I/Users/chrissotraidis/GitHub/caesarpad/build/ui-tests/Debug-iphonesimulator/include -Xcc -I/Users/chrissotraidis/GitHub/caesarpad/build/ui-tests/build/CaesarPadTestHost.build/Debug-iphonesimulator/DerivedSources-normal/arm64 -Xcc -I/Users/chrissotraidis/GitHub/caesarpad/build/ui-tests/build/CaesarPadTestHost.build/Debug-iphonesimulator/DerivedSources/arm64 -Xcc -I/Users/chrissotraidis/GitHub/caesarpad/build/ui-tests/build/CaesarPadTestHost.build/Debug-iphonesimulator/DerivedSources -Xcc -DCMAKE_INTDIR\=\"Debug-iphonesimulator\" -emit-objc-header -emit-objc-header-path /Users/chrissotraidis/GitHub/caesarpad/build/ui-tests/build/CaesarPadTestHost.build/Debug-iphonesimulator/Objects-normal/arm64/CaesarPadTestHost-Swift.h -working-directory /Users/chrissotraidis/GitHub/caesarpad/tests/ui -experimental-emit-module-separately -disable-cmo

ProcessInfoPlistFile /Users/chrissotraidis/GitHub/caesarpad/build/ui-tests/Debug-iphonesimulator/CaesarPadTestHost.app/Info.plist /Users/chrissotraidis/GitHub/caesarpad/build/ui-tests/CMakeFiles/CaesarPadTestHost.dir/Info.plist (in target 'CaesarPadTestHost' from project 'CaesarPadUITestHarness')
    cd /Users/chrissotraidis/GitHub/caesarpad/tests/ui
    builtin-infoPlistUtility /Users/chrissotraidis/GitHub/caesarpad/build/ui-tests/CMakeFiles/CaesarPadTestHost.dir/Info.plist -producttype com.apple.product-type.application -genpkginfo /Users/chrissotraidis/GitHub/caesarpad/build/ui-tests/Debug-iphonesimulator/CaesarPadTestHost.app/PkgInfo -expandbuildsettings -format binary -platform iphonesimulator -o /Users/chrissotraidis/GitHub/caesarpad/build/ui-tests/Debug-iphonesimulator/CaesarPadTestHost.app/Info.plist

SwiftEmitModule normal arm64 Emitting\ module\ for\ CaesarPadTestHost (in target 'CaesarPadTestHost' from project 'CaesarPadUITestHarness')

SwiftCompile normal arm64 /Users/chrissotraidis/GitHub/caesarpad/tests/ui/HostApp.swift (in target 'CaesarPadTestHost' from project 'CaesarPadUITestHarness')
    cd /Users/chrissotraidis/GitHub/caesarpad/tests/ui


SwiftCompile normal arm64 Compiling\ HostApp.swift /Users/chrissotraidis/GitHub/caesarpad/tests/ui/HostApp.swift (in target 'CaesarPadTestHost' from project 'CaesarPadUITestHarness')
SwiftCompile normal arm64 /Users/chrissotraidis/GitHub/caesarpad/tests/ui/HostApp.swift (in target 'CaesarPadTestHost' from project 'CaesarPadUITestHarness')
    cd /Users/chrissotraidis/GitHub/caesarpad/tests/ui


SwiftDriverJobDiscovery normal arm64 Emitting module for CaesarPadTestHost (in target 'CaesarPadTestHost' from project 'CaesarPadUITestHarness')

SwiftDriver\ Compilation\ Requirements CaesarPadTestHost normal arm64 com.apple.xcode.tools.swift.compiler (in target 'CaesarPadTestHost' from project 'CaesarPadUITestHarness')
    cd /Users/chrissotraidis/GitHub/caesarpad/tests/ui
    builtin-Swift-Compilation-Requirements -- /Applications/Xcode.app/Contents/Developer/Toolchains/XcodeDefault.xctoolchain/usr/bin/swiftc -module-name CaesarPadTestHost -O @/Users/chrissotraidis/GitHub/caesarpad/build/ui-tests/build/CaesarPadTestHost.build/Debug-iphonesimulator/Objects-normal/arm64/CaesarPadTestHost.SwiftFileList -Onone -enable-bare-slash-regex -enable-experimental-feature DebugDescriptionMacro -sdk /Applications/Xcode.app/Contents/Developer/Platforms/iPhoneSimulator.platform/Developer/SDKs/iPhoneSimulator26.5.sdk -target arm64-apple-ios15.0-simulator -g -module-cache-path /Users/chrissotraidis/GitHub/caesarpad/build/ui-tests/DerivedData/ModuleCache.noindex -Xfrontend -serialize-debugging-options -Xcc -D_LIBCPP_HARDENING_MODE\=_LIBCPP_HARDENING_MODE_DEBUG -swift-version 4 -I /Users/chrissotraidis/GitHub/caesarpad/build/ui-tests/Debug-iphonesimulator -F /Users/chrissotraidis/GitHub/caesarpad/build/ui-tests/Debug-iphonesimulator -parse-as-library -c -j8 -enable-batch-mode -incremental -Xcc -ivfsstatcache -Xcc /Users/chrissotraidis/GitHub/caesarpad/build/ui-tests/DerivedData/SDKStatCaches.noindex/iphonesimulator26.5-23F81a-6cfe768891a92b912361537c460fe42b.sdkstatcache -output-file-map /Users/chrissotraidis/GitHub/caesarpad/build/ui-tests/build/CaesarPadTestHost.build/Debug-iphonesimulator/Objects-normal/arm64/CaesarPadTestHost-OutputFileMap.json -use-frontend-parseable-output -save-temps -no-color-diagnostics -serialize-diagnostics -emit-dependencies -emit-module -emit-module-path /Users/chrissotraidis/GitHub/caesarpad/build/ui-tests/build/CaesarPadTestHost.build/Debug-iphonesimulator/Objects-normal/arm64/CaesarPadTestHost.swiftmodule -validate-clang-modules-once -clang-build-session-file /Users/chrissotraidis/GitHub/caesarpad/build/ui-tests/DerivedData/ModuleCache.noindex/Session.modulevalidation -Xcc -I/Users/chrissotraidis/GitHub/caesarpad/build/ui-tests/build/CaesarPadTestHost.build/Debug-iphonesimulator/swift-overrides.hmap -emit-const-values -Xfrontend -const-gather-protocols-file -Xfrontend /Users/chrissotraidis/GitHub/caesarpad/build/ui-tests/build/CaesarPadTestHost.build/Debug-iphonesimulator/Objects-normal/arm64/CaesarPadTestHost_const_extract_protocols.json -Xcc -I/Users/chrissotraidis/GitHub/caesarpad/build/ui-tests/Debug-iphonesimulator/include -Xcc -I/Users/chrissotraidis/GitHub/caesarpad/build/ui-tests/build/CaesarPadTestHost.build/Debug-iphonesimulator/DerivedSources-normal/arm64 -Xcc -I/Users/chrissotraidis/GitHub/caesarpad/build/ui-tests/build/CaesarPadTestHost.build/Debug-iphonesimulator/DerivedSources/arm64 -Xcc -I/Users/chrissotraidis/GitHub/caesarpad/build/ui-tests/build/CaesarPadTestHost.build/Debug-iphonesimulator/DerivedSources -Xcc -DCMAKE_INTDIR\=\"Debug-iphonesimulator\" -emit-objc-header -emit-objc-header-path /Users/chrissotraidis/GitHub/caesarpad/build/ui-tests/build/CaesarPadTestHost.build/Debug-iphonesimulator/Objects-normal/arm64/CaesarPadTestHost-Swift.h -working-directory /Users/chrissotraidis/GitHub/caesarpad/tests/ui -experimental-emit-module-separately -disable-cmo

Copy /Users/chrissotraidis/GitHub/caesarpad/build/ui-tests/Debug-iphonesimulator/CaesarPadTestHost.swiftmodule/arm64-apple-ios-simulator.abi.json /Users/chrissotraidis/GitHub/caesarpad/build/ui-tests/build/CaesarPadTestHost.build/Debug-iphonesimulator/Objects-normal/arm64/CaesarPadTestHost.abi.json (in target 'CaesarPadTestHost' from project 'CaesarPadUITestHarness')
    cd /Users/chrissotraidis/GitHub/caesarpad/tests/ui
    builtin-copy -exclude .DS_Store -exclude CVS -exclude .svn -exclude .git -exclude .hg -strip-unsigned-binaries -strip-deterministic -strip-tool /Applications/Xcode.app/Contents/Developer/Toolchains/XcodeDefault.xctoolchain/usr/bin/strip -resolve-src-symlinks -rename /Users/chrissotraidis/GitHub/caesarpad/build/ui-tests/build/CaesarPadTestHost.build/Debug-iphonesimulator/Objects-normal/arm64/CaesarPadTestHost.abi.json /Users/chrissotraidis/GitHub/caesarpad/build/ui-tests/Debug-iphonesimulator/CaesarPadTestHost.swiftmodule/arm64-apple-ios-simulator.abi.json

Copy /Users/chrissotraidis/GitHub/caesarpad/build/ui-tests/Debug-iphonesimulator/CaesarPadTestHost.swiftmodule/arm64-apple-ios-simulator.swiftdoc /Users/chrissotraidis/GitHub/caesarpad/build/ui-tests/build/CaesarPadTestHost.build/Debug-iphonesimulator/Objects-normal/arm64/CaesarPadTestHost.swiftdoc (in target 'CaesarPadTestHost' from project 'CaesarPadUITestHarness')
    cd /Users/chrissotraidis/GitHub/caesarpad/tests/ui
    builtin-copy -exclude .DS_Store -exclude CVS -exclude .svn -exclude .git -exclude .hg -strip-unsigned-binaries -strip-deterministic -strip-tool /Applications/Xcode.app/Contents/Developer/Toolchains/XcodeDefault.xctoolchain/usr/bin/strip -resolve-src-symlinks -rename /Users/chrissotraidis/GitHub/caesarpad/build/ui-tests/build/CaesarPadTestHost.build/Debug-iphonesimulator/Objects-normal/arm64/CaesarPadTestHost.swiftdoc /Users/chrissotraidis/GitHub/caesarpad/build/ui-tests/Debug-iphonesimulator/CaesarPadTestHost.swiftmodule/arm64-apple-ios-simulator.swiftdoc

SwiftMergeGeneratedHeaders /Users/chrissotraidis/GitHub/caesarpad/build/ui-tests/build/CaesarPadTestHost.build/Debug-iphonesimulator/DerivedSources/CaesarPadTestHost-Swift.h /Users/chrissotraidis/GitHub/caesarpad/build/ui-tests/build/CaesarPadTestHost.build/Debug-iphonesimulator/Objects-normal/arm64/CaesarPadTestHost-Swift.h (in target 'CaesarPadTestHost' from project 'CaesarPadUITestHarness')
    cd /Users/chrissotraidis/GitHub/caesarpad/tests/ui
    builtin-swiftHeaderTool -arch arm64 /Users/chrissotraidis/GitHub/caesarpad/build/ui-tests/build/CaesarPadTestHost.build/Debug-iphonesimulator/Objects-normal/arm64/CaesarPadTestHost-Swift.h -o /Users/chrissotraidis/GitHub/caesarpad/build/ui-tests/build/CaesarPadTestHost.build/Debug-iphonesimulator/DerivedSources/CaesarPadTestHost-Swift.h

Copy /Users/chrissotraidis/GitHub/caesarpad/build/ui-tests/Debug-iphonesimulator/CaesarPadTestHost.swiftmodule/Project/arm64-apple-ios-simulator.swiftsourceinfo /Users/chrissotraidis/GitHub/caesarpad/build/ui-tests/build/CaesarPadTestHost.build/Debug-iphonesimulator/Objects-normal/arm64/CaesarPadTestHost.swiftsourceinfo (in target 'CaesarPadTestHost' from project 'CaesarPadUITestHarness')
    cd /Users/chrissotraidis/GitHub/caesarpad/tests/ui
    builtin-copy -exclude .DS_Store -exclude CVS -exclude .svn -exclude .git -exclude .hg -strip-unsigned-binaries -strip-deterministic -strip-tool /Applications/Xcode.app/Contents/Developer/Toolchains/XcodeDefault.xctoolchain/usr/bin/strip -resolve-src-symlinks -rename /Users/chrissotraidis/GitHub/caesarpad/build/ui-tests/build/CaesarPadTestHost.build/Debug-iphonesimulator/Objects-normal/arm64/CaesarPadTestHost.swiftsourceinfo /Users/chrissotraidis/GitHub/caesarpad/build/ui-tests/Debug-iphonesimulator/CaesarPadTestHost.swiftmodule/Project/arm64-apple-ios-simulator.swiftsourceinfo

Copy /Users/chrissotraidis/GitHub/caesarpad/build/ui-tests/Debug-iphonesimulator/CaesarPadTestHost.swiftmodule/arm64-apple-ios-simulator.swiftmodule /Users/chrissotraidis/GitHub/caesarpad/build/ui-tests/build/CaesarPadTestHost.build/Debug-iphonesimulator/Objects-normal/arm64/CaesarPadTestHost.swiftmodule (in target 'CaesarPadTestHost' from project 'CaesarPadUITestHarness')
    cd /Users/chrissotraidis/GitHub/caesarpad/tests/ui
    builtin-copy -exclude .DS_Store -exclude CVS -exclude .svn -exclude .git -exclude .hg -strip-unsigned-binaries -strip-deterministic -strip-tool /Applications/Xcode.app/Contents/Developer/Toolchains/XcodeDefault.xctoolchain/usr/bin/strip -resolve-src-symlinks -rename /Users/chrissotraidis/GitHub/caesarpad/build/ui-tests/build/CaesarPadTestHost.build/Debug-iphonesimulator/Objects-normal/arm64/CaesarPadTestHost.swiftmodule /Users/chrissotraidis/GitHub/caesarpad/build/ui-tests/Debug-iphonesimulator/CaesarPadTestHost.swiftmodule/arm64-apple-ios-simulator.swiftmodule

SwiftDriver CaesarPadUITests normal arm64 com.apple.xcode.tools.swift.compiler (in target 'CaesarPadUITests' from project 'CaesarPadUITestHarness')
    cd /Users/chrissotraidis/GitHub/caesarpad/tests/ui
    builtin-SwiftDriver -- /Applications/Xcode.app/Contents/Developer/Toolchains/XcodeDefault.xctoolchain/usr/bin/swiftc -module-name CaesarPadUITests -O @/Users/chrissotraidis/GitHub/caesarpad/build/ui-tests/build/CaesarPadUITests.build/Debug-iphonesimulator/Objects-normal/arm64/CaesarPadUITests.SwiftFileList -Onone -module-alias Testing\=_Testing_Unavailable -plugin-path /Applications/Xcode.app/Contents/Developer/Toolchains/XcodeDefault.xctoolchain/usr/lib/swift/host/plugins/testing -enable-bare-slash-regex -enable-experimental-feature DebugDescriptionMacro -sdk /Applications/Xcode.app/Contents/Developer/Platforms/iPhoneSimulator.platform/Developer/SDKs/iPhoneSimulator26.5.sdk -target arm64-apple-ios15.0-simulator -g -module-cache-path /Users/chrissotraidis/GitHub/caesarpad/build/ui-tests/DerivedData/ModuleCache.noindex -Xfrontend -serialize-debugging-options -Xcc -D_LIBCPP_HARDENING_MODE\=_LIBCPP_HARDENING_MODE_DEBUG -swift-version 4 -I /Users/chrissotraidis/GitHub/caesarpad/build/ui-tests/Debug-iphonesimulator -Isystem /Applications/Xcode.app/Contents/Developer/Platforms/iPhoneSimulator.platform/Developer/usr/lib -F /Users/chrissotraidis/GitHub/caesarpad/build/ui-tests/Debug-iphonesimulator -F /Applications/Xcode.app/Contents/Developer/Platforms/iPhoneSimulator.platform/Developer/Library/Frameworks -F /Applications/Xcode.app/Contents/Developer/Platforms/iPhoneSimulator.platform/Developer/SDKs/iPhoneSimulator26.5.sdk/Developer/Library/Frameworks -parse-as-library -c -j8 -enable-batch-mode -incremental -Xcc -ivfsstatcache -Xcc /Users/chrissotraidis/GitHub/caesarpad/build/ui-tests/DerivedData/SDKStatCaches.noindex/iphonesimulator26.5-23F81a-6cfe768891a92b912361537c460fe42b.sdkstatcache -output-file-map /Users/chrissotraidis/GitHub/caesarpad/build/ui-tests/build/CaesarPadUITests.build/Debug-iphonesimulator/Objects-normal/arm64/CaesarPadUITests-OutputFileMap.json -use-frontend-parseable-output -save-temps -no-color-diagnostics -serialize-diagnostics -emit-dependencies -emit-module -emit-module-path /Users/chrissotraidis/GitHub/caesarpad/build/ui-tests/build/CaesarPadUITests.build/Debug-iphonesimulator/Objects-normal/arm64/CaesarPadUITests.swiftmodule -validate-clang-modules-once -clang-build-session-file /Users/chrissotraidis/GitHub/caesarpad/build/ui-tests/DerivedData/ModuleCache.noindex/Session.modulevalidation -Xcc -I/Users/chrissotraidis/GitHub/caesarpad/build/ui-tests/build/CaesarPadUITests.build/Debug-iphonesimulator/swift-overrides.hmap -emit-const-values -Xfrontend -const-gather-protocols-file -Xfrontend /Users/chrissotraidis/GitHub/caesarpad/build/ui-tests/build/CaesarPadUITests.build/Debug-iphonesimulator/Objects-normal/arm64/CaesarPadUITests_const_extract_protocols.json -Xcc -I/Users/chrissotraidis/GitHub/caesarpad/build/ui-tests/Debug-iphonesimulator/include -Xcc -I/Users/chrissotraidis/GitHub/caesarpad/build/ui-tests/build/CaesarPadUITests.build/Debug-iphonesimulator/DerivedSources-normal/arm64 -Xcc -I/Users/chrissotraidis/GitHub/caesarpad/build/ui-tests/build/CaesarPadUITests.build/Debug-iphonesimulator/DerivedSources/arm64 -Xcc -I/Users/chrissotraidis/GitHub/caesarpad/build/ui-tests/build/CaesarPadUITests.build/Debug-iphonesimulator/DerivedSources -Xcc -DCMAKE_INTDIR\=\"Debug-iphonesimulator\" -Xcc -DCaesarPadUITests_EXPORTS -emit-objc-header -emit-objc-header-path /Users/chrissotraidis/GitHub/caesarpad/build/ui-tests/build/CaesarPadUITests.build/Debug-iphonesimulator/Objects-normal/arm64/CaesarPadUITests-Swift.h -working-directory /Users/chrissotraidis/GitHub/caesarpad/tests/ui -experimental-emit-module-separately -disable-cmo

SwiftEmitModule normal arm64 Emitting\ module\ for\ CaesarPadUITests (in target 'CaesarPadUITests' from project 'CaesarPadUITestHarness')

SwiftCompile normal arm64 /Users/chrissotraidis/GitHub/caesarpad/tests/ui/CaesarPadUITests.swift (in target 'CaesarPadUITests' from project 'CaesarPadUITestHarness')
    cd /Users/chrissotraidis/GitHub/caesarpad/tests/ui


SwiftCompile normal arm64 Compiling\ CaesarPadUITests.swift /Users/chrissotraidis/GitHub/caesarpad/tests/ui/CaesarPadUITests.swift (in target 'CaesarPadUITests' from project 'CaesarPadUITestHarness')
SwiftCompile normal arm64 /Users/chrissotraidis/GitHub/caesarpad/tests/ui/CaesarPadUITests.swift (in target 'CaesarPadUITests' from project 'CaesarPadUITestHarness')
    cd /Users/chrissotraidis/GitHub/caesarpad/tests/ui


SwiftDriverJobDiscovery normal arm64 Compiling HostApp.swift (in target 'CaesarPadTestHost' from project 'CaesarPadUITestHarness')

SwiftDriver\ Compilation CaesarPadTestHost normal arm64 com.apple.xcode.tools.swift.compiler (in target 'CaesarPadTestHost' from project 'CaesarPadUITestHarness')
    cd /Users/chrissotraidis/GitHub/caesarpad/tests/ui
    builtin-Swift-Compilation -- /Applications/Xcode.app/Contents/Developer/Toolchains/XcodeDefault.xctoolchain/usr/bin/swiftc -module-name CaesarPadTestHost -O @/Users/chrissotraidis/GitHub/caesarpad/build/ui-tests/build/CaesarPadTestHost.build/Debug-iphonesimulator/Objects-normal/arm64/CaesarPadTestHost.SwiftFileList -Onone -enable-bare-slash-regex -enable-experimental-feature DebugDescriptionMacro -sdk /Applications/Xcode.app/Contents/Developer/Platforms/iPhoneSimulator.platform/Developer/SDKs/iPhoneSimulator26.5.sdk -target arm64-apple-ios15.0-simulator -g -module-cache-path /Users/chrissotraidis/GitHub/caesarpad/build/ui-tests/DerivedData/ModuleCache.noindex -Xfrontend -serialize-debugging-options -Xcc -D_LIBCPP_HARDENING_MODE\=_LIBCPP_HARDENING_MODE_DEBUG -swift-version 4 -I /Users/chrissotraidis/GitHub/caesarpad/build/ui-tests/Debug-iphonesimulator -F /Users/chrissotraidis/GitHub/caesarpad/build/ui-tests/Debug-iphonesimulator -parse-as-library -c -j8 -enable-batch-mode -incremental -Xcc -ivfsstatcache -Xcc /Users/chrissotraidis/GitHub/caesarpad/build/ui-tests/DerivedData/SDKStatCaches.noindex/iphonesimulator26.5-23F81a-6cfe768891a92b912361537c460fe42b.sdkstatcache -output-file-map /Users/chrissotraidis/GitHub/caesarpad/build/ui-tests/build/CaesarPadTestHost.build/Debug-iphonesimulator/Objects-normal/arm64/CaesarPadTestHost-OutputFileMap.json -use-frontend-parseable-output -save-temps -no-color-diagnostics -serialize-diagnostics -emit-dependencies -emit-module -emit-module-path /Users/chrissotraidis/GitHub/caesarpad/build/ui-tests/build/CaesarPadTestHost.build/Debug-iphonesimulator/Objects-normal/arm64/CaesarPadTestHost.swiftmodule -validate-clang-modules-once -clang-build-session-file /Users/chrissotraidis/GitHub/caesarpad/build/ui-tests/DerivedData/ModuleCache.noindex/Session.modulevalidation -Xcc -I/Users/chrissotraidis/GitHub/caesarpad/build/ui-tests/build/CaesarPadTestHost.build/Debug-iphonesimulator/swift-overrides.hmap -emit-const-values -Xfrontend -const-gather-protocols-file -Xfrontend /Users/chrissotraidis/GitHub/caesarpad/build/ui-tests/build/CaesarPadTestHost.build/Debug-iphonesimulator/Objects-normal/arm64/CaesarPadTestHost_const_extract_protocols.json -Xcc -I/Users/chrissotraidis/GitHub/caesarpad/build/ui-tests/Debug-iphonesimulator/include -Xcc -I/Users/chrissotraidis/GitHub/caesarpad/build/ui-tests/build/CaesarPadTestHost.build/Debug-iphonesimulator/DerivedSources-normal/arm64 -Xcc -I/Users/chrissotraidis/GitHub/caesarpad/build/ui-tests/build/CaesarPadTestHost.build/Debug-iphonesimulator/DerivedSources/arm64 -Xcc -I/Users/chrissotraidis/GitHub/caesarpad/build/ui-tests/build/CaesarPadTestHost.build/Debug-iphonesimulator/DerivedSources -Xcc -DCMAKE_INTDIR\=\"Debug-iphonesimulator\" -emit-objc-header -emit-objc-header-path /Users/chrissotraidis/GitHub/caesarpad/build/ui-tests/build/CaesarPadTestHost.build/Debug-iphonesimulator/Objects-normal/arm64/CaesarPadTestHost-Swift.h -working-directory /Users/chrissotraidis/GitHub/caesarpad/tests/ui -experimental-emit-module-separately -disable-cmo

Ld /Users/chrissotraidis/GitHub/caesarpad/build/ui-tests/Debug-iphonesimulator/CaesarPadTestHost.app/CaesarPadTestHost normal (in target 'CaesarPadTestHost' from project 'CaesarPadUITestHarness')
    cd /Users/chrissotraidis/GitHub/caesarpad/tests/ui
    /Applications/Xcode.app/Contents/Developer/Toolchains/XcodeDefault.xctoolchain/usr/bin/clang -Xlinker -reproducible -target arm64-apple-ios15.0-simulator -isysroot /Applications/Xcode.app/Contents/Developer/Platforms/iPhoneSimulator.platform/Developer/SDKs/iPhoneSimulator26.5.sdk -O0 -L/Users/chrissotraidis/GitHub/caesarpad/build/ui-tests/build/EagerLinkingTBDs/Debug-iphonesimulator -L/Users/chrissotraidis/GitHub/caesarpad/build/ui-tests/Debug-iphonesimulator -F/Users/chrissotraidis/GitHub/caesarpad/build/ui-tests/build/EagerLinkingTBDs/Debug-iphonesimulator -F/Users/chrissotraidis/GitHub/caesarpad/build/ui-tests/Debug-iphonesimulator -filelist /Users/chrissotraidis/GitHub/caesarpad/build/ui-tests/build/CaesarPadTestHost.build/Debug-iphonesimulator/Objects-normal/arm64/CaesarPadTestHost.LinkFileList -Xlinker -rpath -Xlinker /usr/lib/swift -Xlinker -dead_strip -Xlinker -object_path_lto -Xlinker /Users/chrissotraidis/GitHub/caesarpad/build/ui-tests/build/CaesarPadTestHost.build/Debug-iphonesimulator/Objects-normal/arm64/CaesarPadTestHost_lto.o -Xlinker -no_deduplicate -Xlinker -objc_abi_version -Xlinker 2 -Xlinker -dependency_info -Xlinker /Users/chrissotraidis/GitHub/caesarpad/build/ui-tests/build/CaesarPadTestHost.build/Debug-iphonesimulator/Objects-normal/arm64/CaesarPadTestHost_dependency_info.dat -fobjc-link-runtime -L/Applications/Xcode.app/Contents/Developer/Toolchains/XcodeDefault.xctoolchain/usr/lib/swift/iphonesimulator -L/usr/lib/swift -Xlinker -add_ast_path -Xlinker /Users/chrissotraidis/GitHub/caesarpad/build/ui-tests/build/CaesarPadTestHost.build/Debug-iphonesimulator/Objects-normal/arm64/CaesarPadTestHost.swiftmodule @/Users/chrissotraidis/GitHub/caesarpad/build/ui-tests/build/CaesarPadTestHost.build/Debug-iphonesimulator/Objects-normal/arm64/CaesarPadTestHost-linker-args.resp -o /Users/chrissotraidis/GitHub/caesarpad/build/ui-tests/Debug-iphonesimulator/CaesarPadTestHost.app/CaesarPadTestHost

SwiftDriverJobDiscovery normal arm64 Emitting module for CaesarPadUITests (in target 'CaesarPadUITests' from project 'CaesarPadUITestHarness')

SwiftDriver\ Compilation\ Requirements CaesarPadUITests normal arm64 com.apple.xcode.tools.swift.compiler (in target 'CaesarPadUITests' from project 'CaesarPadUITestHarness')
    cd /Users/chrissotraidis/GitHub/caesarpad/tests/ui
    builtin-Swift-Compilation-Requirements -- /Applications/Xcode.app/Contents/Developer/Toolchains/XcodeDefault.xctoolchain/usr/bin/swiftc -module-name CaesarPadUITests -O @/Users/chrissotraidis/GitHub/caesarpad/build/ui-tests/build/CaesarPadUITests.build/Debug-iphonesimulator/Objects-normal/arm64/CaesarPadUITests.SwiftFileList -Onone -module-alias Testing\=_Testing_Unavailable -plugin-path /Applications/Xcode.app/Contents/Developer/Toolchains/XcodeDefault.xctoolchain/usr/lib/swift/host/plugins/testing -enable-bare-slash-regex -enable-experimental-feature DebugDescriptionMacro -sdk /Applications/Xcode.app/Contents/Developer/Platforms/iPhoneSimulator.platform/Developer/SDKs/iPhoneSimulator26.5.sdk -target arm64-apple-ios15.0-simulator -g -module-cache-path /Users/chrissotraidis/GitHub/caesarpad/build/ui-tests/DerivedData/ModuleCache.noindex -Xfrontend -serialize-debugging-options -Xcc -D_LIBCPP_HARDENING_MODE\=_LIBCPP_HARDENING_MODE_DEBUG -swift-version 4 -I /Users/chrissotraidis/GitHub/caesarpad/build/ui-tests/Debug-iphonesimulator -Isystem /Applications/Xcode.app/Contents/Developer/Platforms/iPhoneSimulator.platform/Developer/usr/lib -F /Users/chrissotraidis/GitHub/caesarpad/build/ui-tests/Debug-iphonesimulator -F /Applications/Xcode.app/Contents/Developer/Platforms/iPhoneSimulator.platform/Developer/Library/Frameworks -F /Applications/Xcode.app/Contents/Developer/Platforms/iPhoneSimulator.platform/Developer/SDKs/iPhoneSimulator26.5.sdk/Developer/Library/Frameworks -parse-as-library -c -j8 -enable-batch-mode -incremental -Xcc -ivfsstatcache -Xcc /Users/chrissotraidis/GitHub/caesarpad/build/ui-tests/DerivedData/SDKStatCaches.noindex/iphonesimulator26.5-23F81a-6cfe768891a92b912361537c460fe42b.sdkstatcache -output-file-map /Users/chrissotraidis/GitHub/caesarpad/build/ui-tests/build/CaesarPadUITests.build/Debug-iphonesimulator/Objects-normal/arm64/CaesarPadUITests-OutputFileMap.json -use-frontend-parseable-output -save-temps -no-color-diagnostics -serialize-diagnostics -emit-dependencies -emit-module -emit-module-path /Users/chrissotraidis/GitHub/caesarpad/build/ui-tests/build/CaesarPadUITests.build/Debug-iphonesimulator/Objects-normal/arm64/CaesarPadUITests.swiftmodule -validate-clang-modules-once -clang-build-session-file /Users/chrissotraidis/GitHub/caesarpad/build/ui-tests/DerivedData/ModuleCache.noindex/Session.modulevalidation -Xcc -I/Users/chrissotraidis/GitHub/caesarpad/build/ui-tests/build/CaesarPadUITests.build/Debug-iphonesimulator/swift-overrides.hmap -emit-const-values -Xfrontend -const-gather-protocols-file -Xfrontend /Users/chrissotraidis/GitHub/caesarpad/build/ui-tests/build/CaesarPadUITests.build/Debug-iphonesimulator/Objects-normal/arm64/CaesarPadUITests_const_extract_protocols.json -Xcc -I/Users/chrissotraidis/GitHub/caesarpad/build/ui-tests/Debug-iphonesimulator/include -Xcc -I/Users/chrissotraidis/GitHub/caesarpad/build/ui-tests/build/CaesarPadUITests.build/Debug-iphonesimulator/DerivedSources-normal/arm64 -Xcc -I/Users/chrissotraidis/GitHub/caesarpad/build/ui-tests/build/CaesarPadUITests.build/Debug-iphonesimulator/DerivedSources/arm64 -Xcc -I/Users/chrissotraidis/GitHub/caesarpad/build/ui-tests/build/CaesarPadUITests.build/Debug-iphonesimulator/DerivedSources -Xcc -DCMAKE_INTDIR\=\"Debug-iphonesimulator\" -Xcc -DCaesarPadUITests_EXPORTS -emit-objc-header -emit-objc-header-path /Users/chrissotraidis/GitHub/caesarpad/build/ui-tests/build/CaesarPadUITests.build/Debug-iphonesimulator/Objects-normal/arm64/CaesarPadUITests-Swift.h -working-directory /Users/chrissotraidis/GitHub/caesarpad/tests/ui -experimental-emit-module-separately -disable-cmo

SwiftMergeGeneratedHeaders /Users/chrissotraidis/GitHub/caesarpad/build/ui-tests/build/CaesarPadUITests.build/Debug-iphonesimulator/DerivedSources/CaesarPadUITests-Swift.h /Users/chrissotraidis/GitHub/caesarpad/build/ui-tests/build/CaesarPadUITests.build/Debug-iphonesimulator/Objects-normal/arm64/CaesarPadUITests-Swift.h (in target 'CaesarPadUITests' from project 'CaesarPadUITestHarness')
    cd /Users/chrissotraidis/GitHub/caesarpad/tests/ui
    builtin-swiftHeaderTool -arch arm64 /Users/chrissotraidis/GitHub/caesarpad/build/ui-tests/build/CaesarPadUITests.build/Debug-iphonesimulator/Objects-normal/arm64/CaesarPadUITests-Swift.h -o /Users/chrissotraidis/GitHub/caesarpad/build/ui-tests/build/CaesarPadUITests.build/Debug-iphonesimulator/DerivedSources/CaesarPadUITests-Swift.h

Copy /Users/chrissotraidis/GitHub/caesarpad/build/ui-tests/Debug-iphonesimulator/CaesarPadUITests.swiftmodule/arm64-apple-ios-simulator.abi.json /Users/chrissotraidis/GitHub/caesarpad/build/ui-tests/build/CaesarPadUITests.build/Debug-iphonesimulator/Objects-normal/arm64/CaesarPadUITests.abi.json (in target 'CaesarPadUITests' from project 'CaesarPadUITestHarness')
    cd /Users/chrissotraidis/GitHub/caesarpad/tests/ui
    builtin-copy -exclude .DS_Store -exclude CVS -exclude .svn -exclude .git -exclude .hg -strip-unsigned-binaries -strip-deterministic -strip-tool /Applications/Xcode.app/Contents/Developer/Toolchains/XcodeDefault.xctoolchain/usr/bin/strip -resolve-src-symlinks -rename /Users/chrissotraidis/GitHub/caesarpad/build/ui-tests/build/CaesarPadUITests.build/Debug-iphonesimulator/Objects-normal/arm64/CaesarPadUITests.abi.json /Users/chrissotraidis/GitHub/caesarpad/build/ui-tests/Debug-iphonesimulator/CaesarPadUITests.swiftmodule/arm64-apple-ios-simulator.abi.json

Copy /Users/chrissotraidis/GitHub/caesarpad/build/ui-tests/Debug-iphonesimulator/CaesarPadUITests.swiftmodule/arm64-apple-ios-simulator.swiftdoc /Users/chrissotraidis/GitHub/caesarpad/build/ui-tests/build/CaesarPadUITests.build/Debug-iphonesimulator/Objects-normal/arm64/CaesarPadUITests.swiftdoc (in target 'CaesarPadUITests' from project 'CaesarPadUITestHarness')
    cd /Users/chrissotraidis/GitHub/caesarpad/tests/ui
    builtin-copy -exclude .DS_Store -exclude CVS -exclude .svn -exclude .git -exclude .hg -strip-unsigned-binaries -strip-deterministic -strip-tool /Applications/Xcode.app/Contents/Developer/Toolchains/XcodeDefault.xctoolchain/usr/bin/strip -resolve-src-symlinks -rename /Users/chrissotraidis/GitHub/caesarpad/build/ui-tests/build/CaesarPadUITests.build/Debug-iphonesimulator/Objects-normal/arm64/CaesarPadUITests.swiftdoc /Users/chrissotraidis/GitHub/caesarpad/build/ui-tests/Debug-iphonesimulator/CaesarPadUITests.swiftmodule/arm64-apple-ios-simulator.swiftdoc

Copy /Users/chrissotraidis/GitHub/caesarpad/build/ui-tests/Debug-iphonesimulator/CaesarPadUITests.swiftmodule/Project/arm64-apple-ios-simulator.swiftsourceinfo /Users/chrissotraidis/GitHub/caesarpad/build/ui-tests/build/CaesarPadUITests.build/Debug-iphonesimulator/Objects-normal/arm64/CaesarPadUITests.swiftsourceinfo (in target 'CaesarPadUITests' from project 'CaesarPadUITestHarness')
    cd /Users/chrissotraidis/GitHub/caesarpad/tests/ui
    builtin-copy -exclude .DS_Store -exclude CVS -exclude .svn -exclude .git -exclude .hg -strip-unsigned-binaries -strip-deterministic -strip-tool /Applications/Xcode.app/Contents/Developer/Toolchains/XcodeDefault.xctoolchain/usr/bin/strip -resolve-src-symlinks -rename /Users/chrissotraidis/GitHub/caesarpad/build/ui-tests/build/CaesarPadUITests.build/Debug-iphonesimulator/Objects-normal/arm64/CaesarPadUITests.swiftsourceinfo /Users/chrissotraidis/GitHub/caesarpad/build/ui-tests/Debug-iphonesimulator/CaesarPadUITests.swiftmodule/Project/arm64-apple-ios-simulator.swiftsourceinfo

Copy /Users/chrissotraidis/GitHub/caesarpad/build/ui-tests/Debug-iphonesimulator/CaesarPadUITests.swiftmodule/arm64-apple-ios-simulator.swiftmodule /Users/chrissotraidis/GitHub/caesarpad/build/ui-tests/build/CaesarPadUITests.build/Debug-iphonesimulator/Objects-normal/arm64/CaesarPadUITests.swiftmodule (in target 'CaesarPadUITests' from project 'CaesarPadUITestHarness')
    cd /Users/chrissotraidis/GitHub/caesarpad/tests/ui
    builtin-copy -exclude .DS_Store -exclude CVS -exclude .svn -exclude .git -exclude .hg -strip-unsigned-binaries -strip-deterministic -strip-tool /Applications/Xcode.app/Contents/Developer/Toolchains/XcodeDefault.xctoolchain/usr/bin/strip -resolve-src-symlinks -rename /Users/chrissotraidis/GitHub/caesarpad/build/ui-tests/build/CaesarPadUITests.build/Debug-iphonesimulator/Objects-normal/arm64/CaesarPadUITests.swiftmodule /Users/chrissotraidis/GitHub/caesarpad/build/ui-tests/Debug-iphonesimulator/CaesarPadUITests.swiftmodule/arm64-apple-ios-simulator.swiftmodule

ExtractAppIntentsMetadata (in target 'CaesarPadTestHost' from project 'CaesarPadUITestHarness')
    cd /Users/chrissotraidis/GitHub/caesarpad/tests/ui
    /Applications/Xcode.app/Contents/Developer/Toolchains/XcodeDefault.xctoolchain/usr/bin/appintentsmetadataprocessor --toolchain-dir /Applications/Xcode.app/Contents/Developer/Toolchains/XcodeDefault.xctoolchain --module-name CaesarPadTestHost --sdk-root /Applications/Xcode.app/Contents/Developer/Platforms/iPhoneSimulator.platform/Developer/SDKs/iPhoneSimulator26.5.sdk --xcode-version 17F113 --platform-family iOS --deployment-target 15.0 --bundle-identifier dev.caesarpad.testhost --output /Users/chrissotraidis/GitHub/caesarpad/build/ui-tests/Debug-iphonesimulator/CaesarPadTestHost.app --target-triple arm64-apple-ios15.0-simulator --binary-file /Users/chrissotraidis/GitHub/caesarpad/build/ui-tests/Debug-iphonesimulator/CaesarPadTestHost.app/CaesarPadTestHost --dependency-file /Users/chrissotraidis/GitHub/caesarpad/build/ui-tests/build/CaesarPadTestHost.build/Debug-iphonesimulator/Objects-normal/arm64/CaesarPadTestHost_dependency_info.dat --stringsdata-file /Users/chrissotraidis/GitHub/caesarpad/build/ui-tests/build/CaesarPadTestHost.build/Debug-iphonesimulator/Objects-normal/arm64/ExtractedAppShortcutsMetadata.stringsdata --source-file-list /Users/chrissotraidis/GitHub/caesarpad/build/ui-tests/build/CaesarPadTestHost.build/Debug-iphonesimulator/Objects-normal/arm64/CaesarPadTestHost.SwiftFileList --metadata-file-list /Users/chrissotraidis/GitHub/caesarpad/build/ui-tests/build/CaesarPadTestHost.build/Debug-iphonesimulator/CaesarPadTestHost.DependencyMetadataFileList --static-metadata-file-list /Users/chrissotraidis/GitHub/caesarpad/build/ui-tests/build/CaesarPadTestHost.build/Debug-iphonesimulator/CaesarPadTestHost.DependencyStaticMetadataFileList --swift-const-vals-list /Users/chrissotraidis/GitHub/caesarpad/build/ui-tests/build/CaesarPadTestHost.build/Debug-iphonesimulator/Objects-normal/arm64/CaesarPadTestHost.SwiftConstValuesFileList --compile-time-extraction --deployment-aware-processing --validate-assistant-intents --no-app-shortcuts-localization
2026-07-26 15:30:43.128 appintentsmetadataprocessor[64818:26526999] Starting appintentsmetadataprocessor export
2026-07-26 15:30:43.142 appintentsmetadataprocessor[64818:26526999] warning: Metadata extraction skipped. No AppIntents.framework dependency found.

CopySwiftLibs /Users/chrissotraidis/GitHub/caesarpad/build/ui-tests/Debug-iphonesimulator/CaesarPadTestHost.app (in target 'CaesarPadTestHost' from project 'CaesarPadUITestHarness')
    cd /Users/chrissotraidis/GitHub/caesarpad/tests/ui
    builtin-swiftStdLibTool --copy --verbose --scan-executable /Users/chrissotraidis/GitHub/caesarpad/build/ui-tests/Debug-iphonesimulator/CaesarPadTestHost.app/CaesarPadTestHost --scan-folder /Users/chrissotraidis/GitHub/caesarpad/build/ui-tests/Debug-iphonesimulator/CaesarPadTestHost.app/Frameworks --scan-folder /Users/chrissotraidis/GitHub/caesarpad/build/ui-tests/Debug-iphonesimulator/CaesarPadTestHost.app/PlugIns --scan-folder /Users/chrissotraidis/GitHub/caesarpad/build/ui-tests/Debug-iphonesimulator/CaesarPadTestHost.app/SystemExtensions --scan-folder /Users/chrissotraidis/GitHub/caesarpad/build/ui-tests/Debug-iphonesimulator/CaesarPadTestHost.app/Extensions --platform iphonesimulator --toolchain /Applications/Xcode.app/Contents/Developer/Toolchains/XcodeDefault.xctoolchain --destination /Users/chrissotraidis/GitHub/caesarpad/build/ui-tests/Debug-iphonesimulator/CaesarPadTestHost.app/Frameworks --strip-bitcode --strip-bitcode-tool /Applications/Xcode.app/Contents/Developer/Toolchains/XcodeDefault.xctoolchain/usr/bin/bitcode_strip --emit-dependency-info /Users/chrissotraidis/GitHub/caesarpad/build/ui-tests/build/CaesarPadTestHost.build/Debug-iphonesimulator/SwiftStdLibToolInputDependencies.dep --filter-for-swift-os --back-deploy-swift-span
Ignoring --strip-bitcode because --sign was not passed

GenerateDSYMFile /Users/chrissotraidis/GitHub/caesarpad/build/ui-tests/Debug-iphonesimulator/CaesarPadTestHost.app.dSYM /Users/chrissotraidis/GitHub/caesarpad/build/ui-tests/Debug-iphonesimulator/CaesarPadTestHost.app/CaesarPadTestHost (in target 'CaesarPadTestHost' from project 'CaesarPadUITestHarness')
    cd /Users/chrissotraidis/GitHub/caesarpad/tests/ui
    /Applications/Xcode.app/Contents/Developer/Toolchains/XcodeDefault.xctoolchain/usr/bin/dsymutil /Users/chrissotraidis/GitHub/caesarpad/build/ui-tests/Debug-iphonesimulator/CaesarPadTestHost.app/CaesarPadTestHost -o /Users/chrissotraidis/GitHub/caesarpad/build/ui-tests/Debug-iphonesimulator/CaesarPadTestHost.app.dSYM

AppIntentsSSUTraining (in target 'CaesarPadTestHost' from project 'CaesarPadUITestHarness')
    cd /Users/chrissotraidis/GitHub/caesarpad/tests/ui
    /Applications/Xcode.app/Contents/Developer/Toolchains/XcodeDefault.xctoolchain/usr/bin/appintentsnltrainingprocessor --infoplist-path /Users/chrissotraidis/GitHub/caesarpad/build/ui-tests/Debug-iphonesimulator/CaesarPadTestHost.app/Info.plist --temp-dir-path /Users/chrissotraidis/GitHub/caesarpad/build/ui-tests/build/CaesarPadTestHost.build/Debug-iphonesimulator/ssu --bundle-id dev.caesarpad.testhost --product-path /Users/chrissotraidis/GitHub/caesarpad/build/ui-tests/Debug-iphonesimulator/CaesarPadTestHost.app --extracted-metadata-path /Users/chrissotraidis/GitHub/caesarpad/build/ui-tests/Debug-iphonesimulator/CaesarPadTestHost.app/Metadata.appintents --metadata-file-list /Users/chrissotraidis/GitHub/caesarpad/build/ui-tests/build/CaesarPadTestHost.build/Debug-iphonesimulator/CaesarPadTestHost.DependencyMetadataFileList --source-file /Users/chrissotraidis/GitHub/caesarpad/build/ui-tests/Debug-iphonesimulator/CaesarPadTestHost.app/Info.plist --archive-ssu-assets
2026-07-26 15:30:43.323 appintentsnltrainingprocessor[64820:26527009] Parsing options for appintentsnltrainingprocessor
2026-07-26 15:30:43.324 appintentsnltrainingprocessor[64820:26527009] Starting AppIntents SSU YAML Generation
2026-07-26 15:30:43.339 appintentsnltrainingprocessor[64820:26527009] No AppShortcuts found - Skipping.

RegisterExecutionPolicyException /Users/chrissotraidis/GitHub/caesarpad/build/ui-tests/Debug-iphonesimulator/CaesarPadTestHost.app (in target 'CaesarPadTestHost' from project 'CaesarPadUITestHarness')
    cd /Users/chrissotraidis/GitHub/caesarpad/tests/ui
    builtin-RegisterExecutionPolicyException /Users/chrissotraidis/GitHub/caesarpad/build/ui-tests/Debug-iphonesimulator/CaesarPadTestHost.app

Validate /Users/chrissotraidis/GitHub/caesarpad/build/ui-tests/Debug-iphonesimulator/CaesarPadTestHost.app (in target 'CaesarPadTestHost' from project 'CaesarPadUITestHarness')
    cd /Users/chrissotraidis/GitHub/caesarpad/tests/ui
    builtin-validationUtility /Users/chrissotraidis/GitHub/caesarpad/build/ui-tests/Debug-iphonesimulator/CaesarPadTestHost.app -shallow-bundle -infoplist-subpath Info.plist

Touch /Users/chrissotraidis/GitHub/caesarpad/build/ui-tests/Debug-iphonesimulator/CaesarPadTestHost.app (in target 'CaesarPadTestHost' from project 'CaesarPadUITestHarness')
    cd /Users/chrissotraidis/GitHub/caesarpad/tests/ui
    /usr/bin/touch -c /Users/chrissotraidis/GitHub/caesarpad/build/ui-tests/Debug-iphonesimulator/CaesarPadTestHost.app

ProcessInfoPlistFile /Users/chrissotraidis/GitHub/caesarpad/build/ui-tests/Debug-iphonesimulator/CaesarPadUITests-Runner.app/PlugIns/CaesarPadUITests.xctest/Info.plist /Users/chrissotraidis/GitHub/caesarpad/build/ui-tests/CMakeFiles/CaesarPadUITests.dir/Info.plist (in target 'CaesarPadUITests' from project 'CaesarPadUITestHarness')
    cd /Users/chrissotraidis/GitHub/caesarpad/tests/ui
    builtin-infoPlistUtility /Users/chrissotraidis/GitHub/caesarpad/build/ui-tests/CMakeFiles/CaesarPadUITests.dir/Info.plist -producttype com.apple.product-type.bundle.ui-testing -expandbuildsettings -format binary -platform iphonesimulator -additionalcontentfile /Users/chrissotraidis/GitHub/caesarpad/build/ui-tests/build/CaesarPadUITests.build/Debug-iphonesimulator/ProductTypeInfoPlistAdditions.plist -o /Users/chrissotraidis/GitHub/caesarpad/build/ui-tests/Debug-iphonesimulator/CaesarPadUITests-Runner.app/PlugIns/CaesarPadUITests.xctest/Info.plist

SwiftDriverJobDiscovery normal arm64 Compiling CaesarPadUITests.swift (in target 'CaesarPadUITests' from project 'CaesarPadUITestHarness')

SwiftDriver\ Compilation CaesarPadUITests normal arm64 com.apple.xcode.tools.swift.compiler (in target 'CaesarPadUITests' from project 'CaesarPadUITestHarness')
    cd /Users/chrissotraidis/GitHub/caesarpad/tests/ui
    builtin-Swift-Compilation -- /Applications/Xcode.app/Contents/Developer/Toolchains/XcodeDefault.xctoolchain/usr/bin/swiftc -module-name CaesarPadUITests -O @/Users/chrissotraidis/GitHub/caesarpad/build/ui-tests/build/CaesarPadUITests.build/Debug-iphonesimulator/Objects-normal/arm64/CaesarPadUITests.SwiftFileList -Onone -module-alias Testing\=_Testing_Unavailable -plugin-path /Applications/Xcode.app/Contents/Developer/Toolchains/XcodeDefault.xctoolchain/usr/lib/swift/host/plugins/testing -enable-bare-slash-regex -enable-experimental-feature DebugDescriptionMacro -sdk /Applications/Xcode.app/Contents/Developer/Platforms/iPhoneSimulator.platform/Developer/SDKs/iPhoneSimulator26.5.sdk -target arm64-apple-ios15.0-simulator -g -module-cache-path /Users/chrissotraidis/GitHub/caesarpad/build/ui-tests/DerivedData/ModuleCache.noindex -Xfrontend -serialize-debugging-options -Xcc -D_LIBCPP_HARDENING_MODE\=_LIBCPP_HARDENING_MODE_DEBUG -swift-version 4 -I /Users/chrissotraidis/GitHub/caesarpad/build/ui-tests/Debug-iphonesimulator -Isystem /Applications/Xcode.app/Contents/Developer/Platforms/iPhoneSimulator.platform/Developer/usr/lib -F /Users/chrissotraidis/GitHub/caesarpad/build/ui-tests/Debug-iphonesimulator -F /Applications/Xcode.app/Contents/Developer/Platforms/iPhoneSimulator.platform/Developer/Library/Frameworks -F /Applications/Xcode.app/Contents/Developer/Platforms/iPhoneSimulator.platform/Developer/SDKs/iPhoneSimulator26.5.sdk/Developer/Library/Frameworks -parse-as-library -c -j8 -enable-batch-mode -incremental -Xcc -ivfsstatcache -Xcc /Users/chrissotraidis/GitHub/caesarpad/build/ui-tests/DerivedData/SDKStatCaches.noindex/iphonesimulator26.5-23F81a-6cfe768891a92b912361537c460fe42b.sdkstatcache -output-file-map /Users/chrissotraidis/GitHub/caesarpad/build/ui-tests/build/CaesarPadUITests.build/Debug-iphonesimulator/Objects-normal/arm64/CaesarPadUITests-OutputFileMap.json -use-frontend-parseable-output -save-temps -no-color-diagnostics -serialize-diagnostics -emit-dependencies -emit-module -emit-module-path /Users/chrissotraidis/GitHub/caesarpad/build/ui-tests/build/CaesarPadUITests.build/Debug-iphonesimulator/Objects-normal/arm64/CaesarPadUITests.swiftmodule -validate-clang-modules-once -clang-build-session-file /Users/chrissotraidis/GitHub/caesarpad/build/ui-tests/DerivedData/ModuleCache.noindex/Session.modulevalidation -Xcc -I/Users/chrissotraidis/GitHub/caesarpad/build/ui-tests/build/CaesarPadUITests.build/Debug-iphonesimulator/swift-overrides.hmap -emit-const-values -Xfrontend -const-gather-protocols-file -Xfrontend /Users/chrissotraidis/GitHub/caesarpad/build/ui-tests/build/CaesarPadUITests.build/Debug-iphonesimulator/Objects-normal/arm64/CaesarPadUITests_const_extract_protocols.json -Xcc -I/Users/chrissotraidis/GitHub/caesarpad/build/ui-tests/Debug-iphonesimulator/include -Xcc -I/Users/chrissotraidis/GitHub/caesarpad/build/ui-tests/build/CaesarPadUITests.build/Debug-iphonesimulator/DerivedSources-normal/arm64 -Xcc -I/Users/chrissotraidis/GitHub/caesarpad/build/ui-tests/build/CaesarPadUITests.build/Debug-iphonesimulator/DerivedSources/arm64 -Xcc -I/Users/chrissotraidis/GitHub/caesarpad/build/ui-tests/build/CaesarPadUITests.build/Debug-iphonesimulator/DerivedSources -Xcc -DCMAKE_INTDIR\=\"Debug-iphonesimulator\" -Xcc -DCaesarPadUITests_EXPORTS -emit-objc-header -emit-objc-header-path /Users/chrissotraidis/GitHub/caesarpad/build/ui-tests/build/CaesarPadUITests.build/Debug-iphonesimulator/Objects-normal/arm64/CaesarPadUITests-Swift.h -working-directory /Users/chrissotraidis/GitHub/caesarpad/tests/ui -experimental-emit-module-separately -disable-cmo

Ld /Users/chrissotraidis/GitHub/caesarpad/build/ui-tests/Debug-iphonesimulator/CaesarPadUITests-Runner.app/PlugIns/CaesarPadUITests.xctest/CaesarPadUITests normal (in target 'CaesarPadUITests' from project 'CaesarPadUITestHarness')
    cd /Users/chrissotraidis/GitHub/caesarpad/tests/ui
    /Applications/Xcode.app/Contents/Developer/Toolchains/XcodeDefault.xctoolchain/usr/bin/clang -Xlinker -reproducible -target arm64-apple-ios15.0-simulator -bundle -isysroot /Applications/Xcode.app/Contents/Developer/Platforms/iPhoneSimulator.platform/Developer/SDKs/iPhoneSimulator26.5.sdk -O0 -L/Users/chrissotraidis/GitHub/caesarpad/build/ui-tests/build/EagerLinkingTBDs/Debug-iphonesimulator -L/Users/chrissotraidis/GitHub/caesarpad/build/ui-tests/Debug-iphonesimulator -L/Applications/Xcode.app/Contents/Developer/Platforms/iPhoneSimulator.platform/Developer/usr/lib -F/Users/chrissotraidis/GitHub/caesarpad/build/ui-tests/build/EagerLinkingTBDs/Debug-iphonesimulator -F/Users/chrissotraidis/GitHub/caesarpad/build/ui-tests/Debug-iphonesimulator -iframework /Applications/Xcode.app/Contents/Developer/Platforms/iPhoneSimulator.platform/Developer/Library/Frameworks -iframework /Applications/Xcode.app/Contents/Developer/Platforms/iPhoneSimulator.platform/Developer/SDKs/iPhoneSimulator26.5.sdk/Developer/Library/Frameworks -filelist /Users/chrissotraidis/GitHub/caesarpad/build/ui-tests/build/CaesarPadUITests.build/Debug-iphonesimulator/Objects-normal/arm64/CaesarPadUITests.LinkFileList -Xlinker -rpath -Xlinker /usr/lib/swift -Xlinker -rpath -Xlinker @loader_path/Frameworks -Xlinker -dead_strip -Xlinker -object_path_lto -Xlinker /Users/chrissotraidis/GitHub/caesarpad/build/ui-tests/build/CaesarPadUITests.build/Debug-iphonesimulator/Objects-normal/arm64/CaesarPadUITests_lto.o -Xlinker -no_deduplicate -Xlinker -objc_abi_version -Xlinker 2 -Xlinker -dependency_info -Xlinker /Users/chrissotraidis/GitHub/caesarpad/build/ui-tests/build/CaesarPadUITests.build/Debug-iphonesimulator/Objects-normal/arm64/CaesarPadUITests_dependency_info.dat -fobjc-link-runtime -L/Applications/Xcode.app/Contents/Developer/Toolchains/XcodeDefault.xctoolchain/usr/lib/swift/iphonesimulator -L/usr/lib/swift -Xlinker -add_ast_path -Xlinker /Users/chrissotraidis/GitHub/caesarpad/build/ui-tests/build/CaesarPadUITests.build/Debug-iphonesimulator/Objects-normal/arm64/CaesarPadUITests.swiftmodule @/Users/chrissotraidis/GitHub/caesarpad/build/ui-tests/build/CaesarPadUITests.build/Debug-iphonesimulator/Objects-normal/arm64/CaesarPadUITests-linker-args.resp -framework XCTest -Xlinker -needed_framework -Xlinker XCTest -framework XCTest -Xlinker -needed-lXCTestSwiftSupport -lXCTestSwiftSupport -o /Users/chrissotraidis/GitHub/caesarpad/build/ui-tests/Debug-iphonesimulator/CaesarPadUITests-Runner.app/PlugIns/CaesarPadUITests.xctest/CaesarPadUITests

GenerateDSYMFile /Users/chrissotraidis/GitHub/caesarpad/build/ui-tests/Debug-iphonesimulator/CaesarPadUITests-Runner.app/PlugIns/CaesarPadUITests.xctest.dSYM /Users/chrissotraidis/GitHub/caesarpad/build/ui-tests/Debug-iphonesimulator/CaesarPadUITests-Runner.app/PlugIns/CaesarPadUITests.xctest/CaesarPadUITests (in target 'CaesarPadUITests' from project 'CaesarPadUITestHarness')
    cd /Users/chrissotraidis/GitHub/caesarpad/tests/ui
    /Applications/Xcode.app/Contents/Developer/Toolchains/XcodeDefault.xctoolchain/usr/bin/dsymutil /Users/chrissotraidis/GitHub/caesarpad/build/ui-tests/Debug-iphonesimulator/CaesarPadUITests-Runner.app/PlugIns/CaesarPadUITests.xctest/CaesarPadUITests -o /Users/chrissotraidis/GitHub/caesarpad/build/ui-tests/Debug-iphonesimulator/CaesarPadUITests-Runner.app/PlugIns/CaesarPadUITests.xctest.dSYM

CopySwiftLibs /Users/chrissotraidis/GitHub/caesarpad/build/ui-tests/Debug-iphonesimulator/CaesarPadUITests-Runner.app/PlugIns/CaesarPadUITests.xctest (in target 'CaesarPadUITests' from project 'CaesarPadUITestHarness')
    cd /Users/chrissotraidis/GitHub/caesarpad/tests/ui
    builtin-swiftStdLibTool --copy --verbose --scan-executable /Users/chrissotraidis/GitHub/caesarpad/build/ui-tests/Debug-iphonesimulator/CaesarPadUITests-Runner.app/PlugIns/CaesarPadUITests.xctest/CaesarPadUITests --scan-folder /Users/chrissotraidis/GitHub/caesarpad/build/ui-tests/Debug-iphonesimulator/CaesarPadUITests-Runner.app/PlugIns/CaesarPadUITests.xctest/Frameworks --scan-folder /Users/chrissotraidis/GitHub/caesarpad/build/ui-tests/Debug-iphonesimulator/CaesarPadUITests-Runner.app/PlugIns/CaesarPadUITests.xctest/PlugIns --scan-folder /Users/chrissotraidis/GitHub/caesarpad/build/ui-tests/Debug-iphonesimulator/CaesarPadUITests-Runner.app/PlugIns/CaesarPadUITests.xctest/SystemExtensions --scan-folder /Users/chrissotraidis/GitHub/caesarpad/build/ui-tests/Debug-iphonesimulator/CaesarPadUITests-Runner.app/PlugIns/CaesarPadUITests.xctest/Extensions --platform iphonesimulator --toolchain /Applications/Xcode.app/Contents/Developer/Toolchains/XcodeDefault.xctoolchain --destination /Users/chrissotraidis/GitHub/caesarpad/build/ui-tests/Debug-iphonesimulator/CaesarPadUITests-Runner.app/PlugIns/CaesarPadUITests.xctest/Frameworks --strip-bitcode --scan-executable /Applications/Xcode.app/Contents/Developer/Platforms/iPhoneSimulator.platform/Developer/usr/lib/libXCTestSwiftSupport.dylib --strip-bitcode-tool /Applications/Xcode.app/Contents/Developer/Toolchains/XcodeDefault.xctoolchain/usr/bin/bitcode_strip --emit-dependency-info /Users/chrissotraidis/GitHub/caesarpad/build/ui-tests/build/CaesarPadUITests.build/Debug-iphonesimulator/SwiftStdLibToolInputDependencies.dep --filter-for-swift-os --back-deploy-swift-span
Ignoring --strip-bitcode because --sign was not passed

ExtractAppIntentsMetadata (in target 'CaesarPadUITests' from project 'CaesarPadUITestHarness')
    cd /Users/chrissotraidis/GitHub/caesarpad/tests/ui
    /Applications/Xcode.app/Contents/Developer/Toolchains/XcodeDefault.xctoolchain/usr/bin/appintentsmetadataprocessor --toolchain-dir /Applications/Xcode.app/Contents/Developer/Toolchains/XcodeDefault.xctoolchain --module-name CaesarPadUITests --sdk-root /Applications/Xcode.app/Contents/Developer/Platforms/iPhoneSimulator.platform/Developer/SDKs/iPhoneSimulator26.5.sdk --xcode-version 17F113 --platform-family iOS --deployment-target 15.0 --bundle-identifier dev.caesarpad.uitests --output /Users/chrissotraidis/GitHub/caesarpad/build/ui-tests/Debug-iphonesimulator/CaesarPadUITests-Runner.app/PlugIns/CaesarPadUITests.xctest --target-triple arm64-apple-ios15.0-simulator --binary-file /Users/chrissotraidis/GitHub/caesarpad/build/ui-tests/Debug-iphonesimulator/CaesarPadUITests-Runner.app/PlugIns/CaesarPadUITests.xctest/CaesarPadUITests --dependency-file /Users/chrissotraidis/GitHub/caesarpad/build/ui-tests/build/CaesarPadUITests.build/Debug-iphonesimulator/Objects-normal/arm64/CaesarPadUITests_dependency_info.dat --stringsdata-file /Users/chrissotraidis/GitHub/caesarpad/build/ui-tests/build/CaesarPadUITests.build/Debug-iphonesimulator/Objects-normal/arm64/ExtractedAppShortcutsMetadata.stringsdata --source-file-list /Users/chrissotraidis/GitHub/caesarpad/build/ui-tests/build/CaesarPadUITests.build/Debug-iphonesimulator/Objects-normal/arm64/CaesarPadUITests.SwiftFileList --metadata-file-list /Users/chrissotraidis/GitHub/caesarpad/build/ui-tests/build/CaesarPadUITests.build/Debug-iphonesimulator/CaesarPadUITests.DependencyMetadataFileList --static-metadata-file-list /Users/chrissotraidis/GitHub/caesarpad/build/ui-tests/build/CaesarPadUITests.build/Debug-iphonesimulator/CaesarPadUITests.DependencyStaticMetadataFileList --swift-const-vals-list /Users/chrissotraidis/GitHub/caesarpad/build/ui-tests/build/CaesarPadUITests.build/Debug-iphonesimulator/Objects-normal/arm64/CaesarPadUITests.SwiftConstValuesFileList --compile-time-extraction --deployment-aware-processing --validate-assistant-intents --no-app-shortcuts-localization
2026-07-26 15:30:47.312 appintentsmetadataprocessor[64829:26527095] Starting appintentsmetadataprocessor export
2026-07-26 15:30:47.316 appintentsmetadataprocessor[64829:26527095] warning: Metadata extraction skipped. No AppIntents.framework dependency found.

AppIntentsSSUTraining (in target 'CaesarPadUITests' from project 'CaesarPadUITestHarness')
    cd /Users/chrissotraidis/GitHub/caesarpad/tests/ui
    /Applications/Xcode.app/Contents/Developer/Toolchains/XcodeDefault.xctoolchain/usr/bin/appintentsnltrainingprocessor --infoplist-path /Users/chrissotraidis/GitHub/caesarpad/build/ui-tests/Debug-iphonesimulator/CaesarPadUITests-Runner.app/PlugIns/CaesarPadUITests.xctest/Info.plist --temp-dir-path /Users/chrissotraidis/GitHub/caesarpad/build/ui-tests/build/CaesarPadUITests.build/Debug-iphonesimulator/ssu --bundle-id dev.caesarpad.uitests --product-path /Users/chrissotraidis/GitHub/caesarpad/build/ui-tests/Debug-iphonesimulator/CaesarPadUITests-Runner.app/PlugIns/CaesarPadUITests.xctest --extracted-metadata-path /Users/chrissotraidis/GitHub/caesarpad/build/ui-tests/Debug-iphonesimulator/CaesarPadUITests-Runner.app/PlugIns/CaesarPadUITests.xctest/Metadata.appintents --metadata-file-list /Users/chrissotraidis/GitHub/caesarpad/build/ui-tests/build/CaesarPadUITests.build/Debug-iphonesimulator/CaesarPadUITests.DependencyMetadataFileList --source-file /Users/chrissotraidis/GitHub/caesarpad/build/ui-tests/Debug-iphonesimulator/CaesarPadUITests-Runner.app/PlugIns/CaesarPadUITests.xctest/Info.plist --archive-ssu-assets
2026-07-26 15:30:47.474 appintentsnltrainingprocessor[64830:26527101] Parsing options for appintentsnltrainingprocessor
2026-07-26 15:30:47.476 appintentsnltrainingprocessor[64830:26527101] Starting AppIntents SSU YAML Generation
2026-07-26 15:30:47.476 appintentsnltrainingprocessor[64830:26527101] No AppShortcuts found - Skipping.

CopyPlistFile /Users/chrissotraidis/GitHub/caesarpad/build/ui-tests/Debug-iphonesimulator/CaesarPadUITests-Runner.app/Info.plist /Applications/Xcode.app/Contents/Developer/Platforms/iPhoneSimulator.platform/Developer/Library/Xcode/Agents/XCTRunner.app/Info.plist (in target 'CaesarPadUITests' from project 'CaesarPadUITestHarness')
    cd /Users/chrissotraidis/GitHub/caesarpad/tests/ui
    builtin-copyPlist --validate --convert xml1 --macro-expansion WRAPPEDPRODUCTNAME CaesarPadUITests-Runner --macro-expansion WRAPPEDPRODUCTBUNDLEIDENTIFIER dev.caesarpad.uitests.xctrunner --macro-expansion TESTPRODUCTNAME CaesarPadUITests --macro-expansion TESTPRODUCTBUNDLEIDENTIFIER dev.caesarpad.uitests --copy-value UIDeviceFamily /Users/chrissotraidis/GitHub/caesarpad/build/ui-tests/Debug-iphonesimulator/CaesarPadUITests-Runner.app/PlugIns/CaesarPadUITests.xctest/Info.plist --outdir /Users/chrissotraidis/GitHub/caesarpad/build/ui-tests/Debug-iphonesimulator/CaesarPadUITests-Runner.app -- /Applications/Xcode.app/Contents/Developer/Platforms/iPhoneSimulator.platform/Developer/Library/Xcode/Agents/XCTRunner.app/Info.plist

MkDir /Users/chrissotraidis/GitHub/caesarpad/build/ui-tests/Debug-iphonesimulator/CaesarPadUITests-Runner.app (in target 'CaesarPadUITests' from project 'CaesarPadUITestHarness')
    cd /Users/chrissotraidis/GitHub/caesarpad/tests/ui
    /bin/mkdir -p /Users/chrissotraidis/GitHub/caesarpad/build/ui-tests/Debug-iphonesimulator/CaesarPadUITests-Runner.app

CopyAndPreserveArchs /Users/chrissotraidis/GitHub/caesarpad/build/ui-tests/Debug-iphonesimulator/CaesarPadUITests-Runner.app/CaesarPadUITests-Runner (in target 'CaesarPadUITests' from project 'CaesarPadUITestHarness')
    cd /Users/chrissotraidis/GitHub/caesarpad/tests/ui
    /Applications/Xcode.app/Contents/Developer/Toolchains/XcodeDefault.xctoolchain/usr/bin/lipo /Applications/Xcode.app/Contents/Developer/Platforms/iPhoneSimulator.platform/Developer/Library/Xcode/Agents/XCTRunner.app/XCTRunner -output /Users/chrissotraidis/GitHub/caesarpad/build/ui-tests/Debug-iphonesimulator/CaesarPadUITests-Runner.app/CaesarPadUITests-Runner -extract arm64

Copy /Users/chrissotraidis/GitHub/caesarpad/build/ui-tests/Debug-iphonesimulator/CaesarPadUITests-Runner.app/PkgInfo /Applications/Xcode.app/Contents/Developer/Platforms/iPhoneSimulator.platform/Developer/Library/Xcode/Agents/XCTRunner.app/PkgInfo (in target 'CaesarPadUITests' from project 'CaesarPadUITestHarness')
    cd /Users/chrissotraidis/GitHub/caesarpad/tests/ui
    builtin-copy -exclude .DS_Store -exclude CVS -exclude .svn -exclude .git -exclude .hg -strip-unsigned-binaries -strip-deterministic -strip-tool /Applications/Xcode.app/Contents/Developer/Toolchains/XcodeDefault.xctoolchain/usr/bin/strip -resolve-src-symlinks /Applications/Xcode.app/Contents/Developer/Platforms/iPhoneSimulator.platform/Developer/Library/Xcode/Agents/XCTRunner.app/PkgInfo /Users/chrissotraidis/GitHub/caesarpad/build/ui-tests/Debug-iphonesimulator/CaesarPadUITests-Runner.app

Copy /Users/chrissotraidis/GitHub/caesarpad/build/ui-tests/Debug-iphonesimulator/CaesarPadUITests-Runner.app/Frameworks/XCUIAutomation.framework /Applications/Xcode.app/Contents/Developer/Platforms/iPhoneSimulator.platform/Developer/Library/Frameworks/XCUIAutomation.framework (in target 'CaesarPadUITests' from project 'CaesarPadUITestHarness')
    cd /Users/chrissotraidis/GitHub/caesarpad/tests/ui
    builtin-copy -exclude .DS_Store -exclude CVS -exclude .svn -exclude .git -exclude .hg -exclude Headers -exclude PrivateHeaders -exclude Modules -exclude \*.tbd -strip-unsigned-binaries -strip-deterministic -strip-tool /Applications/Xcode.app/Contents/Developer/Toolchains/XcodeDefault.xctoolchain/usr/bin/strip -resolve-src-symlinks /Applications/Xcode.app/Contents/Developer/Platforms/iPhoneSimulator.platform/Developer/Library/Frameworks/XCUIAutomation.framework /Users/chrissotraidis/GitHub/caesarpad/build/ui-tests/Debug-iphonesimulator/CaesarPadUITests-Runner.app/Frameworks
warning: not stripping binary because it is signed: /Applications/Xcode.app/Contents/Developer/Platforms/iPhoneSimulator.platform/Developer/Library/Frameworks/XCUIAutomation.framework/XCUIAutomation (in target 'CaesarPadUITests' from project 'CaesarPadUITestHarness')

Copy /Users/chrissotraidis/GitHub/caesarpad/build/ui-tests/Debug-iphonesimulator/CaesarPadUITests-Runner.app/Frameworks/XCUnit.framework /Applications/Xcode.app/Contents/Developer/Platforms/iPhoneSimulator.platform/Developer/Library/PrivateFrameworks/XCUnit.framework (in target 'CaesarPadUITests' from project 'CaesarPadUITestHarness')
    cd /Users/chrissotraidis/GitHub/caesarpad/tests/ui
    builtin-copy -exclude .DS_Store -exclude CVS -exclude .svn -exclude .git -exclude .hg -exclude Headers -exclude PrivateHeaders -exclude Modules -exclude \*.tbd -strip-unsigned-binaries -strip-deterministic -strip-tool /Applications/Xcode.app/Contents/Developer/Toolchains/XcodeDefault.xctoolchain/usr/bin/strip -resolve-src-symlinks /Applications/Xcode.app/Contents/Developer/Platforms/iPhoneSimulator.platform/Developer/Library/PrivateFrameworks/XCUnit.framework /Users/chrissotraidis/GitHub/caesarpad/build/ui-tests/Debug-iphonesimulator/CaesarPadUITests-Runner.app/Frameworks
warning: not stripping binary because it is signed: /Applications/Xcode.app/Contents/Developer/Platforms/iPhoneSimulator.platform/Developer/Library/PrivateFrameworks/XCUnit.framework/XCUnit (in target 'CaesarPadUITests' from project 'CaesarPadUITestHarness')

Copy /Users/chrissotraidis/GitHub/caesarpad/build/ui-tests/Debug-iphonesimulator/CaesarPadUITests-Runner.app/Frameworks/libXCTestSwiftSupport.dylib /Applications/Xcode.app/Contents/Developer/Platforms/iPhoneSimulator.platform/Developer/usr/lib/libXCTestSwiftSupport.dylib (in target 'CaesarPadUITests' from project 'CaesarPadUITestHarness')
    cd /Users/chrissotraidis/GitHub/caesarpad/tests/ui
    builtin-copy -exclude .DS_Store -exclude CVS -exclude .svn -exclude .git -exclude .hg -exclude Headers -exclude PrivateHeaders -exclude Modules -exclude \*.tbd -strip-unsigned-binaries -strip-deterministic -strip-tool /Applications/Xcode.app/Contents/Developer/Toolchains/XcodeDefault.xctoolchain/usr/bin/strip -resolve-src-symlinks /Applications/Xcode.app/Contents/Developer/Platforms/iPhoneSimulator.platform/Developer/usr/lib/libXCTestSwiftSupport.dylib /Users/chrissotraidis/GitHub/caesarpad/build/ui-tests/Debug-iphonesimulator/CaesarPadUITests-Runner.app/Frameworks
warning: not stripping binary because it is signed: /Applications/Xcode.app/Contents/Developer/Platforms/iPhoneSimulator.platform/Developer/usr/lib/libXCTestSwiftSupport.dylib (in target 'CaesarPadUITests' from project 'CaesarPadUITestHarness')

Copy /Users/chrissotraidis/GitHub/caesarpad/build/ui-tests/Debug-iphonesimulator/CaesarPadUITests-Runner.app/Frameworks/XCTestSupport.framework /Applications/Xcode.app/Contents/Developer/Platforms/iPhoneSimulator.platform/Developer/Library/PrivateFrameworks/XCTestSupport.framework (in target 'CaesarPadUITests' from project 'CaesarPadUITestHarness')
    cd /Users/chrissotraidis/GitHub/caesarpad/tests/ui
    builtin-copy -exclude .DS_Store -exclude CVS -exclude .svn -exclude .git -exclude .hg -exclude Headers -exclude PrivateHeaders -exclude Modules -exclude \*.tbd -strip-unsigned-binaries -strip-deterministic -strip-tool /Applications/Xcode.app/Contents/Developer/Toolchains/XcodeDefault.xctoolchain/usr/bin/strip -resolve-src-symlinks /Applications/Xcode.app/Contents/Developer/Platforms/iPhoneSimulator.platform/Developer/Library/PrivateFrameworks/XCTestSupport.framework /Users/chrissotraidis/GitHub/caesarpad/build/ui-tests/Debug-iphonesimulator/CaesarPadUITests-Runner.app/Frameworks
warning: not stripping binary because it is signed: /Applications/Xcode.app/Contents/Developer/Platforms/iPhoneSimulator.platform/Developer/Library/PrivateFrameworks/XCTestSupport.framework/XCTestSupport (in target 'CaesarPadUITests' from project 'CaesarPadUITestHarness')

Copy /Users/chrissotraidis/GitHub/caesarpad/build/ui-tests/Debug-iphonesimulator/CaesarPadUITests-Runner.app/Frameworks/XCTestCore.framework /Applications/Xcode.app/Contents/Developer/Platforms/iPhoneSimulator.platform/Developer/Library/PrivateFrameworks/XCTestCore.framework (in target 'CaesarPadUITests' from project 'CaesarPadUITestHarness')
    cd /Users/chrissotraidis/GitHub/caesarpad/tests/ui
    builtin-copy -exclude .DS_Store -exclude CVS -exclude .svn -exclude .git -exclude .hg -exclude Headers -exclude PrivateHeaders -exclude Modules -exclude \*.tbd -strip-unsigned-binaries -strip-deterministic -strip-tool /Applications/Xcode.app/Contents/Developer/Toolchains/XcodeDefault.xctoolchain/usr/bin/strip -resolve-src-symlinks /Applications/Xcode.app/Contents/Developer/Platforms/iPhoneSimulator.platform/Developer/Library/PrivateFrameworks/XCTestCore.framework /Users/chrissotraidis/GitHub/caesarpad/build/ui-tests/Debug-iphonesimulator/CaesarPadUITests-Runner.app/Frameworks
warning: not stripping binary because it is signed: /Applications/Xcode.app/Contents/Developer/Platforms/iPhoneSimulator.platform/Developer/Library/PrivateFrameworks/XCTestCore.framework/XCTestCore (in target 'CaesarPadUITests' from project 'CaesarPadUITestHarness')

Copy /Users/chrissotraidis/GitHub/caesarpad/build/ui-tests/Debug-iphonesimulator/CaesarPadUITests-Runner.app/Frameworks/XCTest.framework /Applications/Xcode.app/Contents/Developer/Platforms/iPhoneSimulator.platform/Developer/Library/Frameworks/XCTest.framework (in target 'CaesarPadUITests' from project 'CaesarPadUITestHarness')
    cd /Users/chrissotraidis/GitHub/caesarpad/tests/ui
    builtin-copy -exclude .DS_Store -exclude CVS -exclude .svn -exclude .git -exclude .hg -exclude Headers -exclude PrivateHeaders -exclude Modules -exclude \*.tbd -strip-unsigned-binaries -strip-deterministic -strip-tool /Applications/Xcode.app/Contents/Developer/Toolchains/XcodeDefault.xctoolchain/usr/bin/strip -resolve-src-symlinks /Applications/Xcode.app/Contents/Developer/Platforms/iPhoneSimulator.platform/Developer/Library/Frameworks/XCTest.framework /Users/chrissotraidis/GitHub/caesarpad/build/ui-tests/Debug-iphonesimulator/CaesarPadUITests-Runner.app/Frameworks
warning: not stripping binary because it is signed: /Applications/Xcode.app/Contents/Developer/Platforms/iPhoneSimulator.platform/Developer/Library/Frameworks/XCTest.framework/XCTest (in target 'CaesarPadUITests' from project 'CaesarPadUITestHarness')

Copy /Users/chrissotraidis/GitHub/caesarpad/build/ui-tests/Debug-iphonesimulator/CaesarPadUITests-Runner.app/Frameworks/XCTAutomationSupport.framework /Applications/Xcode.app/Contents/Developer/Platforms/iPhoneSimulator.platform/Developer/Library/PrivateFrameworks/XCTAutomationSupport.framework (in target 'CaesarPadUITests' from project 'CaesarPadUITestHarness')
    cd /Users/chrissotraidis/GitHub/caesarpad/tests/ui
    builtin-copy -exclude .DS_Store -exclude CVS -exclude .svn -exclude .git -exclude .hg -exclude Headers -exclude PrivateHeaders -exclude Modules -exclude \*.tbd -strip-unsigned-binaries -strip-deterministic -strip-tool /Applications/Xcode.app/Contents/Developer/Toolchains/XcodeDefault.xctoolchain/usr/bin/strip -resolve-src-symlinks /Applications/Xcode.app/Contents/Developer/Platforms/iPhoneSimulator.platform/Developer/Library/PrivateFrameworks/XCTAutomationSupport.framework /Users/chrissotraidis/GitHub/caesarpad/build/ui-tests/Debug-iphonesimulator/CaesarPadUITests-Runner.app/Frameworks
warning: not stripping binary because it is signed: /Applications/Xcode.app/Contents/Developer/Platforms/iPhoneSimulator.platform/Developer/Library/PrivateFrameworks/XCTAutomationSupport.framework/XCTAutomationSupport (in target 'CaesarPadUITests' from project 'CaesarPadUITestHarness')

Copy /Users/chrissotraidis/GitHub/caesarpad/build/ui-tests/Debug-iphonesimulator/CaesarPadUITests-Runner.app/Frameworks/Testing.framework /Applications/Xcode.app/Contents/Developer/Platforms/iPhoneSimulator.platform/Developer/Library/Frameworks/Testing.framework (in target 'CaesarPadUITests' from project 'CaesarPadUITestHarness')
    cd /Users/chrissotraidis/GitHub/caesarpad/tests/ui
    builtin-copy -exclude .DS_Store -exclude CVS -exclude .svn -exclude .git -exclude .hg -exclude Headers -exclude PrivateHeaders -exclude Modules -exclude \*.tbd -strip-unsigned-binaries -strip-deterministic -strip-tool /Applications/Xcode.app/Contents/Developer/Toolchains/XcodeDefault.xctoolchain/usr/bin/strip -resolve-src-symlinks /Applications/Xcode.app/Contents/Developer/Platforms/iPhoneSimulator.platform/Developer/Library/Frameworks/Testing.framework /Users/chrissotraidis/GitHub/caesarpad/build/ui-tests/Debug-iphonesimulator/CaesarPadUITests-Runner.app/Frameworks
warning: not stripping binary because it is signed: /Applications/Xcode.app/Contents/Developer/Platforms/iPhoneSimulator.platform/Developer/Library/Frameworks/Testing.framework/Testing (in target 'CaesarPadUITests' from project 'CaesarPadUITestHarness')

RegisterExecutionPolicyException /Users/chrissotraidis/GitHub/caesarpad/build/ui-tests/Debug-iphonesimulator/CaesarPadUITests-Runner.app/PlugIns/CaesarPadUITests.xctest (in target 'CaesarPadUITests' from project 'CaesarPadUITestHarness')
    cd /Users/chrissotraidis/GitHub/caesarpad/tests/ui
    builtin-RegisterExecutionPolicyException /Users/chrissotraidis/GitHub/caesarpad/build/ui-tests/Debug-iphonesimulator/CaesarPadUITests-Runner.app/PlugIns/CaesarPadUITests.xctest

Touch /Users/chrissotraidis/GitHub/caesarpad/build/ui-tests/Debug-iphonesimulator/CaesarPadUITests-Runner.app/PlugIns/CaesarPadUITests.xctest (in target 'CaesarPadUITests' from project 'CaesarPadUITestHarness')
    cd /Users/chrissotraidis/GitHub/caesarpad/tests/ui
    /usr/bin/touch -c /Users/chrissotraidis/GitHub/caesarpad/build/ui-tests/Debug-iphonesimulator/CaesarPadUITests-Runner.app/PlugIns/CaesarPadUITests.xctest

note: Run script build phase 'Generate CMakeFiles/ZERO_CHECK' will be run during every build because the option to run the script phase "Based on dependency analysis" is unchecked. (in target 'ZERO_CHECK' from project 'CaesarPadUITestHarness')
2026-07-26 15:31:02.806811-0500 CaesarPadUITests-Runner[64858:26527642] [Default] Running tests...
    t =      nans Interface orientation changed to Landscape Right
Test Suite 'All tests' started at 2026-07-26 15:31:11.677.
Test Suite 'CaesarPadUITests.xctest' started at 2026-07-26 15:31:11.680.
Test Suite 'CaesarPadUITests' started at 2026-07-26 15:31:11.681.
Test Case '-[CaesarPadUITests.CaesarPadUITests testPlayableMissionFlow]' started.
    t =     0.05s Start Test at 2026-07-26 15:31:11.736
    t =     0.31s Set Up
    t =     0.32s Open com.github.keriew.augustus
    t =     0.34s     Launch com.github.keriew.augustus
    t =     0.34s         Terminate com.github.keriew.augustus:64024
    t =     1.87s         Setting up automation session
    t =     4.20s         Wait for com.github.keriew.augustus to idle
    t =    12.78s Wait for com.github.keriew.augustus to become Running Foreground
    t =    12.79s Find the Application 'com.github.keriew.augustus'
    t =    13.14s Find the Application 'com.github.keriew.augustus'
    t =    14.08s Added attachment named '00-landscape-launch'
    t =    14.11s Tap Application 'com.github.keriew.augustus'[0.53, 0.45]
    t =    14.11s     Wait for com.github.keriew.augustus to idle
    t =    14.19s     Find the Application 'com.github.keriew.augustus'
    t =    14.31s     Check for interrupting elements affecting "Augustus" Application
    t =    14.49s     Synthesize event
    t =    14.51s         Find the Application 'com.github.keriew.augustus'
    t =    14.58s         Find the Application 'com.github.keriew.augustus'
    t =    14.70s         Find the Application 'com.github.keriew.augustus'
    t =    15.20s     Wait for com.github.keriew.augustus to idle
    t =    15.76s Tap Application 'com.github.keriew.augustus'[0.50, 0.52]
    t =    15.77s     Wait for com.github.keriew.augustus to idle
    t =    15.78s     Find the Application 'com.github.keriew.augustus'
    t =    15.91s     Check for interrupting elements affecting "Augustus" Application
    t =    16.00s     Synthesize event
    t =    16.03s         Find the Application 'com.github.keriew.augustus'
    t =    16.09s         Find the Application 'com.github.keriew.augustus'
    t =    16.31s         Find the Application 'com.github.keriew.augustus'
    t =    16.74s     Wait for com.github.keriew.augustus to idle
    t =    20.46s Added attachment named '01-title'
    t =    20.47s Tap Application 'com.github.keriew.augustus'[0.50, 0.53]
    t =    20.47s     Wait for com.github.keriew.augustus to idle
    t =    20.50s     Find the Application 'com.github.keriew.augustus'
    t =    20.61s     Check for interrupting elements affecting "Augustus" Application
    t =    20.72s     Synthesize event
    t =    20.74s         Find the Application 'com.github.keriew.augustus'
    t =    20.84s         Find the Application 'com.github.keriew.augustus'
    t =    20.99s         Find the Application 'com.github.keriew.augustus'
    t =    21.38s     Wait for com.github.keriew.augustus to idle
    t =    24.62s Added attachment named '02-main-menu'
    t =    24.63s Tap Application 'com.github.keriew.augustus'[0.50, 0.38]
    t =    24.65s     Wait for com.github.keriew.augustus to idle
    t =    24.74s     Find the Application 'com.github.keriew.augustus'
    t =    24.87s     Check for interrupting elements affecting "Augustus" Application
    t =    25.03s     Synthesize event
    t =    25.05s         Find the Application 'com.github.keriew.augustus'
    t =    25.13s         Find the Application 'com.github.keriew.augustus'
    t =    25.32s         Find the Application 'com.github.keriew.augustus'
    t =    25.77s     Wait for com.github.keriew.augustus to idle
    t =    28.23s Tap Application 'com.github.keriew.augustus'[0.68, 0.75]
    t =    28.23s     Wait for com.github.keriew.augustus to idle
    t =    28.29s     Find the Application 'com.github.keriew.augustus'
    t =    28.44s     Check for interrupting elements affecting "Augustus" Application
    t =    28.58s     Synthesize event
    t =    28.61s         Find the Application 'com.github.keriew.augustus'
    t =    28.74s         Find the Application 'com.github.keriew.augustus'
    t =    28.86s         Find the Application 'com.github.keriew.augustus'
    t =    29.27s     Wait for com.github.keriew.augustus to idle
    t =    33.38s Added attachment named '03-mission-briefing'
    t =    33.46s Tap Application 'com.github.keriew.augustus'[0.67, 0.85]
    t =    33.46s     Wait for com.github.keriew.augustus to idle
    t =    33.55s     Find the Application 'com.github.keriew.augustus'
    t =    33.65s     Check for interrupting elements affecting "Augustus" Application
    t =    33.75s     Synthesize event
    t =    33.78s         Find the Application 'com.github.keriew.augustus'
    t =    33.85s         Find the Application 'com.github.keriew.augustus'
    t =    34.01s         Find the Application 'com.github.keriew.augustus'
    t =    34.49s     Wait for com.github.keriew.augustus to idle
    t =    38.54s Tap Application 'com.github.keriew.augustus'[0.61, 0.56]
    t =    38.58s     Wait for com.github.keriew.augustus to idle
    t =    38.66s     Find the Application 'com.github.keriew.augustus'
    t =    38.79s     Check for interrupting elements affecting "Augustus" Application
    t =    39.01s     Synthesize event
    t =    39.07s         Find the Application 'com.github.keriew.augustus'
    t =    39.15s         Find the Application 'com.github.keriew.augustus'
    t =    39.38s         Find the Application 'com.github.keriew.augustus'
    t =    39.81s     Wait for com.github.keriew.augustus to idle
    t =    43.47s Added attachment named '04-mission-started'
    t =    43.48s Tap Application 'com.github.keriew.augustus'[0.90, 0.38]
    t =    43.48s     Wait for com.github.keriew.augustus to idle
    t =    43.50s     Find the Application 'com.github.keriew.augustus'
    t =    43.68s     Check for interrupting elements affecting "Augustus" Application
    t =    43.83s     Synthesize event
    t =    43.86s         Find the Application 'com.github.keriew.augustus'
    t =    43.92s         Find the Application 'com.github.keriew.augustus'
    t =    44.17s         Find the Application 'com.github.keriew.augustus'
    t =    44.66s     Wait for com.github.keriew.augustus to idle
    t =    47.27s Added attachment named '05-tap-selected-housing'
    t =    49.09s Tap Application 'com.github.keriew.augustus'[0.39, 0.24]
    t =    49.09s     Wait for com.github.keriew.augustus to idle
    t =    49.14s     Find the Application 'com.github.keriew.augustus'
    t =    49.32s     Check for interrupting elements affecting "Augustus" Application
    t =    49.48s     Synthesize event
    t =    49.51s         Find the Application 'com.github.keriew.augustus'
    t =    49.58s         Find the Application 'com.github.keriew.augustus'
    t =    49.75s         Find the Application 'com.github.keriew.augustus'
    t =    50.25s     Wait for com.github.keriew.augustus to idle
    t =    50.85s Tap Application 'com.github.keriew.augustus'[0.39, 0.24]
    t =    50.86s     Wait for com.github.keriew.augustus to idle
    t =    50.90s     Find the Application 'com.github.keriew.augustus'
    t =    51.14s     Check for interrupting elements affecting "Augustus" Application
    t =    51.29s     Synthesize event
    t =    51.36s         Find the Application 'com.github.keriew.augustus'
    t =    51.42s         Find the Application 'com.github.keriew.augustus'
    t =    51.66s         Find the Application 'com.github.keriew.augustus'
    t =    52.06s     Wait for com.github.keriew.augustus to idle
    t =    54.56s Added attachment named '06-building-placed'
    t =    57.76s Added attachment named '07-cancel-before'
    t =    57.78s Tap Application 'com.github.keriew.augustus'[0.82, 0.06]
    t =    57.79s     Wait for com.github.keriew.augustus to idle
    t =    57.80s     Find the Application 'com.github.keriew.augustus'
    t =    57.94s     Check for interrupting elements affecting "Augustus" Application
    t =    58.15s     Synthesize event
    t =    58.18s         Find the Application 'com.github.keriew.augustus'
    t =    58.24s         Find the Application 'com.github.keriew.augustus'
    t =    58.36s         Find the Application 'com.github.keriew.augustus'
    t =    58.81s     Wait for com.github.keriew.augustus to idle
    t =    61.52s Tap Application 'com.github.keriew.augustus'[0.83, 0.06]
    t =    61.52s     Wait for com.github.keriew.augustus to idle
    t =    61.56s     Find the Application 'com.github.keriew.augustus'
    t =    61.72s     Check for interrupting elements affecting "Augustus" Application
    t =    61.88s     Synthesize event
    t =    61.91s         Find the Application 'com.github.keriew.augustus'
    t =    62.02s         Find the Application 'com.github.keriew.augustus'
    t =    62.19s         Find the Application 'com.github.keriew.augustus'
    t =    62.69s     Wait for com.github.keriew.augustus to idle
    t =    67.25s Added attachment named '07-pan-before'
    t =    67.26s Press Application 'com.github.keriew.augustus'[0.36, 0.42] for 0.2 seconds, then drag to Application 'com.github.keriew.augustus'[0.60, 0.56] with velocity of 250.00 pixels per second, and then hold for 0.1 seconds
    t =    67.28s     Wait for com.github.keriew.augustus to idle
    t =    67.36s     Find the Application 'com.github.keriew.augustus'
    t =    67.53s     Check for interrupting elements affecting "Augustus" Application
    t =    67.72s     Synthesize event
    t =    67.79s         Find the Application 'com.github.keriew.augustus'
    t =    67.89s         Find the Application 'com.github.keriew.augustus'
    t =    68.01s         Find the Application 'com.github.keriew.augustus'
    t =    68.11s         Find the Application 'com.github.keriew.augustus'
    t =    68.35s         Find the Application 'com.github.keriew.augustus'
    t =    70.34s     Wait for com.github.keriew.augustus to idle
    t =    72.83s Added attachment named '08-pan-after'
    t =    75.71s Added attachment named '09-speed-before'
    t =    75.74s Tap Application 'com.github.keriew.augustus'[0.90, 0.61]
    t =    75.74s     Wait for com.github.keriew.augustus to idle
    t =    75.78s     Find the Application 'com.github.keriew.augustus'
    t =    75.93s     Check for interrupting elements affecting "Augustus" Application
    t =    76.03s     Synthesize event
    t =    76.09s         Find the Application 'com.github.keriew.augustus'
    t =    76.28s         Find the Application 'com.github.keriew.augustus'
    t =    76.63s         Find the Application 'com.github.keriew.augustus'
    t =    77.13s     Wait for com.github.keriew.augustus to idle
    t =    80.19s Added attachment named '10-speed-changed'
    t =    81.67s Tap Application 'com.github.keriew.augustus'[0.97, 0.61]
    t =    81.67s     Wait for com.github.keriew.augustus to idle
    t =    81.76s     Find the Application 'com.github.keriew.augustus'
    t =    81.88s     Check for interrupting elements affecting "Augustus" Application
    t =    81.99s     Synthesize event
    t =    82.09s         Find the Application 'com.github.keriew.augustus'
    t =    82.22s         Find the Application 'com.github.keriew.augustus'
    t =    82.40s         Find the Application 'com.github.keriew.augustus'
    t =    82.82s     Wait for com.github.keriew.augustus to idle
    t =    85.60s Added attachment named '11-paused'
    t =    92.28s Added attachment named '12-pause-held'
    t =    93.51s Tear Down
Test Case '-[CaesarPadUITests.CaesarPadUITests testPlayableMissionFlow]' passed (93.858 seconds).
Test Suite 'CaesarPadUITests' passed at 2026-07-26 15:32:45.594.
	 Executed 1 test, with 0 failures (0 unexpected) in 93.858 (93.912) seconds
Test Suite 'CaesarPadUITests.xctest' passed at 2026-07-26 15:32:45.595.
	 Executed 1 test, with 0 failures (0 unexpected) in 93.858 (93.915) seconds
Test Suite 'All tests' passed at 2026-07-26 15:32:45.597.
	 Executed 1 test, with 0 failures (0 unexpected) in 93.858 (93.921) seconds
2026-07-26 15:32:47.318 xcodebuild[64744:26526375] [MT] IDETestOperationsObserverDebug: 119.401 elapsed -- Testing started completed.
2026-07-26 15:32:47.318 xcodebuild[64744:26526375] [MT] IDETestOperationsObserverDebug: 0.000 sec, +0.000 sec -- start
2026-07-26 15:32:47.318 xcodebuild[64744:26526375] [MT] IDETestOperationsObserverDebug: 119.401 sec, +119.401 sec -- end

Test session results, code coverage, and logs:
	/Users/chrissotraidis/GitHub/caesarpad/artifacts/g4/playable-flow-pass-2.xcresult

** TEST SUCCEEDED **

Testing started
Saved UI-test results to artifacts/g4/playable-flow-pass-2.xcresult
